#
# There is insufficient memory for the Java Runtime Environment to continue.
# Native memory allocation (malloc) failed to allocate 32744 bytes for Chunk::new
# Possible reasons:
#   The system is out of physical RAM or swap space
#   The process is running with CompressedOops enabled, and the Java Heap may be blocking the growth of the native heap
# Possible solutions:
#   Reduce memory load on the system
#   Increase physical memory or swap space
#   Check if swap backing store is full
#   Decrease Java heap size (-Xmx/-Xms)
#   Decrease number of Java threads
#   Decrease Java thread stack sizes (-Xss)
#   Set larger code cache with -XX:ReservedCodeCacheSize=
#   JVM is running with Unscaled Compressed Oops mode in which the Java heap is
#     placed in the first 4GB address space. The Java Heap base address is the
#     maximum limit for the native heap growth. Please use -XX:HeapBaseMinAddress
#     to set the Java Heap base and to place the Java Heap above 4GB virtual address.
# This output file may be truncated or incomplete.
#
#  Out of Memory Error (arena.cpp:168), pid=14228, tid=2676
#
# JRE version: Java(TM) SE Runtime Environment (21.0.7+8) (build 21.0.7+8-LTS-245)
# Java VM: Java HotSpot(TM) 64-Bit Server VM (21.0.7+8-LTS-245, mixed mode, sharing, tiered, compressed oops, compressed class ptrs, g1 gc, windows-amd64)
# No core dump will be written. Minidumps are not enabled by default on client versions of Windows
#

---------------  S U M M A R Y ------------

Command Line: -Xmx64m -Xms64m -Dorg.gradle.appname=gradlew C:/Users/jinwo/jobfit/gradle/wrapper/gradle-wrapper.jar test --tests com.jinwoo.jobfit.domain.evaluation.service.ScoreCalculatorTest --rerun --no-daemon -Dorg.gradle.jvmargs=-Xmx256m

Host: 13th Gen Intel(R) Core(TM) i7-1355U, 12 cores, 15G,  Windows 11 , 64 bit Build 26100 (10.0.26100.9168)
Time: Sat Aug 15 14:15:52 2026  Windows 11 , 64 bit Build 26100 (10.0.26100.9168) elapsed time: 5.445301 seconds (0d 0h 0m 5s)

---------------  T H R E A D  ---------------

Current thread (0x00000249fc8a7410):  JavaThread "C1 CompilerThread0" daemon [_thread_in_native, id=2676, stack(0x000000567e300000,0x000000567e400000) (1024K)]


Current CompileTask:
C1:   5445 1580       3       jdk.internal.org.objectweb.asm.Frame::execute (2305 bytes)

Stack: [0x000000567e300000,0x000000567e400000]
Native frames: (J=compiled Java code, j=interpreted, Vv=VM code, C=native code)
V  [jvm.dll+0x6cae19]
V  [jvm.dll+0x855741]
V  [jvm.dll+0x857c6e]
V  [jvm.dll+0x858343]
V  [jvm.dll+0x27e0b6]
V  [jvm.dll+0xc4ecd]
V  [jvm.dll+0xc5403]
V  [jvm.dll+0x19a345]
V  [jvm.dll+0x198c3c]
V  [jvm.dll+0x153873]
V  [jvm.dll+0x1530b8]
V  [jvm.dll+0x153304]
V  [jvm.dll+0x152736]
V  [jvm.dll+0x15450d]
V  [jvm.dll+0x255819]
V  [jvm.dll+0x253daa]
V  [jvm.dll+0x3eebb6]
V  [jvm.dll+0x7ffa1b]
V  [jvm.dll+0x6c94fd]
C  [ucrtbase.dll+0x2cd30]
C  [KERNEL32.DLL+0x2ccb7]
C  [ntdll.dll+0xaad6c]


---------------  P R O C E S S  ---------------

Threads class SMR info:
_java_thread_list=0x00000249ddd3cf50, length=12, elements={
0x00000249f956b5f0, 0x00000249fc87cf20, 0x00000249fc87db70, 0x00000249fc886df0,
0x00000249fc889c00, 0x00000249fc88a650, 0x00000249fc896ed0, 0x00000249fc89aee0,
0x00000249fc8a7410, 0x00000249fc8961b0, 0x00000249fc897bf0, 0x00000249fc898910
}

Java Threads: ( => current thread )
  0x00000249f956b5f0 JavaThread "main"                              [_thread_in_vm, id=23148, stack(0x000000567d400000,0x000000567d500000) (1024K)]
  0x00000249fc87cf20 JavaThread "Reference Handler"          daemon [_thread_blocked, id=16948, stack(0x000000567dc00000,0x000000567dd00000) (1024K)]
  0x00000249fc87db70 JavaThread "Finalizer"                  daemon [_thread_blocked, id=8292, stack(0x000000567dd00000,0x000000567de00000) (1024K)]
  0x00000249fc886df0 JavaThread "Signal Dispatcher"          daemon [_thread_blocked, id=21976, stack(0x000000567de00000,0x000000567df00000) (1024K)]
  0x00000249fc889c00 JavaThread "Attach Listener"            daemon [_thread_blocked, id=23204, stack(0x000000567df00000,0x000000567e000000) (1024K)]
  0x00000249fc88a650 JavaThread "Service Thread"             daemon [_thread_blocked, id=23368, stack(0x000000567e000000,0x000000567e100000) (1024K)]
  0x00000249fc896ed0 JavaThread "Monitor Deflation Thread"   daemon [_thread_blocked, id=16452, stack(0x000000567e100000,0x000000567e200000) (1024K)]
  0x00000249fc89aee0 JavaThread "C2 CompilerThread0"         daemon [_thread_blocked, id=3108, stack(0x000000567e200000,0x000000567e300000) (1024K)]
=>0x00000249fc8a7410 JavaThread "C1 CompilerThread0"         daemon [_thread_in_native, id=2676, stack(0x000000567e300000,0x000000567e400000) (1024K)]
  0x00000249fc8961b0 JavaThread "Notification Thread"        daemon [_thread_blocked, id=20232, stack(0x000000567e400000,0x000000567e500000) (1024K)]
  0x00000249fc897bf0 JavaThread "Common-Cleaner"             daemon [_thread_blocked, id=2148, stack(0x000000567e500000,0x000000567e600000) (1024K)]
  0x00000249fc898910 Thread "Unknown thread"                        [id=8124, stack(0x000000567ec00000,0x000000567ed00000) (1024K)]
Total: 12

Other Threads:
  0x00000249fc860310 VMThread "VM Thread"                           [id=21160, stack(0x000000567db00000,0x000000567dc00000) (1024K)]
  0x00000249fc84dd50 WatcherThread "VM Periodic Task Thread"        [id=17696, stack(0x000000567da00000,0x000000567db00000) (1024K)]
  0x00000249f9583180 WorkerThread "GC Thread#0"                     [id=13612, stack(0x000000567d500000,0x000000567d600000) (1024K)]
  0x00000249fc85ff70 WorkerThread "GC Thread#1"                     [id=5688, stack(0x000000567e700000,0x000000567e800000) (1024K)]
  0x00000249fc85ed50 WorkerThread "GC Thread#2"                     [id=9172, stack(0x000000567e800000,0x000000567e900000) (1024K)]
  0x00000249fc85f0f0 WorkerThread "GC Thread#3"                     [id=10032, stack(0x000000567e900000,0x000000567ea00000) (1024K)]
  0x00000249fc85f490 WorkerThread "GC Thread#4"                     [id=18944, stack(0x000000567ea00000,0x000000567eb00000) (1024K)]
  0x00000249fc85f830 WorkerThread "GC Thread#5"                     [id=21800, stack(0x000000567eb00000,0x000000567ec00000) (1024K)]
  0x00000249f9584960 ConcurrentGCThread "G1 Main Marker"            [id=21604, stack(0x000000567d600000,0x000000567d700000) (1024K)]
  0x00000249f95862e0 WorkerThread "G1 Conc#0"                       [id=22100, stack(0x000000567d700000,0x000000567d800000) (1024K)]
  0x00000249f961f220 ConcurrentGCThread "G1 Refine#0"               [id=20608, stack(0x000000567d800000,0x000000567d900000) (1024K)]
  0x00000249f961fc30 ConcurrentGCThread "G1 Service"                [id=16268, stack(0x000000567d900000,0x000000567da00000) (1024K)]
Total: 12

Threads with active compile tasks:
C1 CompilerThread0     5479 1580       3       jdk.internal.org.objectweb.asm.Frame::execute (2305 bytes)
Total: 1

VM state: not at safepoint (normal execution)

VM Mutex/Monitor currently owned by a thread: None

Heap address: 0x00000000fc000000, size: 64 MB, Compressed Oops mode: 32-bit

CDS archive(s) mapped at: [0x0000024998000000-0x0000024998c90000-0x0000024998c90000), size 13172736, SharedBaseAddress: 0x0000024998000000, ArchiveRelocationMode: 1.
Compressed class space mapped at: 0x0000024999000000-0x00000249d9000000, reserved size: 1073741824
Narrow klass base: 0x0000024998000000, Narrow klass shift: 0, Narrow klass range: 0x100000000

GC Precious Log:
 CardTable entry size: 512
 Card Set container configuration: InlinePtr #cards 5 size 8 Array Of Cards #cards 12 size 40 Howl #buckets 4 coarsen threshold 1843 Howl Bitmap #cards 512 size 80 coarsen threshold 460 Card regions per heap region 1 cards per card region 2048
 CPUs: 12 total, 12 available
 Memory: 16067M
 Large Page Support: Disabled
 NUMA Support: Disabled
 Compressed Oops: Enabled (32-bit)
 Heap Region Size: 1M
 Heap Min Capacity: 64M
 Heap Initial Capacity: 64M
 Heap Max Capacity: 64M
 Pre-touch: Disabled
 Parallel Workers: 10
 Concurrent Workers: 3
 Concurrent Refinement Workers: 10
 Periodic GC: Disabled

Heap:
 garbage-first heap   total 65536K, used 34521K [0x00000000fc000000, 0x0000000100000000)
  region size 1024K, 28 young (28672K), 3 survivors (3072K)
 Metaspace       used 10637K, committed 10944K, reserved 1114112K
  class space    used 1393K, committed 1536K, reserved 1048576K

Heap Regions: E=young(eden), S=young(survivor), O=old, HS=humongous(starts), HC=humongous(continues), CS=collection set, F=free, TAMS=top-at-mark-start, PB=parsable bottom
|   0|0x00000000fc000000, 0x00000000fc100000, 0x00000000fc100000|100%| O|  |TAMS 0x00000000fc000000| PB 0x00000000fc000000| Untracked 
|   1|0x00000000fc100000, 0x00000000fc200000, 0x00000000fc200000|100%| O|  |TAMS 0x00000000fc100000| PB 0x00000000fc100000| Untracked 
|   2|0x00000000fc200000, 0x00000000fc2b6620, 0x00000000fc300000| 71%| O|  |TAMS 0x00000000fc200000| PB 0x00000000fc200000| Untracked 
|   3|0x00000000fc300000, 0x00000000fc400000, 0x00000000fc400000|100%|HS|  |TAMS 0x00000000fc300000| PB 0x00000000fc300000| Complete 
|   4|0x00000000fc400000, 0x00000000fc500000, 0x00000000fc500000|100%|HC|  |TAMS 0x00000000fc400000| PB 0x00000000fc400000| Complete 
|   5|0x00000000fc500000, 0x00000000fc600000, 0x00000000fc600000|100%|HC|  |TAMS 0x00000000fc500000| PB 0x00000000fc500000| Complete 
|   6|0x00000000fc600000, 0x00000000fc700000, 0x00000000fc700000|100%|HC|  |TAMS 0x00000000fc600000| PB 0x00000000fc600000| Complete 
|   7|0x00000000fc700000, 0x00000000fc700000, 0x00000000fc800000|  0%| F|  |TAMS 0x00000000fc700000| PB 0x00000000fc700000| Untracked 
|   8|0x00000000fc800000, 0x00000000fc800000, 0x00000000fc900000|  0%| F|  |TAMS 0x00000000fc800000| PB 0x00000000fc800000| Untracked 
|   9|0x00000000fc900000, 0x00000000fc900000, 0x00000000fca00000|  0%| F|  |TAMS 0x00000000fc900000| PB 0x00000000fc900000| Untracked 
|  10|0x00000000fca00000, 0x00000000fca00000, 0x00000000fcb00000|  0%| F|  |TAMS 0x00000000fca00000| PB 0x00000000fca00000| Untracked 
|  11|0x00000000fcb00000, 0x00000000fcb00000, 0x00000000fcc00000|  0%| F|  |TAMS 0x00000000fcb00000| PB 0x00000000fcb00000| Untracked 
|  12|0x00000000fcc00000, 0x00000000fcc00000, 0x00000000fcd00000|  0%| F|  |TAMS 0x00000000fcc00000| PB 0x00000000fcc00000| Untracked 
|  13|0x00000000fcd00000, 0x00000000fcd00000, 0x00000000fce00000|  0%| F|  |TAMS 0x00000000fcd00000| PB 0x00000000fcd00000| Untracked 
|  14|0x00000000fce00000, 0x00000000fce00000, 0x00000000fcf00000|  0%| F|  |TAMS 0x00000000fce00000| PB 0x00000000fce00000| Untracked 
|  15|0x00000000fcf00000, 0x00000000fcf00000, 0x00000000fd000000|  0%| F|  |TAMS 0x00000000fcf00000| PB 0x00000000fcf00000| Untracked 
|  16|0x00000000fd000000, 0x00000000fd000000, 0x00000000fd100000|  0%| F|  |TAMS 0x00000000fd000000| PB 0x00000000fd000000| Untracked 
|  17|0x00000000fd100000, 0x00000000fd100000, 0x00000000fd200000|  0%| F|  |TAMS 0x00000000fd100000| PB 0x00000000fd100000| Untracked 
|  18|0x00000000fd200000, 0x00000000fd200000, 0x00000000fd300000|  0%| F|  |TAMS 0x00000000fd200000| PB 0x00000000fd200000| Untracked 
|  19|0x00000000fd300000, 0x00000000fd300000, 0x00000000fd400000|  0%| F|  |TAMS 0x00000000fd300000| PB 0x00000000fd300000| Untracked 
|  20|0x00000000fd400000, 0x00000000fd400000, 0x00000000fd500000|  0%| F|  |TAMS 0x00000000fd400000| PB 0x00000000fd400000| Untracked 
|  21|0x00000000fd500000, 0x00000000fd500000, 0x00000000fd600000|  0%| F|  |TAMS 0x00000000fd500000| PB 0x00000000fd500000| Untracked 
|  22|0x00000000fd600000, 0x00000000fd600000, 0x00000000fd700000|  0%| F|  |TAMS 0x00000000fd600000| PB 0x00000000fd600000| Untracked 
|  23|0x00000000fd700000, 0x00000000fd700000, 0x00000000fd800000|  0%| F|  |TAMS 0x00000000fd700000| PB 0x00000000fd700000| Untracked 
|  24|0x00000000fd800000, 0x00000000fd800000, 0x00000000fd900000|  0%| F|  |TAMS 0x00000000fd800000| PB 0x00000000fd800000| Untracked 
|  25|0x00000000fd900000, 0x00000000fd900000, 0x00000000fda00000|  0%| F|  |TAMS 0x00000000fd900000| PB 0x00000000fd900000| Untracked 
|  26|0x00000000fda00000, 0x00000000fda00000, 0x00000000fdb00000|  0%| F|  |TAMS 0x00000000fda00000| PB 0x00000000fda00000| Untracked 
|  27|0x00000000fdb00000, 0x00000000fdb00000, 0x00000000fdc00000|  0%| F|  |TAMS 0x00000000fdb00000| PB 0x00000000fdb00000| Untracked 
|  28|0x00000000fdc00000, 0x00000000fdc00000, 0x00000000fdd00000|  0%| F|  |TAMS 0x00000000fdc00000| PB 0x00000000fdc00000| Untracked 
|  29|0x00000000fdd00000, 0x00000000fdd00000, 0x00000000fde00000|  0%| F|  |TAMS 0x00000000fdd00000| PB 0x00000000fdd00000| Untracked 
|  30|0x00000000fde00000, 0x00000000fde00000, 0x00000000fdf00000|  0%| F|  |TAMS 0x00000000fde00000| PB 0x00000000fde00000| Untracked 
|  31|0x00000000fdf00000, 0x00000000fdf00000, 0x00000000fe000000|  0%| F|  |TAMS 0x00000000fdf00000| PB 0x00000000fdf00000| Untracked 
|  32|0x00000000fe000000, 0x00000000fe000000, 0x00000000fe100000|  0%| F|  |TAMS 0x00000000fe000000| PB 0x00000000fe000000| Untracked 
|  33|0x00000000fe100000, 0x00000000fe100000, 0x00000000fe200000|  0%| F|  |TAMS 0x00000000fe100000| PB 0x00000000fe100000| Untracked 
|  34|0x00000000fe200000, 0x00000000fe200000, 0x00000000fe300000|  0%| F|  |TAMS 0x00000000fe200000| PB 0x00000000fe200000| Untracked 
|  35|0x00000000fe300000, 0x00000000fe300000, 0x00000000fe400000|  0%| F|  |TAMS 0x00000000fe300000| PB 0x00000000fe300000| Untracked 
|  36|0x00000000fe400000, 0x00000000fe4843b8, 0x00000000fe500000| 51%| E|  |TAMS 0x00000000fe400000| PB 0x00000000fe400000| Complete 
|  37|0x00000000fe500000, 0x00000000fe600000, 0x00000000fe600000|100%| E|CS|TAMS 0x00000000fe500000| PB 0x00000000fe500000| Complete 
|  38|0x00000000fe600000, 0x00000000fe700000, 0x00000000fe700000|100%| S|CS|TAMS 0x00000000fe600000| PB 0x00000000fe600000| Complete 
|  39|0x00000000fe700000, 0x00000000fe800000, 0x00000000fe800000|100%| S|CS|TAMS 0x00000000fe700000| PB 0x00000000fe700000| Complete 
|  40|0x00000000fe800000, 0x00000000fe900000, 0x00000000fe900000|100%| S|CS|TAMS 0x00000000fe800000| PB 0x00000000fe800000| Complete 
|  41|0x00000000fe900000, 0x00000000fea00000, 0x00000000fea00000|100%| E|CS|TAMS 0x00000000fe900000| PB 0x00000000fe900000| Complete 
|  42|0x00000000fea00000, 0x00000000feb00000, 0x00000000feb00000|100%| E|CS|TAMS 0x00000000fea00000| PB 0x00000000fea00000| Complete 
|  43|0x00000000feb00000, 0x00000000fec00000, 0x00000000fec00000|100%| E|CS|TAMS 0x00000000feb00000| PB 0x00000000feb00000| Complete 
|  44|0x00000000fec00000, 0x00000000fed00000, 0x00000000fed00000|100%| E|CS|TAMS 0x00000000fec00000| PB 0x00000000fec00000| Complete 
|  45|0x00000000fed00000, 0x00000000fee00000, 0x00000000fee00000|100%| E|CS|TAMS 0x00000000fed00000| PB 0x00000000fed00000| Complete 
|  46|0x00000000fee00000, 0x00000000fef00000, 0x00000000fef00000|100%| E|CS|TAMS 0x00000000fee00000| PB 0x00000000fee00000| Complete 
|  47|0x00000000fef00000, 0x00000000ff000000, 0x00000000ff000000|100%| E|CS|TAMS 0x00000000fef00000| PB 0x00000000fef00000| Complete 
|  48|0x00000000ff000000, 0x00000000ff100000, 0x00000000ff100000|100%| E|CS|TAMS 0x00000000ff000000| PB 0x00000000ff000000| Complete 
|  49|0x00000000ff100000, 0x00000000ff200000, 0x00000000ff200000|100%| E|CS|TAMS 0x00000000ff100000| PB 0x00000000ff100000| Complete 
|  50|0x00000000ff200000, 0x00000000ff300000, 0x00000000ff300000|100%| E|CS|TAMS 0x00000000ff200000| PB 0x00000000ff200000| Complete 
|  51|0x00000000ff300000, 0x00000000ff400000, 0x00000000ff400000|100%| E|CS|TAMS 0x00000000ff300000| PB 0x00000000ff300000| Complete 
|  52|0x00000000ff400000, 0x00000000ff500000, 0x00000000ff500000|100%| E|CS|TAMS 0x00000000ff400000| PB 0x00000000ff400000| Complete 
|  53|0x00000000ff500000, 0x00000000ff600000, 0x00000000ff600000|100%| E|CS|TAMS 0x00000000ff500000| PB 0x00000000ff500000| Complete 
|  54|0x00000000ff600000, 0x00000000ff700000, 0x00000000ff700000|100%| E|CS|TAMS 0x00000000ff600000| PB 0x00000000ff600000| Complete 
|  55|0x00000000ff700000, 0x00000000ff800000, 0x00000000ff800000|100%| E|CS|TAMS 0x00000000ff700000| PB 0x00000000ff700000| Complete 
|  56|0x00000000ff800000, 0x00000000ff900000, 0x00000000ff900000|100%| E|CS|TAMS 0x00000000ff800000| PB 0x00000000ff800000| Complete 
|  57|0x00000000ff900000, 0x00000000ffa00000, 0x00000000ffa00000|100%| E|CS|TAMS 0x00000000ff900000| PB 0x00000000ff900000| Complete 
|  58|0x00000000ffa00000, 0x00000000ffb00000, 0x00000000ffb00000|100%| E|CS|TAMS 0x00000000ffa00000| PB 0x00000000ffa00000| Complete 
|  59|0x00000000ffb00000, 0x00000000ffc00000, 0x00000000ffc00000|100%| E|CS|TAMS 0x00000000ffb00000| PB 0x00000000ffb00000| Complete 
|  60|0x00000000ffc00000, 0x00000000ffd00000, 0x00000000ffd00000|100%| E|CS|TAMS 0x00000000ffc00000| PB 0x00000000ffc00000| Complete 
|  61|0x00000000ffd00000, 0x00000000ffe00000, 0x00000000ffe00000|100%| E|CS|TAMS 0x00000000ffd00000| PB 0x00000000ffd00000| Complete 
|  62|0x00000000ffe00000, 0x00000000fff00000, 0x00000000fff00000|100%| E|CS|TAMS 0x00000000ffe00000| PB 0x00000000ffe00000| Complete 
|  63|0x00000000fff00000, 0x0000000100000000, 0x0000000100000000|100%| E|CS|TAMS 0x00000000fff00000| PB 0x00000000fff00000| Complete 

Card table byte_map: [0x00000249f9480000,0x00000249f94a0000] _byte_map_base: 0x00000249f8ca0000

Marking Bits: (CMBitMap*) 0x00000249f9583880
 Bits: [0x00000249f9b80000, 0x00000249f9c80000)

Polling page: 0x00000249f7530000

Metaspace:

Usage:
  Non-class:      9.03 MB used.
      Class:      1.36 MB used.
       Both:     10.39 MB used.

Virtual space:
  Non-class space:       64.00 MB reserved,       9.19 MB ( 14%) committed,  1 nodes.
      Class space:        1.00 GB reserved,       1.50 MB ( <1%) committed,  1 nodes.
             Both:        1.06 GB reserved,      10.69 MB ( <1%) committed. 

Chunk freelists:
   Non-Class:  5.98 MB
       Class:  14.48 MB
        Both:  20.47 MB

MaxMetaspaceSize: unlimited
CompressedClassSpaceSize: 1.00 GB
Initial GC threshold: 21.00 MB
Current GC threshold: 21.00 MB
CDS: on
 - commit_granule_bytes: 65536.
 - commit_granule_words: 8192.
 - virtual_space_node_default_size: 8388608.
 - enlarge_chunks_in_place: 1.
 - use_allocation_guard: 0.


Internal statistics:

num_allocs_failed_limit: 0.
num_arena_births: 252.
num_arena_deaths: 0.
num_vsnodes_births: 2.
num_vsnodes_deaths: 0.
num_space_committed: 171.
num_space_uncommitted: 0.
num_chunks_returned_to_freelist: 0.
num_chunks_taken_from_freelist: 568.
num_chunk_merges: 0.
num_chunk_splits: 375.
num_chunks_enlarged: 267.
num_inconsistent_stats: 0.

CodeHeap 'non-profiled nmethods': size=120000Kb used=619Kb max_used=619Kb free=119380Kb
 bounds [0x000002498fea0000, 0x0000024990110000, 0x00000249973d0000]
CodeHeap 'profiled nmethods': size=120000Kb used=2868Kb max_used=2868Kb free=117132Kb
 bounds [0x00000249883d0000, 0x00000249886a0000, 0x000002498f900000]
CodeHeap 'non-nmethods': size=5760Kb used=1419Kb max_used=1445Kb free=4340Kb
 bounds [0x000002498f900000, 0x000002498fb70000, 0x000002498fea0000]
 total_blobs=2099 nmethods=1585 adapters=419
 compilation: enabled
              stopped_count=0, restarted_count=0
 full_count=0

Compilation events (20 events):
Event: 4.016 Thread 0x00000249fc8a7410 1570       1       java.lang.invoke.MethodHandleNatives::isPullModeBSM (2 bytes)
Event: 4.016 Thread 0x00000249fc8a7410 nmethod 1570 0x000002498ff38910 code [0x000002498ff38aa0, 0x000002498ff38b48]
Event: 4.049 Thread 0x00000249fc8a7410 1571       3       org.gradle.internal.logging.text.AbstractLineChoppingStyledTextOutput$StateContext::hasChar (25 bytes)
Event: 4.050 Thread 0x00000249fc8a7410 nmethod 1571 0x000002498869b090 code [0x000002498869b240, 0x000002498869b3e0]
Event: 4.050 Thread 0x00000249fc8a7410 1572       3       org.gradle.internal.logging.text.AbstractLineChoppingStyledTextOutput$StateContext::setState (10 bytes)
Event: 4.050 Thread 0x00000249fc8a7410 nmethod 1572 0x000002498869b490 code [0x000002498869b640, 0x000002498869b800]
Event: 4.050 Thread 0x00000249fc8a7410 1573       3       org.gradle.internal.logging.text.AbstractLineChoppingStyledTextOutput::access$402 (7 bytes)
Event: 4.050 Thread 0x00000249fc8a7410 nmethod 1573 0x000002498869b910 code [0x000002498869bac0, 0x000002498869bc08]
Event: 4.550 Thread 0x00000249fc8a7410 1574       1       java.util.concurrent.atomic.AtomicLong::get (5 bytes)
Event: 4.551 Thread 0x00000249fc8a7410 nmethod 1574 0x000002498ff38c10 code [0x000002498ff38da0, 0x000002498ff38e70]
Event: 4.952 Thread 0x00000249fc8a7410 1575       3       java.util.ArrayList::isEmpty (13 bytes)
Event: 4.953 Thread 0x00000249fc8a7410 nmethod 1575 0x000002498869bd10 code [0x000002498869bea0, 0x000002498869c008]
Event: 4.953 Thread 0x00000249fc8a7410 1576       3       java.util.LinkedHashMap$LinkedValueIterator::next (8 bytes)
Event: 4.953 Thread 0x00000249fc8a7410 nmethod 1576 0x000002498869c090 code [0x000002498869c240, 0x000002498869c380]
Event: 5.433 Thread 0x00000249fc8a7410 1577       3       jdk.internal.org.objectweb.asm.ClassWriter::<init> (7 bytes)
Event: 5.434 Thread 0x00000249fc8a7410 nmethod 1577 0x000002498869c490 code [0x000002498869c640, 0x000002498869c788]
Event: 5.434 Thread 0x00000249fc8a7410 1578       3       jdk.internal.org.objectweb.asm.ClassWriter::<init> (73 bytes)
Event: 5.434 Thread 0x00000249fc8a7410 nmethod 1578 0x000002498869c810 code [0x000002498869ca00, 0x000002498869cea8]
Event: 5.436 Thread 0x00000249fc8a7410 1580       3       jdk.internal.org.objectweb.asm.Frame::execute (2305 bytes)
Event: 5.442 Thread 0x00000249fc89aee0 1588       4       java.lang.String::charAt (25 bytes)

GC Heap History (2 events):
Event: 0.796 GC heap before
{Heap before GC invocations=0 (full 0):
 garbage-first heap   total 65536K, used 22528K [0x00000000fc000000, 0x0000000100000000)
  region size 1024K, 23 young (23552K), 0 survivors (0K)
 Metaspace       used 3567K, committed 3712K, reserved 1114112K
  class space    used 433K, committed 512K, reserved 1048576K
}
Event: 0.804 GC heap after
{Heap after GC invocations=1 (full 0):
 garbage-first heap   total 65536K, used 5849K [0x00000000fc000000, 0x0000000100000000)
  region size 1024K, 3 young (3072K), 3 survivors (3072K)
 Metaspace       used 3567K, committed 3712K, reserved 1114112K
  class space    used 433K, committed 512K, reserved 1048576K
}

Dll operation events (13 events):
Event: 0.014 Loaded shared library C:\Program Files\Java\jdk-21\bin\java.dll
Event: 0.062 Loaded shared library C:\Program Files\Java\jdk-21\bin\jsvml.dll
Event: 0.087 Loaded shared library C:\Program Files\Java\jdk-21\bin\net.dll
Event: 0.090 Loaded shared library C:\Program Files\Java\jdk-21\bin\nio.dll
Event: 0.096 Loaded shared library C:\Program Files\Java\jdk-21\bin\zip.dll
Event: 0.424 Loaded shared library C:\Program Files\Java\jdk-21\bin\jimage.dll
Event: 0.939 Loaded shared library C:\Program Files\Java\jdk-21\bin\management.dll
Event: 0.944 Loaded shared library C:\Program Files\Java\jdk-21\bin\management_ext.dll
Event: 1.000 Loaded shared library C:\Users\jinwo\.gradle\native\660c5614fbf4a5f2a75b1949f50a0caf5cd603558e7d8a26e50b933a0cfb79d1\windows-amd64\native-platform.dll
Event: 1.035 Loaded shared library C:\Users\jinwo\.gradle\native\jansi\2.4.2\Windows\x86_64\jansi.dll
Event: 1.076 Loaded shared library C:\Program Files\Java\jdk-21\bin\verify.dll
Event: 1.258 Loaded shared library C:\Program Files\Java\jdk-21\bin\extnet.dll
Event: 3.848 Loaded shared library C:\Program Files\Java\jdk-21\bin\sunmscapi.dll

Deoptimization events (20 events):
Event: 3.859 Thread 0x00000249f956b5f0 Uncommon trap: trap_request=0xffffffde fr.pc=0x000002498fec9cb0 relative=0x0000000000000870
Event: 3.859 Thread 0x00000249f956b5f0 Uncommon trap: reason=class_check action=maybe_recompile pc=0x000002498fec9cb0 method=java.util.HashMap.putVal(ILjava/lang/Object;Ljava/lang/Object;ZZ)Ljava/lang/Object; @ 203 c2
Event: 3.859 Thread 0x00000249f956b5f0 DEOPT PACKING pc=0x000002498fec9cb0 sp=0x000000567d4fba50
Event: 3.859 Thread 0x00000249f956b5f0 DEOPT UNPACKING pc=0x000002498f9546a2 sp=0x000000567d4fb988 mode 2
Event: 3.859 Thread 0x00000249f956b5f0 Uncommon trap: trap_request=0xffffffde fr.pc=0x000002498fec9cb0 relative=0x0000000000000870
Event: 3.859 Thread 0x00000249f956b5f0 Uncommon trap: reason=class_check action=maybe_recompile pc=0x000002498fec9cb0 method=java.util.HashMap.putVal(ILjava/lang/Object;Ljava/lang/Object;ZZ)Ljava/lang/Object; @ 203 c2
Event: 3.860 Thread 0x00000249f956b5f0 DEOPT PACKING pc=0x000002498fec9cb0 sp=0x000000567d4fba50
Event: 3.860 Thread 0x00000249f956b5f0 DEOPT UNPACKING pc=0x000002498f9546a2 sp=0x000000567d4fb988 mode 2
Event: 3.860 Thread 0x00000249f956b5f0 Uncommon trap: trap_request=0xffffffde fr.pc=0x000002498fec9cb0 relative=0x0000000000000870
Event: 3.860 Thread 0x00000249f956b5f0 Uncommon trap: reason=class_check action=maybe_recompile pc=0x000002498fec9cb0 method=java.util.HashMap.putVal(ILjava/lang/Object;Ljava/lang/Object;ZZ)Ljava/lang/Object; @ 203 c2
Event: 3.860 Thread 0x00000249f956b5f0 DEOPT PACKING pc=0x000002498fec9cb0 sp=0x000000567d4fba50
Event: 3.860 Thread 0x00000249f956b5f0 DEOPT UNPACKING pc=0x000002498f9546a2 sp=0x000000567d4fb988 mode 2
Event: 3.861 Thread 0x00000249f956b5f0 Uncommon trap: trap_request=0xffffffc6 fr.pc=0x000002498ff22e74 relative=0x0000000000000314
Event: 3.861 Thread 0x00000249f956b5f0 Uncommon trap: reason=bimorphic_or_optimized_type_check action=maybe_recompile pc=0x000002498ff22e74 method=java.util.HashMap.getNode(Ljava/lang/Object;)Ljava/util/HashMap$Node; @ 128 c2
Event: 3.861 Thread 0x00000249f956b5f0 DEOPT PACKING pc=0x000002498ff22e74 sp=0x000000567d4fba80
Event: 3.861 Thread 0x00000249f956b5f0 DEOPT UNPACKING pc=0x000002498f9546a2 sp=0x000000567d4fb9e8 mode 2
Event: 3.906 Thread 0x00000249f956b5f0 Uncommon trap: trap_request=0xffffff45 fr.pc=0x000002498feab9e4 relative=0x00000000000000c4
Event: 3.906 Thread 0x00000249f956b5f0 Uncommon trap: reason=unstable_if action=reinterpret pc=0x000002498feab9e4 method=java.lang.String.charAt(I)C @ 4 c2
Event: 3.906 Thread 0x00000249f956b5f0 DEOPT PACKING pc=0x000002498feab9e4 sp=0x000000567d4fe170
Event: 3.906 Thread 0x00000249f956b5f0 DEOPT UNPACKING pc=0x000002498f9546a2 sp=0x000000567d4fe110 mode 2

Classes loaded (20 events):
Event: 5.431 Loading class sun/nio/fs/WindowsChannelFactory
Event: 5.431 Loading class sun/nio/fs/WindowsChannelFactory done
Event: 5.431 Loading class sun/nio/fs/WindowsChannelFactory$1
Event: 5.431 Loading class sun/nio/fs/WindowsChannelFactory$1 done
Event: 5.431 Loading class sun/nio/fs/WindowsChannelFactory$Flags
Event: 5.431 Loading class sun/nio/fs/WindowsChannelFactory$Flags done
Event: 5.431 Loading class sun/nio/fs/WindowsChannelFactory$2
Event: 5.431 Loading class sun/nio/fs/WindowsChannelFactory$2 done
Event: 5.431 Loading class sun/nio/ch/FileChannelImpl$Closer
Event: 5.431 Loading class sun/nio/ch/FileChannelImpl$Closer done
Event: 5.433 Loading class java/util/stream/Streams$1
Event: 5.433 Loading class java/util/stream/Streams$1 done
Event: 5.436 Loading class java/lang/invoke/MethodHandle$1
Event: 5.436 Loading class java/lang/invoke/MethodHandle$1 done
Event: 5.436 Loading class java/nio/file/FileChannelLinesSpliterator$1
Event: 5.436 Loading class java/nio/file/FileChannelLinesSpliterator$1 done
Event: 5.436 Loading class java/nio/channels/Channels
Event: 5.437 Loading class java/nio/channels/Channels done
Event: 5.437 Loading class java/io/FileReader
Event: 5.437 Loading class java/io/FileReader done

Classes unloaded (0 events):
No events

Classes redefined (0 events):
No events

Internal exceptions (20 events):
Event: 1.117 Thread 0x00000249f956b5f0 Exception <a 'java/lang/NoSuchMethodError'{0x00000000ff61ff90}: 'java.lang.Object java.lang.invoke.Invokers$Holder.invokeExact_MT(java.lang.Object, java.lang.Object, java.lang.Object, java.lang.Object, java.lang.Object)'> (0x00000000ff61ff90) 
thrown [s\open\src\hotspot\share\interpreter\linkResolver.cpp, line 773]
Event: 1.118 Thread 0x00000249f956b5f0 Exception <a 'java/lang/NoSuchMethodError'{0x00000000ff623e00}: 'java.lang.Object java.lang.invoke.DirectMethodHandle$Holder.invokeVirtual(java.lang.Object, java.lang.Object, java.lang.Object, java.lang.Object, java.lang.Object, java.lang.Object)'> (0x00000000ff623e00) 
thrown [s\open\src\hotspot\share\interpreter\linkResolver.cpp, line 773]
Event: 1.123 Thread 0x00000249f956b5f0 Exception <a 'java/lang/NoSuchMethodError'{0x00000000ff653570}: 'java.lang.Object java.lang.invoke.DirectMethodHandle$Holder.invokeVirtual(java.lang.Object, java.lang.Object, java.lang.Object, java.lang.Object)'> (0x00000000ff653570) 
thrown [s\open\src\hotspot\share\interpreter\linkResolver.cpp, line 773]
Event: 1.127 Thread 0x00000249f956b5f0 Exception <a 'java/lang/NoSuchMethodError'{0x00000000ff66a2a0}: 'java.lang.Object java.lang.invoke.DirectMethodHandle$Holder.invokeVirtual(java.lang.Object, java.lang.Object, java.lang.Object, java.lang.Object, java.lang.Object, java.lang.Object, java.lang.Object)'> (0x00000000ff66a2a0) 
thrown [s\open\src\hotspot\share\interpreter\linkResolver.cpp, line 773]
Event: 1.170 Thread 0x00000249f956b5f0 Exception <a 'java/lang/NoSuchMethodError'{0x00000000ff5b5b90}: 'java.lang.Object java.lang.invoke.DirectMethodHandle$Holder.invokeStaticInit(java.lang.Object, int, int, int, int)'> (0x00000000ff5b5b90) 
thrown [s\open\src\hotspot\share\interpreter\linkResolver.cpp, line 773]
Event: 1.197 Thread 0x00000249f956b5f0 Exception <a 'java/lang/NoSuchMethodError'{0x00000000ff4048d8}: 'java.lang.Object java.lang.invoke.DirectMethodHandle$Holder.invokeStaticInit(java.lang.Object, java.lang.Object, int, int, int, int)'> (0x00000000ff4048d8) 
thrown [s\open\src\hotspot\share\interpreter\linkResolver.cpp, line 773]
Event: 1.205 Thread 0x00000249f956b5f0 Exception <a 'java/lang/NoSuchMethodError'{0x00000000ff42e618}: 'int java.lang.invoke.DirectMethodHandle$Holder.invokeStatic(java.lang.Object)'> (0x00000000ff42e618) 
thrown [s\open\src\hotspot\share\interpreter\linkResolver.cpp, line 773]
Event: 1.205 Thread 0x00000249f956b5f0 Exception <a 'java/lang/NoSuchMethodError'{0x00000000ff431ae0}: 'int java.lang.invoke.DirectMethodHandle$Holder.invokeStaticInit(java.lang.Object)'> (0x00000000ff431ae0) 
thrown [s\open\src\hotspot\share\interpreter\linkResolver.cpp, line 773]
Event: 1.261 Thread 0x00000249f956b5f0 Exception <a 'java/lang/NoSuchMethodError'{0x00000000ff388de8}: 'void java.lang.invoke.DirectMethodHandle$Holder.invokeStatic(java.lang.Object, java.lang.Object, java.lang.Object)'> (0x00000000ff388de8) 
thrown [s\open\src\hotspot\share\interpreter\linkResolver.cpp, line 773]
Event: 1.284 Thread 0x00000249f956b5f0 Exception <a 'java/lang/NoSuchMethodError'{0x00000000ff260ae0}: 'java.lang.Object java.lang.invoke.DirectMethodHandle$Holder.invokeVirtual(java.lang.Object, java.lang.Object, java.lang.Object, java.lang.Object, java.lang.Object)'> (0x00000000ff260ae0) 
thrown [s\open\src\hotspot\share\interpreter\linkResolver.cpp, line 773]
Event: 1.285 Thread 0x00000249f956b5f0 Exception <a 'java/lang/NoSuchMethodError'{0x00000000ff273ca8}: 'java.lang.Object java.lang.invoke.Invokers$Holder.invokeExact_MT(java.lang.Object, java.lang.Object, java.lang.Object, java.lang.Object, java.lang.Object, java.lang.Object)'> (0x00000000ff273ca8) 
thrown [s\open\src\hotspot\share\interpreter\linkResolver.cpp, line 773]
Event: 1.317 Thread 0x00000249f956b5f0 Exception <a 'java/lang/NoSuchMethodError'{0x00000000ff16e070}: 'java.lang.Object java.lang.invoke.DirectMethodHandle$Holder.newInvokeSpecial(java.lang.Object, java.lang.Object, java.lang.Object, java.lang.Object, java.lang.Object, java.lang.Object, java.lang.Object, java.lang.Object)'> (0x00000000ff16e070) 
thrown [s\open\src\hotspot\share\interpreter\linkResolver.cpp, line 773]
Event: 1.342 Thread 0x00000249f956b5f0 Exception <a 'java/lang/NoSuchMethodError'{0x00000000ff0a6e60}: 'java.lang.Object java.lang.invoke.DirectMethodHandle$Holder.invokeVirtual(java.lang.Object, java.lang.Object, java.lang.Object, java.lang.Object, java.lang.Object, java.lang.Object, java.lang.Object, java.lang.Object, java.lang.Object)'> (0x00000000ff0a6e60) 
thrown [s\open\src\hotspot\share\interpreter\linkResolver.cpp, line 773]
Event: 1.409 Thread 0x00000249f956b5f0 Exception <a 'java/lang/NoSuchMethodError'{0x00000000fed4aa08}: 'void java.lang.invoke.DirectMethodHandle$Holder.invokeInterface(java.lang.Object, java.lang.Object, java.lang.Object)'> (0x00000000fed4aa08) 
thrown [s\open\src\hotspot\share\interpreter\linkResolver.cpp, line 773]
Event: 1.464 Thread 0x00000249fc898280 Exception <a 'java/lang/NoSuchMethodError'{0x00000000feb0df78}: 'void java.lang.invoke.DirectMethodHandle$Holder.invokeStatic(java.lang.Object, long)'> (0x00000000feb0df78) 
thrown [s\open\src\hotspot\share\interpreter\linkResolver.cpp, line 773]
Event: 1.465 Thread 0x00000249fc898280 Exception <a 'java/lang/NoSuchMethodError'{0x00000000feb13190}: 'java.lang.Object java.lang.invoke.DirectMethodHandle$Holder.newInvokeSpecial(java.lang.Object, long)'> (0x00000000feb13190) 
thrown [s\open\src\hotspot\share\interpreter\linkResolver.cpp, line 773]
Event: 1.466 Thread 0x00000249fc898280 Exception <a 'java/lang/NoSuchMethodError'{0x00000000feb19ea0}: 'java.lang.Object java.lang.invoke.DirectMethodHandle$Holder.invokeStatic(java.lang.Object, long, java.lang.Object)'> (0x00000000feb19ea0) 
thrown [s\open\src\hotspot\share\interpreter\linkResolver.cpp, line 773]
Event: 1.466 Thread 0x00000249fc898280 Exception <a 'java/lang/NoSuchMethodError'{0x00000000feb1d638}: 'java.lang.Object java.lang.invoke.DirectMethodHandle$Holder.invokeStaticInit(java.lang.Object, long, java.lang.Object)'> (0x00000000feb1d638) 
thrown [s\open\src\hotspot\share\interpreter\linkResolver.cpp, line 773]
Event: 5.428 Thread 0x00000249f956b5f0 Exception <a 'sun/net/ConnectionResetException'{0x00000000fe5454d0}: Connection reset> (0x00000000fe5454d0) 
thrown [s\open\src\hotspot\share\prims\jni.cpp, line 539]
Event: 5.440 Thread 0x00000249f956b5f0 Exception <a 'java/lang/NoSuchMethodError'{0x00000000fe5b0768}: 'int java.lang.invoke.DirectMethodHandle$Holder.invokeVirtual(java.lang.Object, java.lang.Object)'> (0x00000000fe5b0768) 
thrown [s\open\src\hotspot\share\interpreter\linkResolver.cpp, line 773]

ZGC Phase Switch (0 events):
No events

VM Operations (20 events):
Event: 1.012 Executing VM operation: HandshakeAllThreads (Deoptimize)
Event: 1.012 Executing VM operation: HandshakeAllThreads (Deoptimize) done
Event: 1.032 Executing VM operation: HandshakeAllThreads (Deoptimize)
Event: 1.032 Executing VM operation: HandshakeAllThreads (Deoptimize) done
Event: 1.193 Executing VM operation: HandshakeAllThreads (Deoptimize)
Event: 1.193 Executing VM operation: HandshakeAllThreads (Deoptimize) done
Event: 1.468 Executing VM operation: HandshakeAllThreads (Deoptimize)
Event: 1.469 Executing VM operation: HandshakeAllThreads (Deoptimize) done
Event: 1.477 Executing VM operation: HandshakeAllThreads (Deoptimize)
Event: 1.477 Executing VM operation: HandshakeAllThreads (Deoptimize) done
Event: 1.500 Executing VM operation: HandshakeAllThreads (Deoptimize)
Event: 1.500 Executing VM operation: HandshakeAllThreads (Deoptimize) done
Event: 2.507 Executing VM operation: Cleanup
Event: 2.508 Executing VM operation: Cleanup done
Event: 3.509 Executing VM operation: Cleanup
Event: 3.509 Executing VM operation: Cleanup done
Event: 3.856 Executing VM operation: HandshakeAllThreads (Deoptimize)
Event: 3.856 Executing VM operation: HandshakeAllThreads (Deoptimize) done
Event: 4.870 Executing VM operation: Cleanup
Event: 4.870 Executing VM operation: Cleanup done

Events (20 events):
Event: 0.058 Thread 0x00000249fc896ed0 Thread added: 0x00000249fc896ed0
Event: 0.059 Thread 0x00000249fc89aee0 Thread added: 0x00000249fc89aee0
Event: 0.059 Thread 0x00000249fc8a7410 Thread added: 0x00000249fc8a7410
Event: 0.081 Thread 0x00000249fc8961b0 Thread added: 0x00000249fc8961b0
Event: 0.083 Thread 0x00000249fc897bf0 Thread added: 0x00000249fc897bf0
Event: 0.405 Thread 0x00000249977b9770 Thread added: 0x00000249977b9770
Event: 0.417 Thread 0x00000249977b9f90 Thread added: 0x00000249977b9f90
Event: 0.770 Thread 0x00000249977b9f90 Thread exited: 0x00000249977b9f90
Event: 1.032 Thread 0x00000249fc898280 Thread added: 0x00000249fc898280
Event: 1.036 Thread 0x00000249fc898280 Thread exited: 0x00000249fc898280
Event: 1.049 Thread 0x00000249fc898910 Thread added: 0x00000249fc898910
Event: 1.449 Thread 0x00000249fc898280 Thread added: 0x00000249fc898280
Event: 1.475 Thread 0x00000249fc898fa0 Thread added: 0x00000249fc898fa0
Event: 1.475 Thread 0x00000249fc898fa0 Thread exited: 0x00000249fc898fa0
Event: 1.476 Thread 0x00000249fc898fa0 Thread added: 0x00000249fc898fa0
Event: 1.860 Thread 0x00000249977b9770 Thread exited: 0x00000249977b9770
Event: 3.778 Thread 0x00000249fc898fa0 Thread exited: 0x00000249fc898fa0
Event: 3.780 Thread 0x00000249fc898280 Thread exited: 0x00000249fc898280
Event: 3.869 Thread 0x00000249ddcf4bb0 Thread added: 0x00000249ddcf4bb0
Event: 4.011 Thread 0x00000249ddcf4bb0 Thread exited: 0x00000249ddcf4bb0


Dynamic libraries:
0x00007ff67dce0000 - 0x00007ff67dcf0000 	C:\Program Files\Java\jdk-21\bin\java.exe
0x00007ff9e41a0000 - 0x00007ff9e4406000 	C:\WINDOWS\SYSTEM32\ntdll.dll
0x00007ff9e3950000 - 0x00007ff9e3a19000 	C:\WINDOWS\System32\KERNEL32.DLL
0x00007ff9e1870000 - 0x00007ff9e1c6f000 	C:\WINDOWS\System32\KERNELBASE.dll
0x00007ff9e16e0000 - 0x00007ff9e182c000 	C:\WINDOWS\System32\ucrtbase.dll
0x00007ff9c9e80000 - 0x00007ff9c9e9b000 	C:\Program Files\Java\jdk-21\bin\VCRUNTIME140.dll
0x00007ff9d2b30000 - 0x00007ff9d2b49000 	C:\Program Files\Java\jdk-21\bin\jli.dll
0x00007ff9e3d80000 - 0x00007ff9e3e3c000 	C:\WINDOWS\System32\ADVAPI32.dll
0x00007ff9e33b0000 - 0x00007ff9e3459000 	C:\WINDOWS\System32\msvcrt.dll
0x00007ff9e3470000 - 0x00007ff9e351a000 	C:\WINDOWS\System32\sechost.dll
0x00007ff9e2120000 - 0x00007ff9e2238000 	C:\WINDOWS\System32\RPCRT4.dll
0x00007ff9e3bb0000 - 0x00007ff9e3d76000 	C:\WINDOWS\System32\USER32.dll
0x00007ff9e1840000 - 0x00007ff9e1867000 	C:\WINDOWS\System32\win32u.dll
0x00007ff9c8a30000 - 0x00007ff9c8cc1000 	C:\WINDOWS\WinSxS\amd64_microsoft.windows.common-controls_6595b64144ccf1df_6.0.26100.8972_none_3e0da176e32f9d4b\COMCTL32.dll
0x00007ff9e2470000 - 0x00007ff9e249b000 	C:\WINDOWS\System32\GDI32.dll
0x00007ff9e1440000 - 0x00007ff9e1569000 	C:\WINDOWS\System32\gdi32full.dll
0x00007ff9e1570000 - 0x00007ff9e1613000 	C:\WINDOWS\System32\msvcp_win.dll
0x00007ff9d1940000 - 0x00007ff9d194b000 	C:\WINDOWS\SYSTEM32\VERSION.dll
0x00007ff9e24a0000 - 0x00007ff9e24d2000 	C:\WINDOWS\System32\IMM32.DLL
0x00007ff9dd950000 - 0x00007ff9dd95c000 	C:\Program Files\Java\jdk-21\bin\vcruntime140_1.dll
0x00007ff977090000 - 0x00007ff97711e000 	C:\Program Files\Java\jdk-21\bin\msvcp140.dll
0x00007ff95f170000 - 0x00007ff95fe8a000 	C:\Program Files\Java\jdk-21\bin\server\jvm.dll
0x00007ff9e3520000 - 0x00007ff9e35a2000 	C:\WINDOWS\System32\WS2_32.dll
0x00007ff9e1230000 - 0x00007ff9e128e000 	C:\WINDOWS\SYSTEM32\POWRPROF.dll
0x00007ff9d8810000 - 0x00007ff9d8846000 	C:\WINDOWS\SYSTEM32\WINMM.dll
0x00007ff9e1210000 - 0x00007ff9e1225000 	C:\WINDOWS\SYSTEM32\UMPDC.dll
0x00007ff9e0080000 - 0x00007ff9e009b000 	C:\WINDOWS\SYSTEM32\kernel.appcore.dll
0x00007ff9dd870000 - 0x00007ff9dd87a000 	C:\Program Files\Java\jdk-21\bin\jimage.dll
0x00007ff9df3f0000 - 0x00007ff9df632000 	C:\WINDOWS\SYSTEM32\DBGHELP.DLL
0x00007ff9e35c0000 - 0x00007ff9e3945000 	C:\WINDOWS\System32\combase.dll
0x00007ff9e2040000 - 0x00007ff9e2119000 	C:\WINDOWS\System32\OLEAUT32.dll
0x00007ff9c8db0000 - 0x00007ff9c8deb000 	C:\WINDOWS\SYSTEM32\dbgcore.DLL
0x00007ff9e1e10000 - 0x00007ff9e1ebc000 	C:\WINDOWS\System32\bcryptPrimitives.dll
0x00007ff9c9d30000 - 0x00007ff9c9d4f000 	C:\Program Files\Java\jdk-21\bin\java.dll
0x00007ff9e24e0000 - 0x00007ff9e2c68000 	C:\WINDOWS\System32\SHELL32.dll
0x00007ff9de940000 - 0x00007ff9df1db000 	C:\WINDOWS\SYSTEM32\windows.storage.dll
0x00007ff9e3a70000 - 0x00007ff9e3b69000 	C:\WINDOWS\System32\SHCORE.dll
0x00007ff9e2c70000 - 0x00007ff9e2cd6000 	C:\WINDOWS\System32\shlwapi.dll
0x00007ff9e12d0000 - 0x00007ff9e12f9000 	C:\WINDOWS\SYSTEM32\profapi.dll
0x00007ff975b30000 - 0x00007ff975c07000 	C:\Program Files\Java\jdk-21\bin\jsvml.dll
0x00007ff9db840000 - 0x00007ff9db850000 	C:\Program Files\Java\jdk-21\bin\net.dll
0x00007ff9da7d0000 - 0x00007ff9da8f8000 	C:\WINDOWS\SYSTEM32\WINHTTP.dll
0x00007ff9e0650000 - 0x00007ff9e06bc000 	C:\WINDOWS\system32\mswsock.dll
0x00007ff9ba380000 - 0x00007ff9ba396000 	C:\Program Files\Java\jdk-21\bin\nio.dll
0x00007ff9b6b90000 - 0x00007ff9b6ba8000 	C:\Program Files\Java\jdk-21\bin\zip.dll
0x00007ff9d2380000 - 0x00007ff9d238a000 	C:\Program Files\Java\jdk-21\bin\management.dll
0x00007ff9d22c0000 - 0x00007ff9d22cb000 	C:\Program Files\Java\jdk-21\bin\management_ext.dll
0x00007ff9e35b0000 - 0x00007ff9e35b8000 	C:\WINDOWS\System32\PSAPI.DLL
0x00007ff9c9d00000 - 0x00007ff9c9d27000 	C:\Users\jinwo\.gradle\native\660c5614fbf4a5f2a75b1949f50a0caf5cd603558e7d8a26e50b933a0cfb79d1\windows-amd64\native-platform.dll
0x00007ff9c2320000 - 0x00007ff9c2344000 	C:\Users\jinwo\.gradle\native\jansi\2.4.2\Windows\x86_64\jansi.dll
0x00007ff9db820000 - 0x00007ff9db830000 	C:\Program Files\Java\jdk-21\bin\verify.dll
0x00007ff9e0940000 - 0x00007ff9e095b000 	C:\WINDOWS\SYSTEM32\CRYPTSP.dll
0x00007ff9dffe0000 - 0x00007ff9e0019000 	C:\WINDOWS\system32\rsaenh.dll
0x00007ff9e0700000 - 0x00007ff9e0732000 	C:\WINDOWS\SYSTEM32\USERENV.dll
0x00007ff9e12a0000 - 0x00007ff9e12ca000 	C:\WINDOWS\SYSTEM32\bcrypt.dll
0x00007ff9e0960000 - 0x00007ff9e096c000 	C:\WINDOWS\SYSTEM32\CRYPTBASE.dll
0x00007ff9dfa10000 - 0x00007ff9dfa43000 	C:\WINDOWS\SYSTEM32\IPHLPAPI.DLL
0x00007ff9e3460000 - 0x00007ff9e346a000 	C:\WINDOWS\System32\NSI.dll
0x00007ff9d3130000 - 0x00007ff9d3139000 	C:\Program Files\Java\jdk-21\bin\extnet.dll
0x00007ff9d1f90000 - 0x00007ff9d1f9e000 	C:\Program Files\Java\jdk-21\bin\sunmscapi.dll
0x00007ff9e1c80000 - 0x00007ff9e1dfe000 	C:\WINDOWS\System32\CRYPT32.dll
0x00007ff9e0b80000 - 0x00007ff9e0bb0000 	C:\WINDOWS\SYSTEM32\ncrypt.dll
0x00007ff9e0b30000 - 0x00007ff9e0b6f000 	C:\WINDOWS\SYSTEM32\NTASN1.dll
0x00007ff9af370000 - 0x00007ff9af378000 	C:\WINDOWS\system32\wshunix.dll

dbghelp: loaded successfully - version: 4.0.5 - missing functions: none
symbol engine: initialized successfully - sym options: 0x614 - pdb path: .;C:\Program Files\Java\jdk-21\bin;C:\WINDOWS\SYSTEM32;C:\WINDOWS\WinSxS\amd64_microsoft.windows.common-controls_6595b64144ccf1df_6.0.26100.8972_none_3e0da176e32f9d4b;C:\Program Files\Java\jdk-21\bin\server;C:\Users\jinwo\.gradle\native\660c5614fbf4a5f2a75b1949f50a0caf5cd603558e7d8a26e50b933a0cfb79d1\windows-amd64;C:\Users\jinwo\.gradle\native\jansi\2.4.2\Windows\x86_64

VM Arguments:
jvm_args: -Xmx64m -Xms64m -Dorg.gradle.appname=gradlew 
java_command: C:/Users/jinwo/jobfit/gradle/wrapper/gradle-wrapper.jar test --tests com.jinwoo.jobfit.domain.evaluation.service.ScoreCalculatorTest --rerun --no-daemon -Dorg.gradle.jvmargs=-Xmx256m
java_class_path (initial): C:/Users/jinwo/jobfit/gradle/wrapper/gradle-wrapper.jar
Launcher Type: SUN_STANDARD

[Global flags]
     intx CICompilerCount                          = 4                                         {product} {ergonomic}
     uint ConcGCThreads                            = 3                                         {product} {ergonomic}
     uint G1ConcRefinementThreads                  = 10                                        {product} {ergonomic}
   size_t G1HeapRegionSize                         = 1048576                                   {product} {ergonomic}
    uintx GCDrainStackTargetSize                   = 64                                        {product} {ergonomic}
   size_t InitialHeapSize                          = 67108864                                  {product} {command line}
   size_t MarkStackSize                            = 4194304                                   {product} {ergonomic}
   size_t MaxHeapSize                              = 67108864                                  {product} {command line}
   size_t MaxNewSize                               = 39845888                                  {product} {ergonomic}
   size_t MinHeapDeltaBytes                        = 1048576                                   {product} {ergonomic}
   size_t MinHeapSize                              = 67108864                                  {product} {command line}
    uintx NonNMethodCodeHeapSize                   = 5839372                                {pd product} {ergonomic}
    uintx NonProfiledCodeHeapSize                  = 122909434                              {pd product} {ergonomic}
    uintx ProfiledCodeHeapSize                     = 122909434                              {pd product} {ergonomic}
    uintx ReservedCodeCacheSize                    = 251658240                              {pd product} {ergonomic}
     bool SegmentedCodeCache                       = true                                      {product} {ergonomic}
   size_t SoftMaxHeapSize                          = 67108864                               {manageable} {ergonomic}
     bool UseCompressedOops                        = true                           {product lp64_product} {ergonomic}
     bool UseG1GC                                  = true                                      {product} {ergonomic}
     bool UseLargePagesIndividualAllocation        = false                                  {pd product} {ergonomic}

Logging:
Log output configuration:
 #0: stdout all=warning uptime,level,tags foldmultilines=false
 #1: stderr all=off uptime,level,tags foldmultilines=false

Environment Variables:
JAVA_HOME=C:\Program Files\Java\jdk-21
CLASSPATH=C:\Program Files\Java\jdk-21\lib
PATH=C:\Users\jinwo\bin;C:\Program Files\Git\mingw64\bin;C:\Program Files\Git\usr\local\bin;C:\Program Files\Git\usr\bin;C:\Program Files\Git\usr\bin;C:\Program Files\Git\mingw64\bin;C:\Program Files\Git\usr\bin;C:\Users\jinwo\bin;C:\Users\jinwo\AppData\Roaming\Microsoft\Windows\Start Menu\Programs\Python 3.10;C:\Users\¹ÚÁø¿ì\AppData\Roaming\Microsoft\Windows\Start Menu\Programs\Python 3.13;C:\WINDOWS\system32;C:\WINDOWS;C:\WINDOWS\System32\Wbem;C:\WINDOWS\System32\WindowsPowerShell\v1.0;C:\WINDOWS\System32\OpenSSH;C:\Program Files\dotnet;C:\tools\gradle-8.12\bin;C:\Program Files\Oracle\VirtualBox;C:\Program Files\Java\jdk-21\bin;C:\Windows\System32;C:\Program Files\PostgreSQL\16\bin;C:\Users\jinwo\AppData\Local\Android\Sdk\platform-tools;C:\Program Files (x86)\Windows Kits\10\Windows Performance Toolkit;C:\Users\jinwo\AppData\Local\nvm;C:\Program Files\nodejs;C:\Users\jinwo\AppData\Local\nvm;C:\Users\jinwo\AppData\Local\nvm\v10.24.1;C:\Program Files (x86)\PuTTY;C:\Program Files\Git\cmd;C:\Users\jinwo\AppData\Local\Programs\Python\Python311\Scripts;C:\Program Files\Microsoft\Azure Functions Core Tools;C:\Program Files\Docker\Docker\resources\bin;C:\Users\jinwo\AppData\Local\Programs\Python\Python311\Scripts;C:\Users\jinwo\AppData\Local\Programs\Python\Python311;C:\Users\jinwo\.cargo\bin;C:\Users\jinwo\AppData\Local\Programs\Eclipse Adoptium\jdk-8.0.472.8-hotspot\bin;C:\Users\jinwo\AppData\Local\Microsoft\WindowsApps;C:\Users\jinwo\AppData\Local\Programs\Microsoft VS Code\bin;C:\Users\jinwo\.local\bin;C:\Program Files\Git\usr\bin\vendor_perl;C:\Program Files\Git\usr\bin\core_perl
USERNAME=jinwo
SHELL=C:\Program Files\Git\usr\bin\bash.exe
TERM=xterm-256color
OS=Windows_NT
PROCESSOR_IDENTIFIER=Intel64 Family 6 Model 186 Stepping 3, GenuineIntel
TMP=C:\Users\jinwo\AppData\Local\Temp
TEMP=C:\Users\jinwo\AppData\Local\Temp




Periodic native trim disabled

---------------  S Y S T E M  ---------------

OS:
 Windows 11 , 64 bit Build 26100 (10.0.26100.9168)
OS uptime: 2 days 14:22 hours
Hyper-V role detected

CPU: total 12 (initial active 12) (6 cores per cpu, 2 threads per core) family 6 model 186 stepping 3 microcode 0x411f, cx8, cmov, fxsr, ht, mmx, 3dnowpref, sse, sse2, sse3, ssse3, sse4.1, sse4.2, popcnt, lzcnt, tsc, tscinvbit, avx, avx2, aes, erms, clmul, bmi1, bmi2, adx, sha, fma, vzeroupper, clflush, clflushopt, clwb, hv, serialize, rdtscp, rdpid, fsrm, f16c, cet_ibt, cet_ss
Processor Information for processor 0
  Max Mhz: 1700, Current Mhz: 1700, Mhz Limit: 1700
Processor Information for processor 1
  Max Mhz: 1700, Current Mhz: 1457, Mhz Limit: 1700
Processor Information for processor 2
  Max Mhz: 1700, Current Mhz: 1457, Mhz Limit: 1700
Processor Information for processor 3
  Max Mhz: 1700, Current Mhz: 1700, Mhz Limit: 1700
Processor Information for processor 4
  Max Mhz: 1700, Current Mhz: 1200, Mhz Limit: 1190
Processor Information for processor 5
  Max Mhz: 1700, Current Mhz: 1200, Mhz Limit: 1190
Processor Information for processor 6
  Max Mhz: 1700, Current Mhz: 1200, Mhz Limit: 1190
Processor Information for processor 7
  Max Mhz: 1700, Current Mhz: 1200, Mhz Limit: 1190
Processor Information for processor 8
  Max Mhz: 1700, Current Mhz: 1200, Mhz Limit: 1190
Processor Information for processor 9
  Max Mhz: 1700, Current Mhz: 1200, Mhz Limit: 1190
Processor Information for processor 10
  Max Mhz: 1700, Current Mhz: 1200, Mhz Limit: 1190
Processor Information for processor 11
  Max Mhz: 1700, Current Mhz: 1200, Mhz Limit: 1190

Memory: 4k page, system-wide physical 16067M (2549M free)
TotalPageFile size 19440M (AvailPageFile size 462M)
current process WorkingSet (physical memory assigned to process): 99M, peak: 100M
current process commit charge ("private bytes"): 173M, peak: 175M

vm_info: Java HotSpot(TM) 64-Bit Server VM (21.0.7+8-LTS-245) for windows-amd64 JRE (21.0.7+8-LTS-245), built on 2025-02-21T05:11:27Z by "mach5one" with MS VC++ 17.6 (VS2022)

END.
