#
# There is insufficient memory for the Java Runtime Environment to continue.
# Native memory allocation (malloc) failed to allocate 131088 bytes for Chunk::new
# Possible reasons:
#   The system is out of physical RAM or swap space
#   The process is running with CompressedOops enabled, and the Java Heap may be blocking the growth of the native heap
# Possible solutions:
#   Reduce memory load on the system
#   Increase physical memory or swap space
#   Check if swap backing store is full
#   Decrease Java heap size (-Xmx/-Xms)
#   Decrease number of Java threads
#   Decrease Java thread stack sizes (-Xss)
#   Set larger code cache with -XX:ReservedCodeCacheSize=
#   JVM is running with Zero Based Compressed Oops mode in which the Java heap is
#     placed in the first 32GB address space. The Java Heap base address is the
#     maximum limit for the native heap growth. Please use -XX:HeapBaseMinAddress
#     to set the Java Heap base and to place the Java Heap above 32GB virtual address.
# This output file may be truncated or incomplete.
#
#  Out of Memory Error (arena.cpp:168), pid=11148, tid=18284
#
# JRE version: Java(TM) SE Runtime Environment (21.0.7+8) (build 21.0.7+8-LTS-245)
# Java VM: Java HotSpot(TM) 64-Bit Server VM (21.0.7+8-LTS-245, mixed mode, sharing, tiered, compressed oops, compressed class ptrs, g1 gc, windows-amd64)
# No core dump will be written. Minidumps are not enabled by default on client versions of Windows
#

---------------  S U M M A R Y ------------

Command Line: --add-opens=java.base/java.lang=ALL-UNNAMED --add-opens=java.base/java.lang.invoke=ALL-UNNAMED --add-opens=java.base/java.util=ALL-UNNAMED --add-opens=java.prefs/java.util.prefs=ALL-UNNAMED --add-exports=jdk.compiler/com.sun.tools.javac.api=ALL-UNNAMED --add-exports=jdk.compiler/com.sun.tools.javac.util=ALL-UNNAMED --add-opens=java.base/java.nio.charset=ALL-UNNAMED --add-opens=java.base/java.net=ALL-UNNAMED --add-opens=java.base/java.util.concurrent=ALL-UNNAMED --add-opens=java.base/java.util.concurrent.atomic=ALL-UNNAMED --add-opens=java.xml/javax.xml.namespace=ALL-UNNAMED --add-opens=java.base/java.time=ALL-UNNAMED -Dfile.encoding=UTF-8 -Duser.country=KR -Duser.language=ko -Duser.variant -javaagent:C:\Users\jinwo\.gradle\wrapper\dists\gradle-9.5.1-bin\iq79hdu3mqx29lgffhp8bfmx\gradle-9.5.1\lib\agents\gradle-instrumentation-agent-9.5.1.jar org.gradle.launcher.daemon.bootstrap.GradleDaemon 9.5.1

Host: 13th Gen Intel(R) Core(TM) i7-1355U, 12 cores, 15G,  Windows 11 , 64 bit Build 26100 (10.0.26100.9168)
Time: Sat Aug 15 14:24:29 2026  Windows 11 , 64 bit Build 26100 (10.0.26100.9168) elapsed time: 19.689108 seconds (0d 0h 0m 19s)

---------------  T H R E A D  ---------------

Current thread (0x000001ce9b8a4070):  JavaThread "C2 CompilerThread1" daemon [_thread_in_native, id=18284, stack(0x000000c5fc100000,0x000000c5fc200000) (1024K)]


Current CompileTask:
C2:  19689 8981       4       io.spring.gradle.dependencymanagement.org.codehaus.plexus.util.xml.Xpp3Dom::<init> (125 bytes)

Stack: [0x000000c5fc100000,0x000000c5fc200000]
Native frames: (J=compiled Java code, j=interpreted, Vv=VM code, C=native code)
V  [jvm.dll+0x6cae19]
V  [jvm.dll+0x855741]
V  [jvm.dll+0x857c6e]
V  [jvm.dll+0x858343]
V  [jvm.dll+0x27e0b6]
V  [jvm.dll+0xc4ecd]
V  [jvm.dll+0xc5403]
V  [jvm.dll+0x6f1c65]
V  [jvm.dll+0x6f2093]
V  [jvm.dll+0x6f42c1]
V  [jvm.dll+0x6f2683]
V  [jvm.dll+0x248b7f]
V  [jvm.dll+0x246004]
V  [jvm.dll+0x1c6efe]
V  [jvm.dll+0x255819]
V  [jvm.dll+0x253daa]
V  [jvm.dll+0x3eebb6]
V  [jvm.dll+0x7ffa1b]
V  [jvm.dll+0x6c94fd]
C  [ucrtbase.dll+0x2cd30]
C  [KERNEL32.DLL+0x2ccb7]
C  [ntdll.dll+0xaad6c]


---------------  P R O C E S S  ---------------

Threads class SMR info:
_java_thread_list=0x000001ce9b33a260, length=64, elements={
0x000001ce32421b10, 0x000001ce51928630, 0x000001ce5192b910, 0x000001ce5192e210,
0x000001ce5192ebd0, 0x000001ce51933db0, 0x000001ce519394e0, 0x000001ce5193b550,
0x000001ce5193bd20, 0x000001ce51ac7450, 0x000001ce51ccd7b0, 0x000001ce98e6b050,
0x000001ce98d1f670, 0x000001ce99503530, 0x000001ce98f270a0, 0x000001ce988e15d0,
0x000001ce98eb5250, 0x000001ce98eb60d0, 0x000001ce990e8060, 0x000001ce990e8d80,
0x000001ce990ea130, 0x000001ce990eb4e0, 0x000001ce990ea7c0, 0x000001ce990e86f0,
0x000001ce990e9410, 0x000001ce990eae50, 0x000001ce990e9aa0, 0x000001ce99dc57c0,
0x000001ce99dc3d80, 0x000001ce99dc4aa0, 0x000001ce99dc5e50, 0x000001ce99dc36f0,
0x000001ce99dc5130, 0x000001ce99dc3060, 0x000001ce9d41bd40, 0x000001ce9d41d0f0,
0x000001ce9d41b020, 0x000001ce9d41d780, 0x000001ce9d41b6b0, 0x000001ce9d41a990,
0x000001ce9d41a300, 0x000001ce9d420570, 0x000001ce9d41f850, 0x000001ce9d420c00,
0x000001ce9d41eb30, 0x000001ce9d41f1c0, 0x000001ce9d421290, 0x000001ce9d41fee0,
0x000001ce9d41de10, 0x000001ce9d421920, 0x000001ce9d41e4a0, 0x000001ce9de59330,
0x000001ce9de5ba90, 0x000001ce9de5a050, 0x000001ce9de599c0, 0x000001ce9de5a6e0,
0x000001ce9de5ad70, 0x000001ce9de5c120, 0x000001ce9de58ca0, 0x000001ce9de5c7b0,
0x000001ce9de5ce40, 0x000001ce9de5d4d0, 0x000001ce9de5db60, 0x000001ce9b8a4070
}

Java Threads: ( => current thread )
  0x000001ce32421b10 JavaThread "main"                              [_thread_blocked, id=21808, stack(0x000000c5f7000000,0x000000c5f7100000) (1024K)]
  0x000001ce51928630 JavaThread "Reference Handler"          daemon [_thread_blocked, id=7884, stack(0x000000c5f7800000,0x000000c5f7900000) (1024K)]
  0x000001ce5192b910 JavaThread "Finalizer"                  daemon [_thread_blocked, id=22956, stack(0x000000c5f7900000,0x000000c5f7a00000) (1024K)]
  0x000001ce5192e210 JavaThread "Signal Dispatcher"          daemon [_thread_blocked, id=22884, stack(0x000000c5f7a00000,0x000000c5f7b00000) (1024K)]
  0x000001ce5192ebd0 JavaThread "Attach Listener"            daemon [_thread_blocked, id=22104, stack(0x000000c5f7b00000,0x000000c5f7c00000) (1024K)]
  0x000001ce51933db0 JavaThread "Service Thread"             daemon [_thread_blocked, id=3112, stack(0x000000c5f7c00000,0x000000c5f7d00000) (1024K)]
  0x000001ce519394e0 JavaThread "Monitor Deflation Thread"   daemon [_thread_blocked, id=16732, stack(0x000000c5f7d00000,0x000000c5f7e00000) (1024K)]
  0x000001ce5193b550 JavaThread "C2 CompilerThread0"         daemon [_thread_in_native, id=2336, stack(0x000000c5f7e00000,0x000000c5f7f00000) (1024K)]
  0x000001ce5193bd20 JavaThread "C1 CompilerThread0"         daemon [_thread_in_vm, id=17752, stack(0x000000c5f7f00000,0x000000c5f8000000) (1024K)]
  0x000001ce51ac7450 JavaThread "Common-Cleaner"             daemon [_thread_blocked, id=1324, stack(0x000000c5f8000000,0x000000c5f8100000) (1024K)]
  0x000001ce51ccd7b0 JavaThread "Notification Thread"        daemon [_thread_blocked, id=16892, stack(0x000000c5f8100000,0x000000c5f8200000) (1024K)]
  0x000001ce98e6b050 JavaThread "Daemon health stats"               [_thread_blocked, id=13360, stack(0x000000c5f8900000,0x000000c5f8a00000) (1024K)]
  0x000001ce98d1f670 JavaThread "Incoming local TCP Connector on port 57826"        [_thread_in_native, id=2936, stack(0x000000c5f8a00000,0x000000c5f8b00000) (1024K)]
  0x000001ce99503530 JavaThread "Daemon periodic checks"            [_thread_blocked, id=3108, stack(0x000000c5f8b00000,0x000000c5f8c00000) (1024K)]
  0x000001ce98f270a0 JavaThread "Daemon"                            [_thread_blocked, id=6232, stack(0x000000c5f8300000,0x000000c5f8400000) (1024K)]
  0x000001ce988e15d0 JavaThread "Handler for socket connection from /127.0.0.1:57826 to /127.0.0.1:57827"        [_thread_in_native, id=10048, stack(0x000000c5f8c00000,0x000000c5f8d00000) (1024K)]
  0x000001ce98eb5250 JavaThread "Cancel handler"                    [_thread_blocked, id=8276, stack(0x000000c5f8d00000,0x000000c5f8e00000) (1024K)]
  0x000001ce98eb60d0 JavaThread "Daemon worker"                     [_thread_in_native, id=20520, stack(0x000000c5f8e00000,0x000000c5f8f00000) (1024K)]
  0x000001ce990e8060 JavaThread "Asynchronous log dispatcher for DefaultDaemonConnection: socket connection from /127.0.0.1:57826 to /127.0.0.1:57827"        [_thread_blocked, id=21072, stack(0x000000c5f8f00000,0x000000c5f9000000) (1024K)]
  0x000001ce990e8d80 JavaThread "Stdin handler"                     [_thread_blocked, id=14464, stack(0x000000c5f9000000,0x000000c5f9100000) (1024K)]
  0x000001ce990ea130 JavaThread "Daemon client event forwarder"        [_thread_blocked, id=9044, stack(0x000000c5f9100000,0x000000c5f9200000) (1024K)]
  0x000001ce990eb4e0 JavaThread "Cache worker for journal cache (C:\Users\jinwo\.gradle\caches\journal-1)"        [_thread_blocked, id=22840, stack(0x000000c5f9200000,0x000000c5f9300000) (1024K)]
  0x000001ce990ea7c0 JavaThread "File lock request listener"        [_thread_in_native, id=21048, stack(0x000000c5f9300000,0x000000c5f9400000) (1024K)]
  0x000001ce990e86f0 JavaThread "Cache worker for file hash cache (C:\Users\jinwo\.gradle\caches\9.5.1\fileHashes)"        [_thread_blocked, id=20756, stack(0x000000c5f9400000,0x000000c5f9500000) (1024K)]
  0x000001ce990e9410 JavaThread "Cache worker for file hash cache (C:\Users\jinwo\jobfit\.gradle\9.5.1\fileHashes)"        [_thread_blocked, id=15804, stack(0x000000c5f8200000,0x000000c5f8300000) (1024K)]
  0x000001ce990eae50 JavaThread "Cache worker for Build Output Cleanup Cache (C:\Users\jinwo\jobfit\.gradle\buildOutputCleanup)"        [_thread_blocked, id=5272, stack(0x000000c5f9900000,0x000000c5f9a00000) (1024K)]
  0x000001ce990e9aa0 JavaThread "File watcher server"        daemon [_thread_in_native, id=11940, stack(0x000000c5f9c00000,0x000000c5f9d00000) (1024K)]
  0x000001ce99dc57c0 JavaThread "File watcher consumer"      daemon [_thread_blocked, id=18720, stack(0x000000c5f9d00000,0x000000c5f9e00000) (1024K)]
  0x000001ce99dc3d80 JavaThread "Cache worker for file content cache (C:\Users\jinwo\.gradle\caches\9.5.1\fileContent)"        [_thread_blocked, id=10592, stack(0x000000c5f9e00000,0x000000c5f9f00000) (1024K)]
  0x000001ce99dc4aa0 JavaThread "Cache worker for checksums cache (C:\Users\jinwo\jobfit\.gradle\9.5.1\checksums)"        [_thread_blocked, id=16888, stack(0x000000c5f9f00000,0x000000c5fa000000) (1024K)]
  0x000001ce99dc5e50 JavaThread "Cache worker for cache directory md-supplier (C:\Users\jinwo\.gradle\caches\9.5.1\md-supplier)"        [_thread_blocked, id=15284, stack(0x000000c5fa000000,0x000000c5fa100000) (1024K)]
  0x000001ce99dc36f0 JavaThread "Cache worker for cache directory md-rule (C:\Users\jinwo\.gradle\caches\9.5.1\md-rule)"        [_thread_blocked, id=16372, stack(0x000000c5fa100000,0x000000c5fa200000) (1024K)]
  0x000001ce99dc5130 JavaThread "jar transforms"                    [_thread_blocked, id=12228, stack(0x000000c5fa200000,0x000000c5fa300000) (1024K)]
  0x000001ce99dc3060 JavaThread "jar transforms Thread 2"           [_thread_blocked, id=1156, stack(0x000000c5fa400000,0x000000c5fa500000) (1024K)]
  0x000001ce9d41bd40 JavaThread "jar transforms Thread 3"           [_thread_blocked, id=13984, stack(0x000000c5fa600000,0x000000c5fa700000) (1024K)]
  0x000001ce9d41d0f0 JavaThread "Build operations"                  [_thread_blocked, id=12748, stack(0x000000c5fa700000,0x000000c5fa800000) (1024K)]
  0x000001ce9d41b020 JavaThread "Build operations Thread 2"         [_thread_blocked, id=3132, stack(0x000000c5fa800000,0x000000c5fa900000) (1024K)]
  0x000001ce9d41d780 JavaThread "Build operations Thread 3"         [_thread_blocked, id=22612, stack(0x000000c5fa900000,0x000000c5faa00000) (1024K)]
  0x000001ce9d41b6b0 JavaThread "Build operations Thread 4"         [_thread_blocked, id=15000, stack(0x000000c5faa00000,0x000000c5fab00000) (1024K)]
  0x000001ce9d41a990 JavaThread "Build operations Thread 5"         [_thread_blocked, id=19472, stack(0x000000c5fab00000,0x000000c5fac00000) (1024K)]
  0x000001ce9d41a300 JavaThread "Build operations Thread 6"         [_thread_blocked, id=17876, stack(0x000000c5fac00000,0x000000c5fad00000) (1024K)]
  0x000001ce9d420570 JavaThread "Build operations Thread 7"         [_thread_blocked, id=3904, stack(0x000000c5fad00000,0x000000c5fae00000) (1024K)]
  0x000001ce9d41f850 JavaThread "Build operations Thread 8"         [_thread_blocked, id=14416, stack(0x000000c5fae00000,0x000000c5faf00000) (1024K)]
  0x000001ce9d420c00 JavaThread "Build operations Thread 9"         [_thread_blocked, id=20944, stack(0x000000c5faf00000,0x000000c5fb000000) (1024K)]
  0x000001ce9d41eb30 JavaThread "Build operations Thread 10"        [_thread_blocked, id=23344, stack(0x000000c5fb000000,0x000000c5fb100000) (1024K)]
  0x000001ce9d41f1c0 JavaThread "Build operations Thread 11"        [_thread_blocked, id=14804, stack(0x000000c5fb100000,0x000000c5fb200000) (1024K)]
  0x000001ce9d421290 JavaThread "Build operations Thread 12"        [_thread_blocked, id=22204, stack(0x000000c5fb200000,0x000000c5fb300000) (1024K)]
  0x000001ce9d41fee0 JavaThread "Memory manager"                    [_thread_blocked, id=22792, stack(0x000000c5fb300000,0x000000c5fb400000) (1024K)]
  0x000001ce9d41de10 JavaThread "jar transforms Thread 4"           [_thread_blocked, id=20508, stack(0x000000c5fb400000,0x000000c5fb500000) (1024K)]
  0x000001ce9d421920 JavaThread "ForkJoinPool.commonPool-worker-1" daemon [_thread_blocked, id=16312, stack(0x000000c5fa300000,0x000000c5fa400000) (1024K)]
  0x000001ce9d41e4a0 JavaThread "ForkJoinPool.commonPool-worker-2" daemon [_thread_blocked, id=18612, stack(0x000000c5fa500000,0x000000c5fa600000) (1024K)]
  0x000001ce9de59330 JavaThread "ForkJoinPool.commonPool-worker-3" daemon [_thread_blocked, id=7780, stack(0x000000c5fb500000,0x000000c5fb600000) (1024K)]
  0x000001ce9de5ba90 JavaThread "ForkJoinPool.commonPool-worker-4" daemon [_thread_blocked, id=16132, stack(0x000000c5fb600000,0x000000c5fb700000) (1024K)]
  0x000001ce9de5a050 JavaThread "ForkJoinPool.commonPool-worker-5" daemon [_thread_blocked, id=20548, stack(0x000000c5fb700000,0x000000c5fb800000) (1024K)]
  0x000001ce9de599c0 JavaThread "ForkJoinPool.commonPool-worker-6" daemon [_thread_blocked, id=8736, stack(0x000000c5fb800000,0x000000c5fb900000) (1024K)]
  0x000001ce9de5a6e0 JavaThread "ForkJoinPool.commonPool-worker-7" daemon [_thread_blocked, id=12160, stack(0x000000c5fb900000,0x000000c5fba00000) (1024K)]
  0x000001ce9de5ad70 JavaThread "ForkJoinPool.commonPool-worker-8" daemon [_thread_blocked, id=4092, stack(0x000000c5fba00000,0x000000c5fbb00000) (1024K)]
  0x000001ce9de5c120 JavaThread "ForkJoinPool.commonPool-worker-9" daemon [_thread_blocked, id=22944, stack(0x000000c5fbb00000,0x000000c5fbc00000) (1024K)]
  0x000001ce9de58ca0 JavaThread "ForkJoinPool.commonPool-worker-10" daemon [_thread_blocked, id=16436, stack(0x000000c5fbc00000,0x000000c5fbd00000) (1024K)]
  0x000001ce9de5c7b0 JavaThread "ForkJoinPool.commonPool-worker-11" daemon [_thread_blocked, id=18628, stack(0x000000c5fbd00000,0x000000c5fbe00000) (1024K)]
  0x000001ce9de5ce40 JavaThread "Exec process"               daemon [_thread_blocked, id=1632, stack(0x000000c5fbe00000,0x000000c5fbf00000) (1024K)]
  0x000001ce9de5d4d0 JavaThread "Exec process Thread 2"      daemon [_thread_blocked, id=1944, stack(0x000000c5fbf00000,0x000000c5fc000000) (1024K)]
  0x000001ce9de5db60 JavaThread "Exec process Thread 3"      daemon [_thread_blocked, id=4180, stack(0x000000c5fc000000,0x000000c5fc100000) (1024K)]
=>0x000001ce9b8a4070 JavaThread "C2 CompilerThread1"         daemon [_thread_in_native, id=18284, stack(0x000000c5fc100000,0x000000c5fc200000) (1024K)]
Total: 64

Other Threads:
  0x000001ce51908950 VMThread "VM Thread"                           [id=13588, stack(0x000000c5f7700000,0x000000c5f7800000) (1024K)]
  0x000001ce518f3f50 WatcherThread "VM Periodic Task Thread"        [id=13044, stack(0x000000c5f7600000,0x000000c5f7700000) (1024K)]
  0x000001ce324893f0 WorkerThread "GC Thread#0"                     [id=15768, stack(0x000000c5f7100000,0x000000c5f7200000) (1024K)]
  0x000001ce974f9710 WorkerThread "GC Thread#1"                     [id=13192, stack(0x000000c5f8400000,0x000000c5f8500000) (1024K)]
  0x000001ce974f9ab0 WorkerThread "GC Thread#2"                     [id=1288, stack(0x000000c5f8500000,0x000000c5f8600000) (1024K)]
  0x000001ce974f9e50 WorkerThread "GC Thread#3"                     [id=22836, stack(0x000000c5f8600000,0x000000c5f8700000) (1024K)]
  0x000001ce974fa1f0 WorkerThread "GC Thread#4"                     [id=7896, stack(0x000000c5f8700000,0x000000c5f8800000) (1024K)]
  0x000001ce974fa590 WorkerThread "GC Thread#5"                     [id=13740, stack(0x000000c5f8800000,0x000000c5f8900000) (1024K)]
  0x000001ce9917d0c0 WorkerThread "GC Thread#6"                     [id=18764, stack(0x000000c5f9500000,0x000000c5f9600000) (1024K)]
  0x000001ce9917d460 WorkerThread "GC Thread#7"                     [id=21040, stack(0x000000c5f9600000,0x000000c5f9700000) (1024K)]
  0x000001ce997160a0 WorkerThread "GC Thread#8"                     [id=17100, stack(0x000000c5f9700000,0x000000c5f9800000) (1024K)]
  0x000001ce99717660 WorkerThread "GC Thread#9"                     [id=14496, stack(0x000000c5f9800000,0x000000c5f9900000) (1024K)]
  0x000001ce32499f50 ConcurrentGCThread "G1 Main Marker"            [id=21728, stack(0x000000c5f7200000,0x000000c5f7300000) (1024K)]
  0x000001ce3249cb40 WorkerThread "G1 Conc#0"                       [id=11524, stack(0x000000c5f7300000,0x000000c5f7400000) (1024K)]
  0x000001ce99716440 WorkerThread "G1 Conc#1"                       [id=18592, stack(0x000000c5f9a00000,0x000000c5f9b00000) (1024K)]
  0x000001ce99716f20 WorkerThread "G1 Conc#2"                       [id=22240, stack(0x000000c5f9b00000,0x000000c5f9c00000) (1024K)]
  0x000001ce517cb460 ConcurrentGCThread "G1 Refine#0"               [id=19004, stack(0x000000c5f7400000,0x000000c5f7500000) (1024K)]
  0x000001ce517cb890 ConcurrentGCThread "G1 Service"                [id=14148, stack(0x000000c5f7500000,0x000000c5f7600000) (1024K)]
Total: 18

Threads with active compile tasks:
C2 CompilerThread0    19791 8953   !   4       io.spring.gradle.dependencymanagement.org.codehaus.plexus.interpolation.StringSearchInterpolator::interpolate (668 bytes)
C2 CompilerThread1    19791 8981       4       io.spring.gradle.dependencymanagement.org.codehaus.plexus.util.xml.Xpp3Dom::<init> (125 bytes)
Total: 2

VM state: not at safepoint (normal execution)

VM Mutex/Monitor currently owned by a thread: None

Heap address: 0x0000000704e00000, size: 4018 MB, Compressed Oops mode: Zero based, Oop shift amount: 3

CDS archive(s) mapped at: [0x000001ce52000000-0x000001ce52c90000-0x000001ce52c90000), size 13172736, SharedBaseAddress: 0x000001ce52000000, ArchiveRelocationMode: 1.
Compressed class space mapped at: 0x000001ce53000000-0x000001ce93000000, reserved size: 1073741824
Narrow klass base: 0x000001ce52000000, Narrow klass shift: 0, Narrow klass range: 0x100000000

GC Precious Log:
 CardTable entry size: 512
 Card Set container configuration: InlinePtr #cards 4 size 8 Array Of Cards #cards 16 size 48 Howl #buckets 8 coarsen threshold 3686 Howl Bitmap #cards 512 size 80 coarsen threshold 460 Card regions per heap region 1 cards per card region 4096
 CPUs: 12 total, 12 available
 Memory: 16067M
 Large Page Support: Disabled
 NUMA Support: Disabled
 Compressed Oops: Enabled (Zero based)
 Heap Region Size: 2M
 Heap Min Capacity: 8M
 Heap Initial Capacity: 252M
 Heap Max Capacity: 4018M
 Pre-touch: Disabled
 Parallel Workers: 10
 Concurrent Workers: 3
 Concurrent Refinement Workers: 10
 Periodic GC: Disabled

Heap:
 garbage-first heap   total 114688K, used 83326K [0x0000000704e00000, 0x0000000800000000)
  region size 2048K, 20 young (40960K), 2 survivors (4096K)
 Metaspace       used 56202K, committed 58368K, reserved 1114112K
  class space    used 8171K, committed 9280K, reserved 1048576K

Heap Regions: E=young(eden), S=young(survivor), O=old, HS=humongous(starts), HC=humongous(continues), CS=collection set, F=free, TAMS=top-at-mark-start, PB=parsable bottom
|   0|0x0000000704e00000, 0x0000000705000000, 0x0000000705000000|100%|HS|  |TAMS 0x0000000704e00000| PB 0x0000000704e00000| Complete 
|   1|0x0000000705000000, 0x0000000705200000, 0x0000000705200000|100%|HC|  |TAMS 0x0000000705000000| PB 0x0000000705000000| Complete 
|   2|0x0000000705200000, 0x0000000705400000, 0x0000000705400000|100%| O|  |TAMS 0x0000000705200000| PB 0x0000000705200000| Untracked 
|   3|0x0000000705400000, 0x0000000705600000, 0x0000000705600000|100%| O|  |TAMS 0x0000000705400000| PB 0x0000000705400000| Untracked 
|   4|0x0000000705600000, 0x0000000705800000, 0x0000000705800000|100%| O|  |TAMS 0x0000000705600000| PB 0x0000000705600000| Untracked 
|   5|0x0000000705800000, 0x0000000705a00000, 0x0000000705a00000|100%| O|  |TAMS 0x0000000705800000| PB 0x0000000705800000| Untracked 
|   6|0x0000000705a00000, 0x0000000705c00000, 0x0000000705c00000|100%| O|  |TAMS 0x0000000705a00000| PB 0x0000000705a00000| Untracked 
|   7|0x0000000705c00000, 0x0000000705e00000, 0x0000000705e00000|100%| O|  |TAMS 0x0000000705c00000| PB 0x0000000705c00000| Untracked 
|   8|0x0000000705e00000, 0x0000000706000000, 0x0000000706000000|100%| O|  |TAMS 0x0000000705e00000| PB 0x0000000705e00000| Untracked 
|   9|0x0000000706000000, 0x0000000706200000, 0x0000000706200000|100%| O|  |TAMS 0x0000000706000000| PB 0x0000000706000000| Untracked 
|  10|0x0000000706200000, 0x0000000706400000, 0x0000000706400000|100%| O|  |TAMS 0x0000000706200000| PB 0x0000000706200000| Untracked 
|  11|0x0000000706400000, 0x0000000706600000, 0x0000000706600000|100%| O|  |TAMS 0x0000000706400000| PB 0x0000000706400000| Untracked 
|  12|0x0000000706600000, 0x0000000706800000, 0x0000000706800000|100%| O|  |TAMS 0x0000000706600000| PB 0x0000000706600000| Untracked 
|  13|0x0000000706800000, 0x0000000706800000, 0x0000000706a00000|  0%| F|  |TAMS 0x0000000706800000| PB 0x0000000706800000| Untracked 
|  14|0x0000000706a00000, 0x0000000706a00000, 0x0000000706c00000|  0%| F|  |TAMS 0x0000000706a00000| PB 0x0000000706a00000| Untracked 
|  15|0x0000000706c00000, 0x0000000706c00000, 0x0000000706e00000|  0%| F|  |TAMS 0x0000000706c00000| PB 0x0000000706c00000| Untracked 
|  16|0x0000000706e00000, 0x0000000706e00000, 0x0000000707000000|  0%| F|  |TAMS 0x0000000706e00000| PB 0x0000000706e00000| Untracked 
|  17|0x0000000707000000, 0x0000000707000000, 0x0000000707200000|  0%| F|  |TAMS 0x0000000707000000| PB 0x0000000707000000| Untracked 
|  18|0x0000000707200000, 0x0000000707400000, 0x0000000707400000|100%| O|  |TAMS 0x0000000707200000| PB 0x0000000707200000| Untracked 
|  19|0x0000000707400000, 0x0000000707600000, 0x0000000707600000|100%| O|  |TAMS 0x0000000707400000| PB 0x0000000707400000| Untracked 
|  20|0x0000000707600000, 0x0000000707800000, 0x0000000707800000|100%| O|  |TAMS 0x0000000707600000| PB 0x0000000707600000| Untracked 
|  21|0x0000000707800000, 0x000000070798a920, 0x0000000707a00000| 77%| O|  |TAMS 0x0000000707800000| PB 0x0000000707800000| Untracked 
|  22|0x0000000707a00000, 0x0000000707a00000, 0x0000000707c00000|  0%| F|  |TAMS 0x0000000707a00000| PB 0x0000000707a00000| Untracked 
|  23|0x0000000707c00000, 0x0000000707c00000, 0x0000000707e00000|  0%| F|  |TAMS 0x0000000707c00000| PB 0x0000000707c00000| Untracked 
|  24|0x0000000707e00000, 0x0000000707fd5200, 0x0000000708000000| 91%| S|CS|TAMS 0x0000000707e00000| PB 0x0000000707e00000| Complete 
|  25|0x0000000708000000, 0x0000000708200000, 0x0000000708200000|100%| S|CS|TAMS 0x0000000708000000| PB 0x0000000708000000| Complete 
|  26|0x0000000708200000, 0x0000000708200000, 0x0000000708400000|  0%| F|  |TAMS 0x0000000708200000| PB 0x0000000708200000| Untracked 
|  27|0x0000000708400000, 0x0000000708400000, 0x0000000708600000|  0%| F|  |TAMS 0x0000000708400000| PB 0x0000000708400000| Untracked 
|  28|0x0000000708600000, 0x0000000708600000, 0x0000000708800000|  0%| F|  |TAMS 0x0000000708600000| PB 0x0000000708600000| Untracked 
|  29|0x0000000708800000, 0x0000000708800000, 0x0000000708a00000|  0%| F|  |TAMS 0x0000000708800000| PB 0x0000000708800000| Untracked 
|  30|0x0000000708a00000, 0x0000000708a00000, 0x0000000708c00000|  0%| F|  |TAMS 0x0000000708a00000| PB 0x0000000708a00000| Untracked 
|  31|0x0000000708c00000, 0x0000000708c00000, 0x0000000708e00000|  0%| F|  |TAMS 0x0000000708c00000| PB 0x0000000708c00000| Untracked 
|  32|0x0000000708e00000, 0x0000000708e00000, 0x0000000709000000|  0%| F|  |TAMS 0x0000000708e00000| PB 0x0000000708e00000| Untracked 
|  33|0x0000000709000000, 0x00000007091da200, 0x0000000709200000| 92%| E|  |TAMS 0x0000000709000000| PB 0x0000000709000000| Complete 
|  34|0x0000000709200000, 0x0000000709400000, 0x0000000709400000|100%| E|CS|TAMS 0x0000000709200000| PB 0x0000000709200000| Complete 
|  35|0x0000000709400000, 0x0000000709600000, 0x0000000709600000|100%| E|CS|TAMS 0x0000000709400000| PB 0x0000000709400000| Complete 
|  36|0x0000000709600000, 0x0000000709800000, 0x0000000709800000|100%| E|CS|TAMS 0x0000000709600000| PB 0x0000000709600000| Complete 
|  37|0x0000000709800000, 0x0000000709a00000, 0x0000000709a00000|100%| E|CS|TAMS 0x0000000709800000| PB 0x0000000709800000| Complete 
|  38|0x0000000709a00000, 0x0000000709c00000, 0x0000000709c00000|100%| E|CS|TAMS 0x0000000709a00000| PB 0x0000000709a00000| Complete 
|  39|0x0000000709c00000, 0x0000000709e00000, 0x0000000709e00000|100%| E|CS|TAMS 0x0000000709c00000| PB 0x0000000709c00000| Complete 
|  40|0x0000000709e00000, 0x000000070a000000, 0x000000070a000000|100%| E|CS|TAMS 0x0000000709e00000| PB 0x0000000709e00000| Complete 
|  41|0x000000070a000000, 0x000000070a200000, 0x000000070a200000|100%| E|CS|TAMS 0x000000070a000000| PB 0x000000070a000000| Complete 
|  42|0x000000070a200000, 0x000000070a400000, 0x000000070a400000|100%| E|CS|TAMS 0x000000070a200000| PB 0x000000070a200000| Complete 
| 103|0x0000000711c00000, 0x0000000711e00000, 0x0000000711e00000|100%| E|CS|TAMS 0x0000000711c00000| PB 0x0000000711c00000| Complete 
| 104|0x0000000711e00000, 0x0000000712000000, 0x0000000712000000|100%| E|CS|TAMS 0x0000000711e00000| PB 0x0000000711e00000| Complete 
| 105|0x0000000712000000, 0x0000000712200000, 0x0000000712200000|100%| E|CS|TAMS 0x0000000712000000| PB 0x0000000712000000| Complete 
| 106|0x0000000712200000, 0x0000000712400000, 0x0000000712400000|100%| E|CS|TAMS 0x0000000712200000| PB 0x0000000712200000| Complete 
| 107|0x0000000712400000, 0x0000000712600000, 0x0000000712600000|100%| E|CS|TAMS 0x0000000712400000| PB 0x0000000712400000| Complete 
| 108|0x0000000712600000, 0x0000000712800000, 0x0000000712800000|100%| E|CS|TAMS 0x0000000712600000| PB 0x0000000712600000| Complete 
| 109|0x0000000712800000, 0x0000000712a00000, 0x0000000712a00000|100%| E|CS|TAMS 0x0000000712800000| PB 0x0000000712800000| Complete 
| 125|0x0000000714800000, 0x0000000714a00000, 0x0000000714a00000|100%| E|CS|TAMS 0x0000000714800000| PB 0x0000000714800000| Complete 
|2004|0x00000007ff600000, 0x00000007ff800000, 0x00000007ff800000|100%| O|  |TAMS 0x00000007ff600000| PB 0x00000007ff600000| Untracked 
|2005|0x00000007ff800000, 0x00000007ffa00000, 0x00000007ffa00000|100%| O|  |TAMS 0x00000007ff800000| PB 0x00000007ff800000| Untracked 
|2006|0x00000007ffa00000, 0x00000007ffc00000, 0x00000007ffc00000|100%| O|  |TAMS 0x00000007ffa00000| PB 0x00000007ffa00000| Untracked 
|2007|0x00000007ffc00000, 0x00000007ffe00000, 0x00000007ffe00000|100%| O|  |TAMS 0x00000007ffc00000| PB 0x00000007ffc00000| Untracked 
|2008|0x00000007ffe00000, 0x0000000800000000, 0x0000000800000000|100%| O|  |TAMS 0x00000007ffe00000| PB 0x00000007ffe00000| Untracked 

Card table byte_map: [0x000001ce4a5e0000,0x000001ce4adc0000] _byte_map_base: 0x000001ce46db9000

Marking Bits: (CMBitMap*) 0x000001ce32489a00
 Bits: [0x000001ce4adc0000, 0x000001ce4ec88000)

Polling page: 0x000001ce30360000

Metaspace:

Usage:
  Non-class:     46.91 MB used.
      Class:      7.98 MB used.
       Both:     54.89 MB used.

Virtual space:
  Non-class space:       64.00 MB reserved,      47.94 MB ( 75%) committed,  1 nodes.
      Class space:        1.00 GB reserved,       9.06 MB ( <1%) committed,  1 nodes.
             Both:        1.06 GB reserved,      57.00 MB (  5%) committed. 

Chunk freelists:
   Non-Class:  0 bytes
       Class:  6.97 MB
        Both:  6.97 MB

MaxMetaspaceSize: unlimited
CompressedClassSpaceSize: 1.00 GB
Initial GC threshold: 21.00 MB
Current GC threshold: 59.19 MB
CDS: on
 - commit_granule_bytes: 65536.
 - commit_granule_words: 8192.
 - virtual_space_node_default_size: 8388608.
 - enlarge_chunks_in_place: 1.
 - use_allocation_guard: 0.


Internal statistics:

num_allocs_failed_limit: 11.
num_arena_births: 3942.
num_arena_deaths: 0.
num_vsnodes_births: 2.
num_vsnodes_deaths: 0.
num_space_committed: 912.
num_space_uncommitted: 0.
num_chunks_returned_to_freelist: 11.
num_chunks_taken_from_freelist: 6965.
num_chunk_merges: 11.
num_chunk_splits: 4383.
num_chunks_enlarged: 2484.
num_inconsistent_stats: 0.

CodeHeap 'non-profiled nmethods': size=120000Kb used=5000Kb max_used=5000Kb free=114999Kb
 bounds [0x000001ce42380000, 0x000001ce42870000, 0x000001ce498b0000]
CodeHeap 'profiled nmethods': size=120000Kb used=16685Kb max_used=16685Kb free=103314Kb
 bounds [0x000001ce3a8b0000, 0x000001ce3b900000, 0x000001ce41de0000]
CodeHeap 'non-nmethods': size=5760Kb used=2022Kb max_used=2066Kb free=3737Kb
 bounds [0x000001ce41de0000, 0x000001ce42050000, 0x000001ce42380000]
 total_blobs=9369 nmethods=8599 adapters=673
 compilation: enabled
              stopped_count=0, restarted_count=0
 full_count=0

Compilation events (20 events):
Event: 19.630 Thread 0x000001ce5193bd20 9001       1       io.spring.gradle.dependencymanagement.org.apache.maven.model.Model::setVersion (6 bytes)
Event: 19.631 Thread 0x000001ce5193bd20 nmethod 9001 0x000001ce42860510 code [0x000001ce428606a0, 0x000001ce428607b8]
Event: 19.631 Thread 0x000001ce5193bd20 9002       1       io.spring.gradle.dependencymanagement.org.apache.maven.model.Model::setLicenses (6 bytes)
Event: 19.631 Thread 0x000001ce5193bd20 nmethod 9002 0x000001ce42860810 code [0x000001ce428609a0, 0x000001ce42860ac0]
Event: 19.632 Thread 0x000001ce5193bd20 9003       3       io.spring.gradle.dependencymanagement.org.apache.maven.model.io.xpp3.MavenXpp3Reader::parseModel (1606 bytes)
Event: 19.649 Thread 0x000001ce5193bd20 nmethod 9003 0x000001ce3b8ca990 code [0x000001ce3b8cbb20, 0x000001ce3b8d5af0]
Event: 19.650 Thread 0x000001ce5193bd20 9007       3       java.nio.charset.CharsetDecoder::replaceWith (68 bytes)
Event: 19.650 Thread 0x000001ce5193bd20 nmethod 9007 0x000001ce3b8d8910 code [0x000001ce3b8d8b20, 0x000001ce3b8d9178]
Event: 19.650 Thread 0x000001ce5193bd20 9008       1       io.spring.gradle.dependencymanagement.org.apache.maven.model.RepositoryPolicy::setEnabled (6 bytes)
Event: 19.651 Thread 0x000001ce5193bd20 nmethod 9008 0x000001ce42860b10 code [0x000001ce42860ca0, 0x000001ce42860db8]
Event: 19.651 Thread 0x000001ce5193bd20 9004       1       io.spring.gradle.dependencymanagement.org.apache.maven.model.Model::setArtifactId (6 bytes)
Event: 19.651 Thread 0x000001ce5193bd20 nmethod 9004 0x000001ce42860e10 code [0x000001ce42860fa0, 0x000001ce428610b8]
Event: 19.651 Thread 0x000001ce5193bd20 9005       1       io.spring.gradle.dependencymanagement.org.apache.maven.model.Model::setName (6 bytes)
Event: 19.651 Thread 0x000001ce5193bd20 nmethod 9005 0x000001ce42861110 code [0x000001ce428612a0, 0x000001ce428613b8]
Event: 19.651 Thread 0x000001ce5193bd20 9006       1       io.spring.gradle.dependencymanagement.org.apache.maven.model.Model::setDescription (6 bytes)
Event: 19.651 Thread 0x000001ce5193bd20 nmethod 9006 0x000001ce42861410 code [0x000001ce428615a0, 0x000001ce428616b8]
Event: 19.656 Thread 0x000001ce5193bd20 9009   !   3       org.gradle.api.internal.provider.AbstractProperty::finalizeValue (67 bytes)
Event: 19.657 Thread 0x000001ce5193bd20 nmethod 9009 0x000001ce3b8d9390 code [0x000001ce3b8d9640, 0x000001ce3b8da1e0]
Event: 19.674 Thread 0x000001ce5193bd20 9010       3       org.gradle.internal.serialize.kryo.KryoBackedEncoder::writeBoolean (9 bytes)
Event: 19.675 Thread 0x000001ce5193bd20 nmethod 9010 0x000001ce3b8da610 code [0x000001ce3b8da7c0, 0x000001ce3b8da920]

GC Heap History (20 events):
Event: 0.987 GC heap before
{Heap before GC invocations=1 (full 0):
 garbage-first heap   total 258048K, used 35376K [0x0000000704e00000, 0x0000000800000000)
  region size 2048K, 14 young (28672K), 2 survivors (4096K)
 Metaspace       used 4593K, committed 4800K, reserved 1114112K
  class space    used 576K, committed 704K, reserved 1048576K
}
Event: 0.990 GC heap after
{Heap after GC invocations=2 (full 0):
 garbage-first heap   total 258048K, used 12241K [0x0000000704e00000, 0x0000000800000000)
  region size 2048K, 1 young (2048K), 1 survivors (2048K)
 Metaspace       used 4593K, committed 4800K, reserved 1114112K
  class space    used 576K, committed 704K, reserved 1048576K
}
Event: 3.845 GC heap before
{Heap before GC invocations=2 (full 0):
 garbage-first heap   total 258048K, used 98257K [0x0000000704e00000, 0x0000000800000000)
  region size 2048K, 44 young (90112K), 1 survivors (2048K)
 Metaspace       used 17056K, committed 17536K, reserved 1114112K
  class space    used 2281K, committed 2496K, reserved 1048576K
}
Event: 3.858 GC heap after
{Heap after GC invocations=3 (full 0):
 garbage-first heap   total 258048K, used 21978K [0x0000000704e00000, 0x0000000800000000)
  region size 2048K, 6 young (12288K), 6 survivors (12288K)
 Metaspace       used 17056K, committed 17536K, reserved 1114112K
  class space    used 2281K, committed 2496K, reserved 1048576K
}
Event: 5.049 GC heap before
{Heap before GC invocations=3 (full 0):
 garbage-first heap   total 258048K, used 52698K [0x0000000704e00000, 0x0000000800000000)
  region size 2048K, 22 young (45056K), 6 survivors (12288K)
 Metaspace       used 20896K, committed 21504K, reserved 1114112K
  class space    used 2906K, committed 3200K, reserved 1048576K
}
Event: 5.060 GC heap after
{Heap after GC invocations=4 (full 0):
 garbage-first heap   total 258048K, used 24531K [0x0000000704e00000, 0x0000000800000000)
  region size 2048K, 7 young (14336K), 7 survivors (14336K)
 Metaspace       used 20896K, committed 21504K, reserved 1114112K
  class space    used 2906K, committed 3200K, reserved 1048576K
}
Event: 7.527 GC heap before
{Heap before GC invocations=5 (full 0):
 garbage-first heap   total 96256K, used 94163K [0x0000000704e00000, 0x0000000800000000)
  region size 2048K, 41 young (83968K), 7 survivors (14336K)
 Metaspace       used 29750K, committed 31040K, reserved 1114112K
  class space    used 4340K, committed 4992K, reserved 1048576K
}
Event: 7.543 GC heap after
{Heap after GC invocations=6 (full 0):
 garbage-first heap   total 114688K, used 28151K [0x0000000704e00000, 0x0000000800000000)
  region size 2048K, 4 young (8192K), 4 survivors (8192K)
 Metaspace       used 29750K, committed 31040K, reserved 1114112K
  class space    used 4340K, committed 4992K, reserved 1048576K
}
Event: 8.457 GC heap before
{Heap before GC invocations=6 (full 0):
 garbage-first heap   total 114688K, used 56823K [0x0000000704e00000, 0x0000000800000000)
  region size 2048K, 20 young (40960K), 4 survivors (8192K)
 Metaspace       used 34614K, committed 35968K, reserved 1114112K
  class space    used 4922K, committed 5632K, reserved 1048576K
}
Event: 8.469 GC heap after
{Heap after GC invocations=7 (full 0):
 garbage-first heap   total 114688K, used 30783K [0x0000000704e00000, 0x0000000800000000)
  region size 2048K, 4 young (8192K), 4 survivors (8192K)
 Metaspace       used 34614K, committed 35968K, reserved 1114112K
  class space    used 4922K, committed 5632K, reserved 1048576K
}
Event: 8.531 GC heap before
{Heap before GC invocations=7 (full 0):
 garbage-first heap   total 114688K, used 32831K [0x0000000704e00000, 0x0000000800000000)
  region size 2048K, 6 young (12288K), 4 survivors (8192K)
 Metaspace       used 34939K, committed 36288K, reserved 1114112K
  class space    used 4968K, committed 5632K, reserved 1048576K
}
Event: 8.539 GC heap after
{Heap after GC invocations=8 (full 0):
 garbage-first heap   total 114688K, used 31346K [0x0000000704e00000, 0x0000000800000000)
  region size 2048K, 2 young (4096K), 2 survivors (4096K)
 Metaspace       used 34939K, committed 36288K, reserved 1114112K
  class space    used 4968K, committed 5632K, reserved 1048576K
}
Event: 10.637 GC heap before
{Heap before GC invocations=9 (full 0):
 garbage-first heap   total 114688K, used 94834K [0x0000000704e00000, 0x0000000800000000)
  region size 2048K, 33 young (67584K), 2 survivors (4096K)
 Metaspace       used 41951K, committed 43776K, reserved 1114112K
  class space    used 6160K, committed 7104K, reserved 1048576K
}
Event: 10.648 GC heap after
{Heap after GC invocations=10 (full 0):
 garbage-first heap   total 114688K, used 35601K [0x0000000704e00000, 0x0000000800000000)
  region size 2048K, 4 young (8192K), 4 survivors (8192K)
 Metaspace       used 41951K, committed 43776K, reserved 1114112K
  class space    used 6160K, committed 7104K, reserved 1048576K
}
Event: 12.776 GC heap before
{Heap before GC invocations=10 (full 0):
 garbage-first heap   total 114688K, used 94993K [0x0000000704e00000, 0x0000000800000000)
  region size 2048K, 33 young (67584K), 4 survivors (8192K)
 Metaspace       used 47241K, committed 49152K, reserved 1114112K
  class space    used 6994K, committed 7936K, reserved 1048576K
}
Event: 12.789 GC heap after
{Heap after GC invocations=11 (full 0):
 garbage-first heap   total 114688K, used 38235K [0x0000000704e00000, 0x0000000800000000)
  region size 2048K, 4 young (8192K), 4 survivors (8192K)
 Metaspace       used 47241K, committed 49152K, reserved 1114112K
  class space    used 6994K, committed 7936K, reserved 1048576K
}
Event: 15.230 GC heap before
{Heap before GC invocations=11 (full 0):
 garbage-first heap   total 114688K, used 97627K [0x0000000704e00000, 0x0000000800000000)
  region size 2048K, 33 young (67584K), 4 survivors (8192K)
 Metaspace       used 52374K, committed 54528K, reserved 1114112K
  class space    used 7828K, committed 8896K, reserved 1048576K
}
Event: 15.245 GC heap after
{Heap after GC invocations=12 (full 0):
 garbage-first heap   total 114688K, used 44562K [0x0000000704e00000, 0x0000000800000000)
  region size 2048K, 5 young (10240K), 5 survivors (10240K)
 Metaspace       used 52374K, committed 54528K, reserved 1114112K
  class space    used 7828K, committed 8896K, reserved 1048576K
}
Event: 17.983 GC heap before
{Heap before GC invocations=12 (full 0):
 garbage-first heap   total 114688K, used 95762K [0x0000000704e00000, 0x0000000800000000)
  region size 2048K, 30 young (61440K), 5 survivors (10240K)
 Metaspace       used 55471K, committed 57600K, reserved 1114112K
  class space    used 8133K, committed 9216K, reserved 1048576K
}
Event: 17.995 GC heap after
{Heap after GC invocations=13 (full 0):
 garbage-first heap   total 114688K, used 48510K [0x0000000704e00000, 0x0000000800000000)
  region size 2048K, 2 young (4096K), 2 survivors (4096K)
 Metaspace       used 55471K, committed 57600K, reserved 1114112K
  class space    used 8133K, committed 9216K, reserved 1048576K
}

Dll operation events (15 events):
Event: 0.014 Loaded shared library C:\Program Files\Java\jdk-21\bin\java.dll
Event: 0.054 Loaded shared library C:\Program Files\Java\jdk-21\bin\jsvml.dll
Event: 0.095 Loaded shared library C:\Program Files\Java\jdk-21\bin\zip.dll
Event: 0.100 Loaded shared library C:\Program Files\Java\jdk-21\bin\instrument.dll
Event: 0.106 Loaded shared library C:\Program Files\Java\jdk-21\bin\net.dll
Event: 0.109 Loaded shared library C:\Program Files\Java\jdk-21\bin\nio.dll
Event: 0.111 Loaded shared library C:\Program Files\Java\jdk-21\bin\zip.dll
Event: 0.277 Loaded shared library C:\Program Files\Java\jdk-21\bin\jimage.dll
Event: 0.496 Loaded shared library C:\Program Files\Java\jdk-21\bin\verify.dll
Event: 0.524 Loaded shared library C:\Users\jinwo\.gradle\native\660c5614fbf4a5f2a75b1949f50a0caf5cd603558e7d8a26e50b933a0cfb79d1\windows-amd64\native-platform.dll
Event: 0.541 Loaded shared library C:\Users\jinwo\.gradle\native\0.2.8\x86_64-windows-gnu\gradle-fileevents.dll
Event: 1.751 Loaded shared library C:\Program Files\Java\jdk-21\bin\management.dll
Event: 1.755 Loaded shared library C:\Program Files\Java\jdk-21\bin\management_ext.dll
Event: 2.010 Loaded shared library C:\Program Files\Java\jdk-21\bin\extnet.dll
Event: 2.375 Loaded shared library C:\Program Files\Java\jdk-21\bin\sunmscapi.dll

Deoptimization events (20 events):
Event: 18.407 Thread 0x000001ce98eb60d0 Uncommon trap: trap_request=0xffffffde fr.pc=0x000001ce4280b97c relative=0x00000000000002dc
Event: 18.407 Thread 0x000001ce98eb60d0 Uncommon trap: reason=class_check action=maybe_recompile pc=0x000001ce4280b97c method=org.gradle.api.internal.artifacts.ModuleComponentSelectorSerializer.readCapabilitySelectors(Lorg/gradle/internal/serialize/Decoder;)Lcom/google/common/collect/ImmutableS
Event: 18.407 Thread 0x000001ce98eb60d0 DEOPT PACKING pc=0x000001ce4280b97c sp=0x000000c5f8ef8650
Event: 18.407 Thread 0x000001ce98eb60d0 DEOPT UNPACKING pc=0x000001ce41e346a2 sp=0x000000c5f8ef8618 mode 2
Event: 18.407 Thread 0x000001ce98eb60d0 Uncommon trap: trap_request=0xffffffde fr.pc=0x000001ce4280b97c relative=0x00000000000002dc
Event: 18.407 Thread 0x000001ce98eb60d0 Uncommon trap: reason=class_check action=maybe_recompile pc=0x000001ce4280b97c method=org.gradle.api.internal.artifacts.ModuleComponentSelectorSerializer.readCapabilitySelectors(Lorg/gradle/internal/serialize/Decoder;)Lcom/google/common/collect/ImmutableS
Event: 18.407 Thread 0x000001ce98eb60d0 DEOPT PACKING pc=0x000001ce4280b97c sp=0x000000c5f8ef8650
Event: 18.407 Thread 0x000001ce98eb60d0 DEOPT UNPACKING pc=0x000001ce41e346a2 sp=0x000000c5f8ef8618 mode 2
Event: 18.412 Thread 0x000001ce98eb60d0 Uncommon trap: trap_request=0xffffffde fr.pc=0x000001ce42806054 relative=0x0000000000001c14
Event: 18.412 Thread 0x000001ce98eb60d0 Uncommon trap: reason=class_check action=maybe_recompile pc=0x000001ce42806054 method=org.gradle.api.internal.artifacts.ivyservice.resolveengine.result.DesugaredAttributeContainerSerializer.read(Lorg/gradle/internal/serialize/Decoder;)Lorg/gradle/api/inte
Event: 18.412 Thread 0x000001ce98eb60d0 DEOPT PACKING pc=0x000001ce42806054 sp=0x000000c5f8ef8580
Event: 18.412 Thread 0x000001ce98eb60d0 DEOPT UNPACKING pc=0x000001ce41e346a2 sp=0x000000c5f8ef8580 mode 2
Event: 18.490 Thread 0x000001ce98eb60d0 DEOPT PACKING pc=0x000001ce3b625031 sp=0x000000c5f8ef7e70
Event: 18.490 Thread 0x000001ce98eb60d0 DEOPT UNPACKING pc=0x000001ce41e34e42 sp=0x000000c5f8ef7308 mode 3
Event: 18.774 Thread 0x000001ce98eb60d0 Uncommon trap: trap_request=0xffffff45 fr.pc=0x000001ce427acf48 relative=0x0000000000000e28
Event: 18.774 Thread 0x000001ce98eb60d0 Uncommon trap: reason=unstable_if action=reinterpret pc=0x000001ce427acf48 method=io.spring.gradle.dependencymanagement.org.codehaus.plexus.util.xml.pull.MXParser.nextImpl()I @ 280 c2
Event: 18.774 Thread 0x000001ce98eb60d0 DEOPT PACKING pc=0x000001ce427acf48 sp=0x000000c5f8ef8410
Event: 18.774 Thread 0x000001ce98eb60d0 DEOPT UNPACKING pc=0x000001ce41e346a2 sp=0x000000c5f8ef8390 mode 2
Event: 18.876 Thread 0x000001ce98eb60d0 DEOPT PACKING pc=0x000001ce3b560f5e sp=0x000000c5f8ef80c0
Event: 18.876 Thread 0x000001ce98eb60d0 DEOPT UNPACKING pc=0x000001ce41e34e42 sp=0x000000c5f8ef75e0 mode 0

Classes loaded (20 events):
Event: 16.260 Loading class java/util/LinkedList$LLSpliterator
Event: 16.260 Loading class java/util/LinkedList$LLSpliterator done
Event: 16.274 Loading class java/util/stream/ReferencePipeline$4
Event: 16.274 Loading class java/util/stream/ReferencePipeline$4 done
Event: 16.275 Loading class java/util/stream/ReduceOps$6
Event: 16.275 Loading class java/util/stream/ReduceOps$6 done
Event: 16.275 Loading class java/util/stream/ReduceOps$5ReducingSink
Event: 16.275 Loading class java/util/stream/ReduceOps$5ReducingSink done
Event: 16.275 Loading class java/util/stream/ReferencePipeline$4$1
Event: 16.275 Loading class java/util/stream/ReferencePipeline$4$1 done
Event: 16.587 Loading class java/io/FileReader
Event: 16.587 Loading class java/io/FileReader done
Event: 16.589 Loading class java/text/MessageFormat
Event: 16.590 Loading class java/text/MessageFormat done
Event: 16.636 Loading class java/lang/StringIndexOutOfBoundsException
Event: 16.636 Loading class java/lang/StringIndexOutOfBoundsException done
Event: 16.673 Loading class java/util/Stack
Event: 16.673 Loading class java/util/Stack done
Event: 17.123 Loading class java/lang/foreign/MemorySegment
Event: 17.123 Loading class java/lang/foreign/MemorySegment done

Classes unloaded (0 events):
No events

Classes redefined (0 events):
No events

Internal exceptions (20 events):
Event: 14.728 Thread 0x000001ce98eb60d0 Exception <a 'java/lang/ClassNotFoundException'{0x00000007084b8338}: org/gradle/api/internal/tasks/DefaultTaskCollectionCustomizer> (0x00000007084b8338) 
thrown [s\open\src\hotspot\share\classfile\systemDictionary.cpp, line 312]
Event: 14.740 Thread 0x000001ce98eb60d0 Exception <a 'java/lang/ClassNotFoundException'{0x000000070851ee68}: org/gradle/api/internal/tasks/DefaultTaskContainerCustomizer> (0x000000070851ee68) 
thrown [s\open\src\hotspot\share\classfile\systemDictionary.cpp, line 312]
Event: 14.755 Thread 0x000001ce98eb60d0 Exception <a 'java/lang/ClassNotFoundException'{0x00000007085aeba8}: org/gradle/api/internal/tasks/DefaultTaskContainer_DecoratedCustomizer> (0x00000007085aeba8) 
thrown [s\open\src\hotspot\share\classfile\systemDictionary.cpp, line 312]
Event: 14.834 Thread 0x000001ce98eb60d0 Exception <a 'java/lang/NoSuchMethodError'{0x00000007082d0e28}: 'int java.lang.invoke.DirectMethodHandle$Holder.invokeSpecial(java.lang.Object, java.lang.Object, java.lang.Object, java.lang.Object, java.lang.Object)'> (0x00000007082d0e28) 
thrown [s\open\src\hotspot\share\interpreter\linkResolver.cpp, line 773]
Event: 14.848 Thread 0x000001ce98eb60d0 Exception <a 'java/lang/NoSuchMethodError'{0x0000000708309a60}: 'void java.lang.invoke.DirectMethodHandle$Holder.invokeInterface(java.lang.Object, java.lang.Object, java.lang.Object, java.lang.Object)'> (0x0000000708309a60) 
thrown [s\open\src\hotspot\share\interpreter\linkResolver.cpp, line 773]
Event: 15.062 Thread 0x000001ce98eb60d0 Exception <a 'java/lang/IncompatibleClassChangeError'{0x0000000707f5a1d0}: Found class java.lang.Object, but interface was expected> (0x0000000707f5a1d0) 
thrown [s\open\src\hotspot\share\interpreter\linkResolver.cpp, line 840]
Event: 15.192 Thread 0x000001ce98eb60d0 Exception <a 'java/lang/NoSuchMethodError'{0x0000000707a1f4a0}: 'java.lang.Object java.lang.invoke.DirectMethodHandle$Holder.newInvokeSpecial(java.lang.Object, java.lang.Object, java.lang.Object, java.lang.Object, java.lang.Object, java.lang.Object, int)'> (0x0000000707a1f4a0) 
thrown [s\open\src\hotspot\share\interpreter\linkResolver.cpp, line 773]
Event: 15.193 Thread 0x000001ce98eb60d0 Exception <a 'java/lang/NoSuchMethodError'{0x0000000707a24370}: 'java.lang.Object java.lang.invoke.DirectMethodHandle$Holder.invokeSpecial(java.lang.Object, java.lang.Object, java.lang.Object, java.lang.Object, java.lang.Object, java.lang.Object, java.lang.Object, int)'> (0x0000000707a24370) 
thrown [s\open\src\hotspot\share\interpreter\linkResolver.cpp, line 773]
Event: 15.193 Thread 0x000001ce98eb60d0 Exception <a 'java/lang/NoSuchMethodError'{0x0000000707a287e0}: 'java.lang.Object java.lang.invoke.Invokers$Holder.linkToTargetMethod(java.lang.Object, java.lang.Object, java.lang.Object, java.lang.Object, java.lang.Object, int, java.lang.Object)'> (0x0000000707a287e0) 
thrown [s\open\src\hotspot\share\interpreter\linkResolver.cpp, line 773]
Event: 15.212 Thread 0x000001ce9de5ba90 Implicit null exception at 0x000001ce4274dfa8 to 0x000001ce4274e07c
Event: 15.213 Thread 0x000001ce9de5a050 Implicit null exception at 0x000001ce4270419c to 0x000001ce42704268
Event: 15.370 Thread 0x000001ce9de5ce40 Exception <a 'java/lang/NoSuchMethodError'{0x0000000712836f00}: 'void java.lang.invoke.DirectMethodHandle$Holder.invokeStatic(java.lang.Object, long)'> (0x0000000712836f00) 
thrown [s\open\src\hotspot\share\interpreter\linkResolver.cpp, line 773]
Event: 15.373 Thread 0x000001ce9de5ce40 Exception <a 'java/lang/NoSuchMethodError'{0x00000007128412b0}: 'java.lang.Object java.lang.invoke.DirectMethodHandle$Holder.invokeStaticInit(java.lang.Object, long, java.lang.Object)'> (0x00000007128412b0) 
thrown [s\open\src\hotspot\share\interpreter\linkResolver.cpp, line 773]
Event: 16.690 Thread 0x000001ce98eb60d0 Exception <a 'java/lang/ClassNotFoundException'{0x0000000709f2d640}: org/gradle/features/internal/binding/ProjectFeaturesDynamicObject_DecoratedBeanInfo> (0x0000000709f2d640) 
thrown [s\open\src\hotspot\share\classfile\systemDictionary.cpp, line 312]
Event: 16.691 Thread 0x000001ce98eb60d0 Exception <a 'java/lang/ClassNotFoundException'{0x0000000709f3b9a0}: org/gradle/features/internal/binding/ProjectFeaturesDynamicObjectBeanInfo> (0x0000000709f3b9a0) 
thrown [s\open\src\hotspot\share\classfile\systemDictionary.cpp, line 312]
Event: 16.691 Thread 0x000001ce98eb60d0 Exception <a 'java/lang/ClassNotFoundException'{0x0000000709f498e8}: org/gradle/internal/metaobject/AbstractDynamicObjectBeanInfo> (0x0000000709f498e8) 
thrown [s\open\src\hotspot\share\classfile\systemDictionary.cpp, line 312]
Event: 16.692 Thread 0x000001ce98eb60d0 Exception <a 'java/lang/ClassNotFoundException'{0x0000000709f57828}: org/gradle/internal/metaobject/AbstractDynamicObjectCustomizer> (0x0000000709f57828) 
thrown [s\open\src\hotspot\share\classfile\systemDictionary.cpp, line 312]
Event: 16.694 Thread 0x000001ce98eb60d0 Exception <a 'java/lang/ClassNotFoundException'{0x0000000709f72700}: org/gradle/features/internal/binding/ProjectFeaturesDynamicObjectCustomizer> (0x0000000709f72700) 
thrown [s\open\src\hotspot\share\classfile\systemDictionary.cpp, line 312]
Event: 16.695 Thread 0x000001ce98eb60d0 Exception <a 'java/lang/ClassNotFoundException'{0x0000000709f88488}: org/gradle/features/internal/binding/ProjectFeaturesDynamicObject_DecoratedCustomizer> (0x0000000709f88488) 
thrown [s\open\src\hotspot\share\classfile\systemDictionary.cpp, line 312]
Event: 16.708 Thread 0x000001ce98eb60d0 Exception <a 'java/lang/NoSuchMethodError'{0x0000000709c4c2d8}: 'void java.lang.invoke.Invokers$Holder.invokeExact_MT(java.lang.Object, java.lang.Object, java.lang.Object, java.lang.Object)'> (0x0000000709c4c2d8) 
thrown [s\open\src\hotspot\share\interpreter\linkResolver.cpp, line 773]

ZGC Phase Switch (0 events):
No events

VM Operations (20 events):
Event: 15.230 Executing VM operation: G1CollectForAllocation (G1 Evacuation Pause)
Event: 15.245 Executing VM operation: G1CollectForAllocation (G1 Evacuation Pause) done
Event: 15.376 Executing VM operation: HandshakeAllThreads (Deoptimize)
Event: 15.376 Executing VM operation: HandshakeAllThreads (Deoptimize) done
Event: 16.380 Executing VM operation: Cleanup
Event: 16.388 Executing VM operation: Cleanup done
Event: 16.913 Executing VM operation: ICBufferFull
Event: 16.913 Executing VM operation: ICBufferFull done
Event: 17.718 Executing VM operation: ICBufferFull
Event: 17.718 Executing VM operation: ICBufferFull done
Event: 17.983 Executing VM operation: G1CollectForAllocation (G1 Evacuation Pause)
Event: 17.995 Executing VM operation: G1CollectForAllocation (G1 Evacuation Pause) done
Event: 18.200 Executing VM operation: HandshakeAllThreads (Deoptimize)
Event: 18.200 Executing VM operation: HandshakeAllThreads (Deoptimize) done
Event: 18.490 Executing VM operation: HandshakeAllThreads (Deoptimize)
Event: 18.490 Executing VM operation: HandshakeAllThreads (Deoptimize) done
Event: 18.725 Executing VM operation: ICBufferFull
Event: 18.726 Executing VM operation: ICBufferFull done
Event: 18.810 Executing VM operation: HandshakeAllThreads (Deoptimize)
Event: 18.811 Executing VM operation: HandshakeAllThreads (Deoptimize) done

Events (20 events):
Event: 15.211 Thread 0x000001ce9de5ba90 Thread added: 0x000001ce9de5ba90
Event: 15.211 Thread 0x000001ce9de5a050 Thread added: 0x000001ce9de5a050
Event: 15.212 Thread 0x000001ce9de599c0 Thread added: 0x000001ce9de599c0
Event: 15.212 Thread 0x000001ce9de5a6e0 Thread added: 0x000001ce9de5a6e0
Event: 15.214 Thread 0x000001ce9de5ad70 Thread added: 0x000001ce9de5ad70
Event: 15.214 Thread 0x000001ce9de5c120 Thread added: 0x000001ce9de5c120
Event: 15.215 Thread 0x000001ce9de58ca0 Thread added: 0x000001ce9de58ca0
Event: 15.215 Thread 0x000001ce9de5c7b0 Thread added: 0x000001ce9de5c7b0
Event: 15.347 Thread 0x000001ce9de5ce40 Thread added: 0x000001ce9de5ce40
Event: 15.382 Thread 0x000001ce9de5d4d0 Thread added: 0x000001ce9de5d4d0
Event: 15.382 Thread 0x000001ce9de5db60 Thread added: 0x000001ce9de5db60
Event: 15.911 Thread 0x000001ce9b8a4e10 Thread added: 0x000001ce9b8a4e10
Event: 16.179 Thread 0x000001ce9b8a4e10 Thread exited: 0x000001ce9b8a4e10
Event: 16.347 Thread 0x000001ce9b8a54e0 Thread added: 0x000001ce9b8a54e0
Event: 16.356 Thread 0x000001ce9b8a4070 Thread added: 0x000001ce9b8a4070
Event: 16.590 Thread 0x000001ce9b8a4070 Thread exited: 0x000001ce9b8a4070
Event: 16.590 Thread 0x000001ce9b8a54e0 Thread exited: 0x000001ce9b8a54e0
Event: 16.631 Thread 0x000001ce9b8a4070 Thread added: 0x000001ce9b8a4070
Event: 17.544 Thread 0x000001ce9b8a4070 Thread exited: 0x000001ce9b8a4070
Event: 17.840 Thread 0x000001ce9b8a4070 Thread added: 0x000001ce9b8a4070


Dynamic libraries:
0x00007ff67dce0000 - 0x00007ff67dcf0000 	C:\Program Files\Java\jdk-21\bin\java.exe
0x00007ff9e41a0000 - 0x00007ff9e4406000 	C:\WINDOWS\SYSTEM32\ntdll.dll
0x00007ff9e3950000 - 0x00007ff9e3a19000 	C:\WINDOWS\System32\KERNEL32.DLL
0x00007ff9e1870000 - 0x00007ff9e1c6f000 	C:\WINDOWS\System32\KERNELBASE.dll
0x00007ff9e16e0000 - 0x00007ff9e182c000 	C:\WINDOWS\System32\ucrtbase.dll
0x00007ff9c9e80000 - 0x00007ff9c9e99000 	C:\Program Files\Java\jdk-21\bin\jli.dll
0x00007ff9c9d30000 - 0x00007ff9c9d4b000 	C:\Program Files\Java\jdk-21\bin\VCRUNTIME140.dll
0x00007ff9e3d80000 - 0x00007ff9e3e3c000 	C:\WINDOWS\System32\ADVAPI32.dll
0x00007ff9e33b0000 - 0x00007ff9e3459000 	C:\WINDOWS\System32\msvcrt.dll
0x00007ff9e3470000 - 0x00007ff9e351a000 	C:\WINDOWS\System32\sechost.dll
0x00007ff9e2120000 - 0x00007ff9e2238000 	C:\WINDOWS\System32\RPCRT4.dll
0x00007ff9e3bb0000 - 0x00007ff9e3d76000 	C:\WINDOWS\System32\USER32.dll
0x00007ff9e1840000 - 0x00007ff9e1867000 	C:\WINDOWS\System32\win32u.dll
0x00007ff9e2470000 - 0x00007ff9e249b000 	C:\WINDOWS\System32\GDI32.dll
0x00007ff9e1440000 - 0x00007ff9e1569000 	C:\WINDOWS\System32\gdi32full.dll
0x00007ff9e1570000 - 0x00007ff9e1613000 	C:\WINDOWS\System32\msvcp_win.dll
0x00007ff9c8a30000 - 0x00007ff9c8cc1000 	C:\WINDOWS\WinSxS\amd64_microsoft.windows.common-controls_6595b64144ccf1df_6.0.26100.8972_none_3e0da176e32f9d4b\COMCTL32.dll
0x00007ff9d1940000 - 0x00007ff9d194b000 	C:\WINDOWS\SYSTEM32\VERSION.dll
0x00007ff9e24a0000 - 0x00007ff9e24d2000 	C:\WINDOWS\System32\IMM32.DLL
0x00007ff9dd950000 - 0x00007ff9dd95c000 	C:\Program Files\Java\jdk-21\bin\vcruntime140_1.dll
0x00007ff977090000 - 0x00007ff97711e000 	C:\Program Files\Java\jdk-21\bin\msvcp140.dll
0x00007ff95f170000 - 0x00007ff95fe8a000 	C:\Program Files\Java\jdk-21\bin\server\jvm.dll
0x00007ff9e3520000 - 0x00007ff9e35a2000 	C:\WINDOWS\System32\WS2_32.dll
0x00007ff9d8810000 - 0x00007ff9d8846000 	C:\WINDOWS\SYSTEM32\WINMM.dll
0x00007ff9e1230000 - 0x00007ff9e128e000 	C:\WINDOWS\SYSTEM32\POWRPROF.dll
0x00007ff9e1210000 - 0x00007ff9e1225000 	C:\WINDOWS\SYSTEM32\UMPDC.dll
0x00007ff9e0080000 - 0x00007ff9e009b000 	C:\WINDOWS\SYSTEM32\kernel.appcore.dll
0x00007ff9dd870000 - 0x00007ff9dd87a000 	C:\Program Files\Java\jdk-21\bin\jimage.dll
0x00007ff9df3f0000 - 0x00007ff9df632000 	C:\WINDOWS\SYSTEM32\DBGHELP.DLL
0x00007ff9e35c0000 - 0x00007ff9e3945000 	C:\WINDOWS\System32\combase.dll
0x00007ff9e2040000 - 0x00007ff9e2119000 	C:\WINDOWS\System32\OLEAUT32.dll
0x00007ff9c8db0000 - 0x00007ff9c8deb000 	C:\WINDOWS\SYSTEM32\dbgcore.DLL
0x00007ff9e1e10000 - 0x00007ff9e1ebc000 	C:\WINDOWS\System32\bcryptPrimitives.dll
0x00007ff9d1f90000 - 0x00007ff9d1f9f000 	C:\Program Files\Java\jdk-21\bin\instrument.dll
0x00007ff9c8d00000 - 0x00007ff9c8d1f000 	C:\Program Files\Java\jdk-21\bin\java.dll
0x00007ff9e24e0000 - 0x00007ff9e2c68000 	C:\WINDOWS\System32\SHELL32.dll
0x00007ff9de940000 - 0x00007ff9df1db000 	C:\WINDOWS\SYSTEM32\windows.storage.dll
0x00007ff9e3a70000 - 0x00007ff9e3b69000 	C:\WINDOWS\System32\SHCORE.dll
0x00007ff9e2c70000 - 0x00007ff9e2cd6000 	C:\WINDOWS\System32\shlwapi.dll
0x00007ff9e12d0000 - 0x00007ff9e12f9000 	C:\WINDOWS\SYSTEM32\profapi.dll
0x00007ff976590000 - 0x00007ff976667000 	C:\Program Files\Java\jdk-21\bin\jsvml.dll
0x00007ff9ba380000 - 0x00007ff9ba398000 	C:\Program Files\Java\jdk-21\bin\zip.dll
0x00007ff9db840000 - 0x00007ff9db850000 	C:\Program Files\Java\jdk-21\bin\net.dll
0x00007ff9da7d0000 - 0x00007ff9da8f8000 	C:\WINDOWS\SYSTEM32\WINHTTP.dll
0x00007ff9e0650000 - 0x00007ff9e06bc000 	C:\WINDOWS\system32\mswsock.dll
0x00007ff9c22d0000 - 0x00007ff9c22e6000 	C:\Program Files\Java\jdk-21\bin\nio.dll
0x00007ff9d2380000 - 0x00007ff9d2390000 	C:\Program Files\Java\jdk-21\bin\verify.dll
0x00007ff9c9d00000 - 0x00007ff9c9d27000 	C:\Users\jinwo\.gradle\native\660c5614fbf4a5f2a75b1949f50a0caf5cd603558e7d8a26e50b933a0cfb79d1\windows-amd64\native-platform.dll
0x00007ff976bd0000 - 0x00007ff976c47000 	C:\Users\jinwo\.gradle\native\0.2.8\x86_64-windows-gnu\gradle-fileevents.dll
0x00007ff9db820000 - 0x00007ff9db82a000 	C:\Program Files\Java\jdk-21\bin\management.dll
0x00007ff9d3130000 - 0x00007ff9d313b000 	C:\Program Files\Java\jdk-21\bin\management_ext.dll
0x00007ff9e35b0000 - 0x00007ff9e35b8000 	C:\WINDOWS\System32\PSAPI.DLL
0x00007ff9dfa10000 - 0x00007ff9dfa43000 	C:\WINDOWS\SYSTEM32\IPHLPAPI.DLL
0x00007ff9e3460000 - 0x00007ff9e346a000 	C:\WINDOWS\System32\NSI.dll
0x00007ff9d22c0000 - 0x00007ff9d22c9000 	C:\Program Files\Java\jdk-21\bin\extnet.dll
0x00007ff9e0940000 - 0x00007ff9e095b000 	C:\WINDOWS\SYSTEM32\CRYPTSP.dll
0x00007ff9dffe0000 - 0x00007ff9e0019000 	C:\WINDOWS\system32\rsaenh.dll
0x00007ff9e0700000 - 0x00007ff9e0732000 	C:\WINDOWS\SYSTEM32\USERENV.dll
0x00007ff9e12a0000 - 0x00007ff9e12ca000 	C:\WINDOWS\SYSTEM32\bcrypt.dll
0x00007ff9e0960000 - 0x00007ff9e096c000 	C:\WINDOWS\SYSTEM32\CRYPTBASE.dll
0x00007ff9cc440000 - 0x00007ff9cc44e000 	C:\Program Files\Java\jdk-21\bin\sunmscapi.dll
0x00007ff9e1c80000 - 0x00007ff9e1dfe000 	C:\WINDOWS\System32\CRYPT32.dll
0x00007ff9e0b80000 - 0x00007ff9e0bb0000 	C:\WINDOWS\SYSTEM32\ncrypt.dll
0x00007ff9e0b30000 - 0x00007ff9e0b6f000 	C:\WINDOWS\SYSTEM32\NTASN1.dll
0x00007ff9af370000 - 0x00007ff9af378000 	C:\WINDOWS\system32\wshunix.dll

dbghelp: loaded successfully - version: 4.0.5 - missing functions: none
symbol engine: initialized successfully - sym options: 0x614 - pdb path: .;C:\Program Files\Java\jdk-21\bin;C:\WINDOWS\SYSTEM32;C:\WINDOWS\WinSxS\amd64_microsoft.windows.common-controls_6595b64144ccf1df_6.0.26100.8972_none_3e0da176e32f9d4b;C:\Program Files\Java\jdk-21\bin\server;C:\Users\jinwo\.gradle\native\660c5614fbf4a5f2a75b1949f50a0caf5cd603558e7d8a26e50b933a0cfb79d1\windows-amd64;C:\Users\jinwo\.gradle\native\0.2.8\x86_64-windows-gnu

VM Arguments:
jvm_args: --add-opens=java.base/java.lang=ALL-UNNAMED --add-opens=java.base/java.lang.invoke=ALL-UNNAMED --add-opens=java.base/java.util=ALL-UNNAMED --add-opens=java.prefs/java.util.prefs=ALL-UNNAMED --add-exports=jdk.compiler/com.sun.tools.javac.api=ALL-UNNAMED --add-exports=jdk.compiler/com.sun.tools.javac.util=ALL-UNNAMED --add-opens=java.base/java.nio.charset=ALL-UNNAMED --add-opens=java.base/java.net=ALL-UNNAMED --add-opens=java.base/java.util.concurrent=ALL-UNNAMED --add-opens=java.base/java.util.concurrent.atomic=ALL-UNNAMED --add-opens=java.xml/javax.xml.namespace=ALL-UNNAMED --add-opens=java.base/java.time=ALL-UNNAMED -Dfile.encoding=UTF-8 -Duser.country=KR -Duser.language=ko -Duser.variant -javaagent:C:\Users\jinwo\.gradle\wrapper\dists\gradle-9.5.1-bin\iq79hdu3mqx29lgffhp8bfmx\gradle-9.5.1\lib\agents\gradle-instrumentation-agent-9.5.1.jar 
java_command: org.gradle.launcher.daemon.bootstrap.GradleDaemon 9.5.1
java_class_path (initial): C:\Users\jinwo\.gradle\wrapper\dists\gradle-9.5.1-bin\iq79hdu3mqx29lgffhp8bfmx\gradle-9.5.1\lib\gradle-daemon-main-9.5.1.jar
Launcher Type: SUN_STANDARD

[Global flags]
     intx CICompilerCount                          = 4                                         {product} {ergonomic}
     uint ConcGCThreads                            = 3                                         {product} {ergonomic}
     uint G1ConcRefinementThreads                  = 10                                        {product} {ergonomic}
   size_t G1HeapRegionSize                         = 2097152                                   {product} {ergonomic}
    uintx GCDrainStackTargetSize                   = 64                                        {product} {ergonomic}
   size_t InitialHeapSize                          = 264241152                                 {product} {ergonomic}
   size_t MarkStackSize                            = 4194304                                   {product} {ergonomic}
   size_t MaxHeapSize                              = 4213178368                                {product} {ergonomic}
   size_t MaxNewSize                               = 2527068160                                {product} {ergonomic}
   size_t MinHeapDeltaBytes                        = 2097152                                   {product} {ergonomic}
   size_t MinHeapSize                              = 8388608                                   {product} {ergonomic}
    uintx NonNMethodCodeHeapSize                   = 5839372                                {pd product} {ergonomic}
    uintx NonProfiledCodeHeapSize                  = 122909434                              {pd product} {ergonomic}
    uintx ProfiledCodeHeapSize                     = 122909434                              {pd product} {ergonomic}
    uintx ReservedCodeCacheSize                    = 251658240                              {pd product} {ergonomic}
     bool SegmentedCodeCache                       = true                                      {product} {ergonomic}
   size_t SoftMaxHeapSize                          = 4213178368                             {manageable} {ergonomic}
     bool UseCompressedOops                        = true                           {product lp64_product} {ergonomic}
     bool UseG1GC                                  = true                                      {product} {ergonomic}
     bool UseLargePagesIndividualAllocation        = false                                  {pd product} {ergonomic}

Logging:
Log output configuration:
 #0: stdout all=warning uptime,level,tags foldmultilines=false
 #1: stderr all=off uptime,level,tags foldmultilines=false

Environment Variables:
JAVA_HOME=C:\Program Files\Java\jdk-21
CLASSPATH=C:\Program Files\Java\jdk-21\lib
PATH=C:\Users\jinwo\bin;C:\Program Files\Git\mingw64\bin;C:\Program Files\Git\usr\local\bin;C:\Program Files\Git\usr\bin;C:\Program Files\Git\usr\bin;C:\Program Files\Git\mingw64\bin;C:\Program Files\Git\usr\bin;C:\Users\jinwo\bin;C:\Users\jinwo\AppData\Roaming\Microsoft\Windows\Start Menu\Programs\Python 3.10;C:\Users\¹ÚÁø¿ì\AppData\Roaming\Microsoft\Windows\Start Menu\Programs\Python 3.13;C:\WINDOWS\system32;C:\WINDOWS;C:\WINDOWS\System32\Wbem;C:\WINDOWS\System32\WindowsPowerShell\v1.0;C:\WINDOWS\System32\OpenSSH;C:\Program Files\dotnet;C:\tools\gradle-8.12\bin;C:\Program Files\Oracle\VirtualBox;C:\Program Files\Java\jdk-21\bin;C:\Windows\System32;C:\Program Files\PostgreSQL\16\bin;C:\Users\jinwo\AppData\Local\Android\Sdk\platform-tools;C:\Program Files (x86)\Windows Kits\10\Windows Performance Toolkit;C:\Users\jinwo\AppData\Local\nvm;C:\Program Files\nodejs;C:\Users\jinwo\AppData\Local\nvm;C:\Users\jinwo\AppData\Local\nvm\v10.24.1;C:\Program Files (x86)\PuTTY;C:\Program Files\Git\cmd;C:\Users\jinwo\AppData\Local\Programs\Python\Python311\Scripts;C:\Program Files\Microsoft\Azure Functions Core Tools;C:\Program Files\Docker\Docker\resources\bin;C:\Users\jinwo\AppData\Local\Programs\Python\Python311\Scripts;C:\Users\jinwo\AppData\Local\Programs\Python\Python311;C:\Users\jinwo\.cargo\bin;C:\Users\jinwo\AppData\Local\Programs\Eclipse Adoptium\jdk-8.0.472.8-hotspot\bin;C:\Users\jinwo\AppData\Local\Microsoft\WindowsApps;C:\Users\jinwo\AppData\Local\Programs\Microsoft VS Code\bin;C:\Users\jinwo\.local\bin;C:\Users\jinwo\.vscode\extensions\vscjava.vscode-java-debug-0.59.0\bundled\scripts\noConfigScripts;C:\Program Files\Git\usr\bin\vendor_perl;C:\Program Files\Git\usr\bin\core_perl
USERNAME=jinwo
SHELL=C:\Program Files\Git\usr\bin\bash.exe
DISPLAY=needs-to-be-defined
LANG=en_US.UTF-8
TERM=xterm-256color
TMPDIR=C:\Users\jinwo\AppData\Local\Temp
OS=Windows_NT
PROCESSOR_IDENTIFIER=Intel64 Family 6 Model 186 Stepping 3, GenuineIntel
TMP=C:\Users\jinwo\AppData\Local\Temp
TEMP=C:\Users\jinwo\AppData\Local\Temp




Periodic native trim disabled

---------------  S Y S T E M  ---------------

OS:
 Windows 11 , 64 bit Build 26100 (10.0.26100.9168)
OS uptime: 2 days 14:30 hours
Hyper-V role detected

CPU: total 12 (initial active 12) (6 cores per cpu, 2 threads per core) family 6 model 186 stepping 3 microcode 0x411f, cx8, cmov, fxsr, ht, mmx, 3dnowpref, sse, sse2, sse3, ssse3, sse4.1, sse4.2, popcnt, lzcnt, tsc, tscinvbit, avx, avx2, aes, erms, clmul, bmi1, bmi2, adx, sha, fma, vzeroupper, clflush, clflushopt, clwb, hv, serialize, rdtscp, rdpid, fsrm, f16c, cet_ibt, cet_ss
Processor Information for processor 0
  Max Mhz: 1700, Current Mhz: 1700, Mhz Limit: 1700
Processor Information for processor 1
  Max Mhz: 1700, Current Mhz: 1700, Mhz Limit: 1700
Processor Information for processor 2
  Max Mhz: 1700, Current Mhz: 1700, Mhz Limit: 1700
Processor Information for processor 3
  Max Mhz: 1700, Current Mhz: 1700, Mhz Limit: 1700
Processor Information for processor 4
  Max Mhz: 1700, Current Mhz: 1200, Mhz Limit: 1190
Processor Information for processor 5
  Max Mhz: 1700, Current Mhz: 1200, Mhz Limit: 1190
Processor Information for processor 6
  Max Mhz: 1700, Current Mhz: 1200, Mhz Limit: 1190
Processor Information for processor 7
  Max Mhz: 1700, Current Mhz: 1200, Mhz Limit: 1190
Processor Information for processor 8
  Max Mhz: 1700, Current Mhz: 1200, Mhz Limit: 1190
Processor Information for processor 9
  Max Mhz: 1700, Current Mhz: 1200, Mhz Limit: 1190
Processor Information for processor 10
  Max Mhz: 1700, Current Mhz: 1200, Mhz Limit: 1190
Processor Information for processor 11
  Max Mhz: 1700, Current Mhz: 1200, Mhz Limit: 1190

Memory: 4k page, system-wide physical 16067M (1631M free)
TotalPageFile size 19440M (AvailPageFile size 0M)
current process WorkingSet (physical memory assigned to process): 324M, peak: 326M
current process commit charge ("private bytes"): 368M, peak: 466M

vm_info: Java HotSpot(TM) 64-Bit Server VM (21.0.7+8-LTS-245) for windows-amd64 JRE (21.0.7+8-LTS-245), built on 2025-02-21T05:11:27Z by "mach5one" with MS VC++ 17.6 (VS2022)

END.
