#
# There is insufficient memory for the Java Runtime Environment to continue.
# Native memory allocation (malloc) failed to allocate 1986528 bytes for Chunk::new
# Possible reasons:
#   The system is out of physical RAM or swap space
#   The process is running with CompressedOops enabled, and the Java Heap may be blocking the growth of the native heap
# Possible solutions:
#   Reduce memory load on the system
#   Increase physical memory or swap space
#   Check if swap backing store is full
#   Decrease Java heap size (-Xmx/-Xms)
#   Decrease number of Java threads
#   Decrease Java thread stack sizes (-Xss)
#   Set larger code cache with -XX:ReservedCodeCacheSize=
#   JVM is running with Unscaled Compressed Oops mode in which the Java heap is
#     placed in the first 4GB address space. The Java Heap base address is the
#     maximum limit for the native heap growth. Please use -XX:HeapBaseMinAddress
#     to set the Java Heap base and to place the Java Heap above 4GB virtual address.
# This output file may be truncated or incomplete.
#
#  Out of Memory Error (arena.cpp:168), pid=10212, tid=7228
#
# JRE version: Java(TM) SE Runtime Environment (21.0.7+8) (build 21.0.7+8-LTS-245)
# Java VM: Java HotSpot(TM) 64-Bit Server VM (21.0.7+8-LTS-245, mixed mode, sharing, tiered, compressed oops, compressed class ptrs, g1 gc, windows-amd64)
# No core dump will be written. Minidumps are not enabled by default on client versions of Windows
#

---------------  S U M M A R Y ------------

Command Line: --add-opens=java.base/java.lang=ALL-UNNAMED --add-opens=java.base/java.lang.invoke=ALL-UNNAMED --add-opens=java.base/java.util=ALL-UNNAMED --add-opens=java.prefs/java.util.prefs=ALL-UNNAMED --add-exports=jdk.compiler/com.sun.tools.javac.api=ALL-UNNAMED --add-exports=jdk.compiler/com.sun.tools.javac.util=ALL-UNNAMED --add-opens=java.base/java.nio.charset=ALL-UNNAMED --add-opens=java.base/java.net=ALL-UNNAMED --add-opens=java.base/java.util.concurrent=ALL-UNNAMED --add-opens=java.base/java.util.concurrent.atomic=ALL-UNNAMED --add-opens=java.xml/javax.xml.namespace=ALL-UNNAMED --add-opens=java.base/java.time=ALL-UNNAMED -Xmx256m -Dfile.encoding=UTF-8 -Duser.country=KR -Duser.language=ko -Duser.variant -javaagent:C:\Users\jinwo\.gradle\wrapper\dists\gradle-9.5.1-bin\iq79hdu3mqx29lgffhp8bfmx\gradle-9.5.1\lib\agents\gradle-instrumentation-agent-9.5.1.jar org.gradle.launcher.daemon.bootstrap.GradleDaemon 9.5.1

Host: 13th Gen Intel(R) Core(TM) i7-1355U, 12 cores, 15G,  Windows 11 , 64 bit Build 26100 (10.0.26100.9168)
Time: Sat Aug 15 14:15:51 2026  Windows 11 , 64 bit Build 26100 (10.0.26100.9168) elapsed time: 3.707270 seconds (0d 0h 0m 3s)

---------------  T H R E A D  ---------------

Current thread (0x000001845b6225c0):  JavaThread "C2 CompilerThread2" daemon [_thread_in_native, id=7228, stack(0x000000673b500000,0x000000673b600000) (1024K)]


Current CompileTask:
C2:   3707 2801       4       java.net.URLClassLoader$1::run (5 bytes)

Stack: [0x000000673b500000,0x000000673b600000]
Native frames: (J=compiled Java code, j=interpreted, Vv=VM code, C=native code)
V  [jvm.dll+0x6cae19]
V  [jvm.dll+0x855741]
V  [jvm.dll+0x857c6e]
V  [jvm.dll+0x858343]
V  [jvm.dll+0x27e0b6]
V  [jvm.dll+0xc4ecd]
V  [jvm.dll+0xc5403]
V  [jvm.dll+0x3b578c]
V  [jvm.dll+0x381e25]
V  [jvm.dll+0x38129a]
V  [jvm.dll+0x246b30]
V  [jvm.dll+0x24610f]
V  [jvm.dll+0x1c6efe]
V  [jvm.dll+0x255819]
V  [jvm.dll+0x253daa]
V  [jvm.dll+0x3eebb6]
V  [jvm.dll+0x7ffa1b]
V  [jvm.dll+0x6c94fd]
C  [ucrtbase.dll+0x2cd30]
C  [KERNEL32.DLL+0x2ccb7]
C  [ntdll.dll+0xaad6c]


---------------  P R O C E S S  ---------------

Threads class SMR info:
_java_thread_list=0x00000184a2f27ec0, length=26, elements={
0x000001843e4c8680, 0x000001845b2f6a20, 0x000001845b2f9480, 0x000001845b2fc680,
0x000001845b2fd330, 0x000001845b2fe650, 0x000001845b3031f0, 0x000001845b306850,
0x000001845b318050, 0x000001845b226aa0, 0x000001845b53d050, 0x000001845b621820,
0x000001845b6225c0, 0x00000184a26bf200, 0x00000184a2b97320, 0x00000184a2752540,
0x00000184a2998a00, 0x00000184a2999060, 0x00000184a1c1d950, 0x00000184a164bcf0,
0x00000184a2a66870, 0x00000184a2a661e0, 0x00000184a2a654c0, 0x00000184a2a65b50,
0x00000184a2a63a80, 0x00000184a2a64e30
}

Java Threads: ( => current thread )
  0x000001843e4c8680 JavaThread "main"                              [_thread_blocked, id=15556, stack(0x000000673a200000,0x000000673a300000) (1024K)]
  0x000001845b2f6a20 JavaThread "Reference Handler"          daemon [_thread_blocked, id=23132, stack(0x000000673aa00000,0x000000673ab00000) (1024K)]
  0x000001845b2f9480 JavaThread "Finalizer"                  daemon [_thread_blocked, id=21188, stack(0x000000673ab00000,0x000000673ac00000) (1024K)]
  0x000001845b2fc680 JavaThread "Signal Dispatcher"          daemon [_thread_blocked, id=10780, stack(0x000000673ac00000,0x000000673ad00000) (1024K)]
  0x000001845b2fd330 JavaThread "Attach Listener"            daemon [_thread_blocked, id=6504, stack(0x000000673ad00000,0x000000673ae00000) (1024K)]
  0x000001845b2fe650 JavaThread "Service Thread"             daemon [_thread_blocked, id=6256, stack(0x000000673ae00000,0x000000673af00000) (1024K)]
  0x000001845b3031f0 JavaThread "Monitor Deflation Thread"   daemon [_thread_blocked, id=1688, stack(0x000000673af00000,0x000000673b000000) (1024K)]
  0x000001845b306850 JavaThread "C2 CompilerThread0"         daemon [_thread_in_native, id=6156, stack(0x000000673b000000,0x000000673b100000) (1024K)]
  0x000001845b318050 JavaThread "C1 CompilerThread0"         daemon [_thread_blocked, id=17384, stack(0x000000673b100000,0x000000673b200000) (1024K)]
  0x000001845b226aa0 JavaThread "Common-Cleaner"             daemon [_thread_blocked, id=21536, stack(0x000000673b200000,0x000000673b300000) (1024K)]
  0x000001845b53d050 JavaThread "Notification Thread"        daemon [_thread_blocked, id=8740, stack(0x000000673b300000,0x000000673b400000) (1024K)]
  0x000001845b621820 JavaThread "C2 CompilerThread1"         daemon [_thread_blocked, id=8604, stack(0x000000673b400000,0x000000673b500000) (1024K)]
=>0x000001845b6225c0 JavaThread "C2 CompilerThread2"         daemon [_thread_in_native, id=7228, stack(0x000000673b500000,0x000000673b600000) (1024K)]
  0x00000184a26bf200 JavaThread "Daemon health stats"               [_thread_blocked, id=13736, stack(0x000000673bb00000,0x000000673bc00000) (1024K)]
  0x00000184a2b97320 JavaThread "Incoming local TCP Connector on port 49993"        [_thread_in_native, id=10540, stack(0x000000673bc00000,0x000000673bd00000) (1024K)]
  0x00000184a2752540 JavaThread "Daemon periodic checks"            [_thread_blocked, id=17396, stack(0x000000673bd00000,0x000000673be00000) (1024K)]
  0x00000184a2998a00 JavaThread "Daemon"                            [_thread_blocked, id=17044, stack(0x000000673be00000,0x000000673bf00000) (1024K)]
  0x00000184a2999060 JavaThread "Handler for socket connection from /127.0.0.1:49993 to /127.0.0.1:49994"        [_thread_in_native, id=6476, stack(0x000000673bf00000,0x000000673c000000) (1024K)]
  0x00000184a1c1d950 JavaThread "Cancel handler"                    [_thread_blocked, id=17848, stack(0x000000673c000000,0x000000673c100000) (1024K)]
  0x00000184a164bcf0 JavaThread "Daemon worker"                     [_thread_in_vm, id=1032, stack(0x000000673c100000,0x000000673c200000) (1024K)]
  0x00000184a2a66870 JavaThread "Asynchronous log dispatcher for DefaultDaemonConnection: socket connection from /127.0.0.1:49993 to /127.0.0.1:49994"        [_thread_blocked, id=868, stack(0x000000673c200000,0x000000673c300000) (1024K)]
  0x00000184a2a661e0 JavaThread "Stdin handler"                     [_thread_blocked, id=22132, stack(0x000000673c300000,0x000000673c400000) (1024K)]
  0x00000184a2a654c0 JavaThread "Daemon client event forwarder"        [_thread_blocked, id=13232, stack(0x000000673c400000,0x000000673c500000) (1024K)]
  0x00000184a2a65b50 JavaThread "Cache worker for journal cache (C:\Users\jinwo\.gradle\caches\journal-1)"        [_thread_blocked, id=13464, stack(0x000000673c500000,0x000000673c600000) (1024K)]
  0x00000184a2a63a80 JavaThread "File lock request listener"        [_thread_in_native, id=22784, stack(0x000000673c600000,0x000000673c700000) (1024K)]
  0x00000184a2a64e30 JavaThread "Cache worker for file hash cache (C:\Users\jinwo\.gradle\caches\9.5.1\fileHashes)"        [_thread_blocked, id=12996, stack(0x000000673c700000,0x000000673c800000) (1024K)]
Total: 26

Other Threads:
  0x000001845b239620 VMThread "VM Thread"                           [id=16252, stack(0x000000673a900000,0x000000673aa00000) (1024K)]
  0x000001845b226050 WatcherThread "VM Periodic Task Thread"        [id=23168, stack(0x000000673a800000,0x000000673a900000) (1024K)]
  0x000001844074f420 WorkerThread "GC Thread#0"                     [id=6760, stack(0x000000673a300000,0x000000673a400000) (1024K)]
  0x00000184a1447c80 WorkerThread "GC Thread#1"                     [id=8208, stack(0x000000673b600000,0x000000673b700000) (1024K)]
  0x00000184a1448020 WorkerThread "GC Thread#2"                     [id=16552, stack(0x000000673b700000,0x000000673b800000) (1024K)]
  0x00000184a1568250 WorkerThread "GC Thread#3"                     [id=13360, stack(0x000000673b800000,0x000000673b900000) (1024K)]
  0x00000184a161eb80 WorkerThread "GC Thread#4"                     [id=9256, stack(0x000000673b900000,0x000000673ba00000) (1024K)]
  0x00000184a161ef20 WorkerThread "GC Thread#5"                     [id=11684, stack(0x000000673ba00000,0x000000673bb00000) (1024K)]
  0x00000184407521b0 ConcurrentGCThread "G1 Main Marker"            [id=4808, stack(0x000000673a400000,0x000000673a500000) (1024K)]
  0x0000018440752a60 WorkerThread "G1 Conc#0"                       [id=20760, stack(0x000000673a500000,0x000000673a600000) (1024K)]
  0x000001845b0fb650 ConcurrentGCThread "G1 Refine#0"               [id=16164, stack(0x000000673a600000,0x000000673a700000) (1024K)]
  0x000001845b0fbe70 ConcurrentGCThread "G1 Service"                [id=16468, stack(0x000000673a700000,0x000000673a800000) (1024K)]
Total: 12

Threads with active compile tasks:
C2 CompilerThread0     3753 2800   !   4       java.net.URLClassLoader::findClass (47 bytes)
C2 CompilerThread2     3753 2801       4       java.net.URLClassLoader$1::run (5 bytes)
Total: 2

VM state: not at safepoint (normal execution)

VM Mutex/Monitor currently owned by a thread: None

Heap address: 0x00000000f0000000, size: 256 MB, Compressed Oops mode: 32-bit

CDS archive(s) mapped at: [0x000001845c000000-0x000001845cc90000-0x000001845cc90000), size 13172736, SharedBaseAddress: 0x000001845c000000, ArchiveRelocationMode: 1.
Compressed class space mapped at: 0x000001845d000000-0x000001849d000000, reserved size: 1073741824
Narrow klass base: 0x000001845c000000, Narrow klass shift: 0, Narrow klass range: 0x100000000

GC Precious Log:
 CardTable entry size: 512
 Card Set container configuration: InlinePtr #cards 5 size 8 Array Of Cards #cards 12 size 40 Howl #buckets 4 coarsen threshold 1843 Howl Bitmap #cards 512 size 80 coarsen threshold 460 Card regions per heap region 1 cards per card region 2048
 CPUs: 12 total, 12 available
 Memory: 16067M
 Large Page Support: Disabled
 NUMA Support: Disabled
 Compressed Oops: Enabled (32-bit)
 Heap Region Size: 1M
 Heap Min Capacity: 8M
 Heap Initial Capacity: 252M
 Heap Max Capacity: 256M
 Pre-touch: Disabled
 Parallel Workers: 10
 Concurrent Workers: 3
 Concurrent Refinement Workers: 10
 Periodic GC: Disabled

Heap:
 garbage-first heap   total 258048K, used 114100K [0x00000000f0000000, 0x0000000100000000)
  region size 1024K, 101 young (103424K), 3 survivors (3072K)
 Metaspace       used 19486K, committed 20096K, reserved 1114112K
  class space    used 2676K, committed 2944K, reserved 1048576K

Heap Regions: E=young(eden), S=young(survivor), O=old, HS=humongous(starts), HC=humongous(continues), CS=collection set, F=free, TAMS=top-at-mark-start, PB=parsable bottom
|   0|0x00000000f0000000, 0x00000000f0100000, 0x00000000f0100000|100%|HS|  |TAMS 0x00000000f0000000| PB 0x00000000f0000000| Complete 
|   1|0x00000000f0100000, 0x00000000f0200000, 0x00000000f0200000|100%|HC|  |TAMS 0x00000000f0100000| PB 0x00000000f0100000| Complete 
|   2|0x00000000f0200000, 0x00000000f0300000, 0x00000000f0300000|100%|HC|  |TAMS 0x00000000f0200000| PB 0x00000000f0200000| Complete 
|   3|0x00000000f0300000, 0x00000000f0400000, 0x00000000f0400000|100%|HC|  |TAMS 0x00000000f0300000| PB 0x00000000f0300000| Complete 
|   4|0x00000000f0400000, 0x00000000f0500000, 0x00000000f0500000|100%| O|  |TAMS 0x00000000f0400000| PB 0x00000000f0400000| Untracked 
|   5|0x00000000f0500000, 0x00000000f0600000, 0x00000000f0600000|100%| O|  |TAMS 0x00000000f0500000| PB 0x00000000f0500000| Untracked 
|   6|0x00000000f0600000, 0x00000000f0700000, 0x00000000f0700000|100%| O|  |TAMS 0x00000000f0600000| PB 0x00000000f0600000| Untracked 
|   7|0x00000000f0700000, 0x00000000f0800000, 0x00000000f0800000|100%| O|  |TAMS 0x00000000f0700000| PB 0x00000000f0700000| Untracked 
|   8|0x00000000f0800000, 0x00000000f0900000, 0x00000000f0900000|100%| O|  |TAMS 0x00000000f0800000| PB 0x00000000f0800000| Untracked 
|   9|0x00000000f0900000, 0x00000000f0a00000, 0x00000000f0a00000|100%|HS|  |TAMS 0x00000000f0900000| PB 0x00000000f0900000| Complete 
|  10|0x00000000f0a00000, 0x00000000f0a00000, 0x00000000f0b00000|  0%| F|  |TAMS 0x00000000f0a00000| PB 0x00000000f0a00000| Untracked 
|  11|0x00000000f0b00000, 0x00000000f0c00000, 0x00000000f0c00000|100%| O|  |TAMS 0x00000000f0b00000| PB 0x00000000f0b00000| Untracked 
|  12|0x00000000f0c00000, 0x00000000f0d00000, 0x00000000f0d00000|100%| O|  |TAMS 0x00000000f0c00000| PB 0x00000000f0c00000| Untracked 
|  13|0x00000000f0d00000, 0x00000000f0d3f2b0, 0x00000000f0e00000| 24%| O|  |TAMS 0x00000000f0d00000| PB 0x00000000f0d00000| Untracked 
|  14|0x00000000f0e00000, 0x00000000f0e00000, 0x00000000f0f00000|  0%| F|  |TAMS 0x00000000f0e00000| PB 0x00000000f0e00000| Untracked 
|  15|0x00000000f0f00000, 0x00000000f0f00000, 0x00000000f1000000|  0%| F|  |TAMS 0x00000000f0f00000| PB 0x00000000f0f00000| Untracked 
|  16|0x00000000f1000000, 0x00000000f1000000, 0x00000000f1100000|  0%| F|  |TAMS 0x00000000f1000000| PB 0x00000000f1000000| Untracked 
|  17|0x00000000f1100000, 0x00000000f1100000, 0x00000000f1200000|  0%| F|  |TAMS 0x00000000f1100000| PB 0x00000000f1100000| Untracked 
|  18|0x00000000f1200000, 0x00000000f1200000, 0x00000000f1300000|  0%| F|  |TAMS 0x00000000f1200000| PB 0x00000000f1200000| Untracked 
|  19|0x00000000f1300000, 0x00000000f1300000, 0x00000000f1400000|  0%| F|  |TAMS 0x00000000f1300000| PB 0x00000000f1300000| Untracked 
|  20|0x00000000f1400000, 0x00000000f1400000, 0x00000000f1500000|  0%| F|  |TAMS 0x00000000f1400000| PB 0x00000000f1400000| Untracked 
|  21|0x00000000f1500000, 0x00000000f1500000, 0x00000000f1600000|  0%| F|  |TAMS 0x00000000f1500000| PB 0x00000000f1500000| Untracked 
|  22|0x00000000f1600000, 0x00000000f1600000, 0x00000000f1700000|  0%| F|  |TAMS 0x00000000f1600000| PB 0x00000000f1600000| Untracked 
|  23|0x00000000f1700000, 0x00000000f1700000, 0x00000000f1800000|  0%| F|  |TAMS 0x00000000f1700000| PB 0x00000000f1700000| Untracked 
|  24|0x00000000f1800000, 0x00000000f1800000, 0x00000000f1900000|  0%| F|  |TAMS 0x00000000f1800000| PB 0x00000000f1800000| Untracked 
|  25|0x00000000f1900000, 0x00000000f1900000, 0x00000000f1a00000|  0%| F|  |TAMS 0x00000000f1900000| PB 0x00000000f1900000| Untracked 
|  26|0x00000000f1a00000, 0x00000000f1a00000, 0x00000000f1b00000|  0%| F|  |TAMS 0x00000000f1a00000| PB 0x00000000f1a00000| Untracked 
|  27|0x00000000f1b00000, 0x00000000f1b00000, 0x00000000f1c00000|  0%| F|  |TAMS 0x00000000f1b00000| PB 0x00000000f1b00000| Untracked 
|  28|0x00000000f1c00000, 0x00000000f1c00000, 0x00000000f1d00000|  0%| F|  |TAMS 0x00000000f1c00000| PB 0x00000000f1c00000| Untracked 
|  29|0x00000000f1d00000, 0x00000000f1d00000, 0x00000000f1e00000|  0%| F|  |TAMS 0x00000000f1d00000| PB 0x00000000f1d00000| Untracked 
|  30|0x00000000f1e00000, 0x00000000f1e00000, 0x00000000f1f00000|  0%| F|  |TAMS 0x00000000f1e00000| PB 0x00000000f1e00000| Untracked 
|  31|0x00000000f1f00000, 0x00000000f1f00000, 0x00000000f2000000|  0%| F|  |TAMS 0x00000000f1f00000| PB 0x00000000f1f00000| Untracked 
|  32|0x00000000f2000000, 0x00000000f2000000, 0x00000000f2100000|  0%| F|  |TAMS 0x00000000f2000000| PB 0x00000000f2000000| Untracked 
|  33|0x00000000f2100000, 0x00000000f2100000, 0x00000000f2200000|  0%| F|  |TAMS 0x00000000f2100000| PB 0x00000000f2100000| Untracked 
|  34|0x00000000f2200000, 0x00000000f2200000, 0x00000000f2300000|  0%| F|  |TAMS 0x00000000f2200000| PB 0x00000000f2200000| Untracked 
|  35|0x00000000f2300000, 0x00000000f2300000, 0x00000000f2400000|  0%| F|  |TAMS 0x00000000f2300000| PB 0x00000000f2300000| Untracked 
|  36|0x00000000f2400000, 0x00000000f2400000, 0x00000000f2500000|  0%| F|  |TAMS 0x00000000f2400000| PB 0x00000000f2400000| Untracked 
|  37|0x00000000f2500000, 0x00000000f2500000, 0x00000000f2600000|  0%| F|  |TAMS 0x00000000f2500000| PB 0x00000000f2500000| Untracked 
|  38|0x00000000f2600000, 0x00000000f2600000, 0x00000000f2700000|  0%| F|  |TAMS 0x00000000f2600000| PB 0x00000000f2600000| Untracked 
|  39|0x00000000f2700000, 0x00000000f2700000, 0x00000000f2800000|  0%| F|  |TAMS 0x00000000f2700000| PB 0x00000000f2700000| Untracked 
|  40|0x00000000f2800000, 0x00000000f2800000, 0x00000000f2900000|  0%| F|  |TAMS 0x00000000f2800000| PB 0x00000000f2800000| Untracked 
|  41|0x00000000f2900000, 0x00000000f2900000, 0x00000000f2a00000|  0%| F|  |TAMS 0x00000000f2900000| PB 0x00000000f2900000| Untracked 
|  42|0x00000000f2a00000, 0x00000000f2a00000, 0x00000000f2b00000|  0%| F|  |TAMS 0x00000000f2a00000| PB 0x00000000f2a00000| Untracked 
|  43|0x00000000f2b00000, 0x00000000f2b00000, 0x00000000f2c00000|  0%| F|  |TAMS 0x00000000f2b00000| PB 0x00000000f2b00000| Untracked 
|  44|0x00000000f2c00000, 0x00000000f2c00000, 0x00000000f2d00000|  0%| F|  |TAMS 0x00000000f2c00000| PB 0x00000000f2c00000| Untracked 
|  45|0x00000000f2d00000, 0x00000000f2d00000, 0x00000000f2e00000|  0%| F|  |TAMS 0x00000000f2d00000| PB 0x00000000f2d00000| Untracked 
|  46|0x00000000f2e00000, 0x00000000f2e00000, 0x00000000f2f00000|  0%| F|  |TAMS 0x00000000f2e00000| PB 0x00000000f2e00000| Untracked 
|  47|0x00000000f2f00000, 0x00000000f2f00000, 0x00000000f3000000|  0%| F|  |TAMS 0x00000000f2f00000| PB 0x00000000f2f00000| Untracked 
|  48|0x00000000f3000000, 0x00000000f3000000, 0x00000000f3100000|  0%| F|  |TAMS 0x00000000f3000000| PB 0x00000000f3000000| Untracked 
|  49|0x00000000f3100000, 0x00000000f3100000, 0x00000000f3200000|  0%| F|  |TAMS 0x00000000f3100000| PB 0x00000000f3100000| Untracked 
|  50|0x00000000f3200000, 0x00000000f3200000, 0x00000000f3300000|  0%| F|  |TAMS 0x00000000f3200000| PB 0x00000000f3200000| Untracked 
|  51|0x00000000f3300000, 0x00000000f3300000, 0x00000000f3400000|  0%| F|  |TAMS 0x00000000f3300000| PB 0x00000000f3300000| Untracked 
|  52|0x00000000f3400000, 0x00000000f3400000, 0x00000000f3500000|  0%| F|  |TAMS 0x00000000f3400000| PB 0x00000000f3400000| Untracked 
|  53|0x00000000f3500000, 0x00000000f3500000, 0x00000000f3600000|  0%| F|  |TAMS 0x00000000f3500000| PB 0x00000000f3500000| Untracked 
|  54|0x00000000f3600000, 0x00000000f3600000, 0x00000000f3700000|  0%| F|  |TAMS 0x00000000f3600000| PB 0x00000000f3600000| Untracked 
|  55|0x00000000f3700000, 0x00000000f3700000, 0x00000000f3800000|  0%| F|  |TAMS 0x00000000f3700000| PB 0x00000000f3700000| Untracked 
|  56|0x00000000f3800000, 0x00000000f3800000, 0x00000000f3900000|  0%| F|  |TAMS 0x00000000f3800000| PB 0x00000000f3800000| Untracked 
|  57|0x00000000f3900000, 0x00000000f3900000, 0x00000000f3a00000|  0%| F|  |TAMS 0x00000000f3900000| PB 0x00000000f3900000| Untracked 
|  58|0x00000000f3a00000, 0x00000000f3a00000, 0x00000000f3b00000|  0%| F|  |TAMS 0x00000000f3a00000| PB 0x00000000f3a00000| Untracked 
|  59|0x00000000f3b00000, 0x00000000f3b00000, 0x00000000f3c00000|  0%| F|  |TAMS 0x00000000f3b00000| PB 0x00000000f3b00000| Untracked 
|  60|0x00000000f3c00000, 0x00000000f3c00000, 0x00000000f3d00000|  0%| F|  |TAMS 0x00000000f3c00000| PB 0x00000000f3c00000| Untracked 
|  61|0x00000000f3d00000, 0x00000000f3d00000, 0x00000000f3e00000|  0%| F|  |TAMS 0x00000000f3d00000| PB 0x00000000f3d00000| Untracked 
|  62|0x00000000f3e00000, 0x00000000f3e00000, 0x00000000f3f00000|  0%| F|  |TAMS 0x00000000f3e00000| PB 0x00000000f3e00000| Untracked 
|  63|0x00000000f3f00000, 0x00000000f3f00000, 0x00000000f4000000|  0%| F|  |TAMS 0x00000000f3f00000| PB 0x00000000f3f00000| Untracked 
|  64|0x00000000f4000000, 0x00000000f4000000, 0x00000000f4100000|  0%| F|  |TAMS 0x00000000f4000000| PB 0x00000000f4000000| Untracked 
|  65|0x00000000f4100000, 0x00000000f4100000, 0x00000000f4200000|  0%| F|  |TAMS 0x00000000f4100000| PB 0x00000000f4100000| Untracked 
|  66|0x00000000f4200000, 0x00000000f4200000, 0x00000000f4300000|  0%| F|  |TAMS 0x00000000f4200000| PB 0x00000000f4200000| Untracked 
|  67|0x00000000f4300000, 0x00000000f4300000, 0x00000000f4400000|  0%| F|  |TAMS 0x00000000f4300000| PB 0x00000000f4300000| Untracked 
|  68|0x00000000f4400000, 0x00000000f4400000, 0x00000000f4500000|  0%| F|  |TAMS 0x00000000f4400000| PB 0x00000000f4400000| Untracked 
|  69|0x00000000f4500000, 0x00000000f4500000, 0x00000000f4600000|  0%| F|  |TAMS 0x00000000f4500000| PB 0x00000000f4500000| Untracked 
|  70|0x00000000f4600000, 0x00000000f4600000, 0x00000000f4700000|  0%| F|  |TAMS 0x00000000f4600000| PB 0x00000000f4600000| Untracked 
|  71|0x00000000f4700000, 0x00000000f4700000, 0x00000000f4800000|  0%| F|  |TAMS 0x00000000f4700000| PB 0x00000000f4700000| Untracked 
|  72|0x00000000f4800000, 0x00000000f4800000, 0x00000000f4900000|  0%| F|  |TAMS 0x00000000f4800000| PB 0x00000000f4800000| Untracked 
|  73|0x00000000f4900000, 0x00000000f4900000, 0x00000000f4a00000|  0%| F|  |TAMS 0x00000000f4900000| PB 0x00000000f4900000| Untracked 
|  74|0x00000000f4a00000, 0x00000000f4a00000, 0x00000000f4b00000|  0%| F|  |TAMS 0x00000000f4a00000| PB 0x00000000f4a00000| Untracked 
|  75|0x00000000f4b00000, 0x00000000f4b00000, 0x00000000f4c00000|  0%| F|  |TAMS 0x00000000f4b00000| PB 0x00000000f4b00000| Untracked 
|  76|0x00000000f4c00000, 0x00000000f4c00000, 0x00000000f4d00000|  0%| F|  |TAMS 0x00000000f4c00000| PB 0x00000000f4c00000| Untracked 
|  77|0x00000000f4d00000, 0x00000000f4d00000, 0x00000000f4e00000|  0%| F|  |TAMS 0x00000000f4d00000| PB 0x00000000f4d00000| Untracked 
|  78|0x00000000f4e00000, 0x00000000f4e00000, 0x00000000f4f00000|  0%| F|  |TAMS 0x00000000f4e00000| PB 0x00000000f4e00000| Untracked 
|  79|0x00000000f4f00000, 0x00000000f4f00000, 0x00000000f5000000|  0%| F|  |TAMS 0x00000000f4f00000| PB 0x00000000f4f00000| Untracked 
|  80|0x00000000f5000000, 0x00000000f5000000, 0x00000000f5100000|  0%| F|  |TAMS 0x00000000f5000000| PB 0x00000000f5000000| Untracked 
|  81|0x00000000f5100000, 0x00000000f5100000, 0x00000000f5200000|  0%| F|  |TAMS 0x00000000f5100000| PB 0x00000000f5100000| Untracked 
|  82|0x00000000f5200000, 0x00000000f5200000, 0x00000000f5300000|  0%| F|  |TAMS 0x00000000f5200000| PB 0x00000000f5200000| Untracked 
|  83|0x00000000f5300000, 0x00000000f5300000, 0x00000000f5400000|  0%| F|  |TAMS 0x00000000f5300000| PB 0x00000000f5300000| Untracked 
|  84|0x00000000f5400000, 0x00000000f5400000, 0x00000000f5500000|  0%| F|  |TAMS 0x00000000f5400000| PB 0x00000000f5400000| Untracked 
|  85|0x00000000f5500000, 0x00000000f5500000, 0x00000000f5600000|  0%| F|  |TAMS 0x00000000f5500000| PB 0x00000000f5500000| Untracked 
|  86|0x00000000f5600000, 0x00000000f5600000, 0x00000000f5700000|  0%| F|  |TAMS 0x00000000f5600000| PB 0x00000000f5600000| Untracked 
|  87|0x00000000f5700000, 0x00000000f5700000, 0x00000000f5800000|  0%| F|  |TAMS 0x00000000f5700000| PB 0x00000000f5700000| Untracked 
|  88|0x00000000f5800000, 0x00000000f5800000, 0x00000000f5900000|  0%| F|  |TAMS 0x00000000f5800000| PB 0x00000000f5800000| Untracked 
|  89|0x00000000f5900000, 0x00000000f5900000, 0x00000000f5a00000|  0%| F|  |TAMS 0x00000000f5900000| PB 0x00000000f5900000| Untracked 
|  90|0x00000000f5a00000, 0x00000000f5a00000, 0x00000000f5b00000|  0%| F|  |TAMS 0x00000000f5a00000| PB 0x00000000f5a00000| Untracked 
|  91|0x00000000f5b00000, 0x00000000f5b00000, 0x00000000f5c00000|  0%| F|  |TAMS 0x00000000f5b00000| PB 0x00000000f5b00000| Untracked 
|  92|0x00000000f5c00000, 0x00000000f5c00000, 0x00000000f5d00000|  0%| F|  |TAMS 0x00000000f5c00000| PB 0x00000000f5c00000| Untracked 
|  93|0x00000000f5d00000, 0x00000000f5d00000, 0x00000000f5e00000|  0%| F|  |TAMS 0x00000000f5d00000| PB 0x00000000f5d00000| Untracked 
|  94|0x00000000f5e00000, 0x00000000f5e00000, 0x00000000f5f00000|  0%| F|  |TAMS 0x00000000f5e00000| PB 0x00000000f5e00000| Untracked 
|  95|0x00000000f5f00000, 0x00000000f5f00000, 0x00000000f6000000|  0%| F|  |TAMS 0x00000000f5f00000| PB 0x00000000f5f00000| Untracked 
|  96|0x00000000f6000000, 0x00000000f6000000, 0x00000000f6100000|  0%| F|  |TAMS 0x00000000f6000000| PB 0x00000000f6000000| Untracked 
|  97|0x00000000f6100000, 0x00000000f6100000, 0x00000000f6200000|  0%| F|  |TAMS 0x00000000f6100000| PB 0x00000000f6100000| Untracked 
|  98|0x00000000f6200000, 0x00000000f6200000, 0x00000000f6300000|  0%| F|  |TAMS 0x00000000f6200000| PB 0x00000000f6200000| Untracked 
|  99|0x00000000f6300000, 0x00000000f6300000, 0x00000000f6400000|  0%| F|  |TAMS 0x00000000f6300000| PB 0x00000000f6300000| Untracked 
| 100|0x00000000f6400000, 0x00000000f6400000, 0x00000000f6500000|  0%| F|  |TAMS 0x00000000f6400000| PB 0x00000000f6400000| Untracked 
| 101|0x00000000f6500000, 0x00000000f6500000, 0x00000000f6600000|  0%| F|  |TAMS 0x00000000f6500000| PB 0x00000000f6500000| Untracked 
| 102|0x00000000f6600000, 0x00000000f6600000, 0x00000000f6700000|  0%| F|  |TAMS 0x00000000f6600000| PB 0x00000000f6600000| Untracked 
| 103|0x00000000f6700000, 0x00000000f6700000, 0x00000000f6800000|  0%| F|  |TAMS 0x00000000f6700000| PB 0x00000000f6700000| Untracked 
| 104|0x00000000f6800000, 0x00000000f6800000, 0x00000000f6900000|  0%| F|  |TAMS 0x00000000f6800000| PB 0x00000000f6800000| Untracked 
| 105|0x00000000f6900000, 0x00000000f6900000, 0x00000000f6a00000|  0%| F|  |TAMS 0x00000000f6900000| PB 0x00000000f6900000| Untracked 
| 106|0x00000000f6a00000, 0x00000000f6a00000, 0x00000000f6b00000|  0%| F|  |TAMS 0x00000000f6a00000| PB 0x00000000f6a00000| Untracked 
| 107|0x00000000f6b00000, 0x00000000f6b00000, 0x00000000f6c00000|  0%| F|  |TAMS 0x00000000f6b00000| PB 0x00000000f6b00000| Untracked 
| 108|0x00000000f6c00000, 0x00000000f6c00000, 0x00000000f6d00000|  0%| F|  |TAMS 0x00000000f6c00000| PB 0x00000000f6c00000| Untracked 
| 109|0x00000000f6d00000, 0x00000000f6d00000, 0x00000000f6e00000|  0%| F|  |TAMS 0x00000000f6d00000| PB 0x00000000f6d00000| Untracked 
| 110|0x00000000f6e00000, 0x00000000f6e00000, 0x00000000f6f00000|  0%| F|  |TAMS 0x00000000f6e00000| PB 0x00000000f6e00000| Untracked 
| 111|0x00000000f6f00000, 0x00000000f6f00000, 0x00000000f7000000|  0%| F|  |TAMS 0x00000000f6f00000| PB 0x00000000f6f00000| Untracked 
| 112|0x00000000f7000000, 0x00000000f7000000, 0x00000000f7100000|  0%| F|  |TAMS 0x00000000f7000000| PB 0x00000000f7000000| Untracked 
| 113|0x00000000f7100000, 0x00000000f7100000, 0x00000000f7200000|  0%| F|  |TAMS 0x00000000f7100000| PB 0x00000000f7100000| Untracked 
| 114|0x00000000f7200000, 0x00000000f7200000, 0x00000000f7300000|  0%| F|  |TAMS 0x00000000f7200000| PB 0x00000000f7200000| Untracked 
| 115|0x00000000f7300000, 0x00000000f7300000, 0x00000000f7400000|  0%| F|  |TAMS 0x00000000f7300000| PB 0x00000000f7300000| Untracked 
| 116|0x00000000f7400000, 0x00000000f7400000, 0x00000000f7500000|  0%| F|  |TAMS 0x00000000f7400000| PB 0x00000000f7400000| Untracked 
| 117|0x00000000f7500000, 0x00000000f7500000, 0x00000000f7600000|  0%| F|  |TAMS 0x00000000f7500000| PB 0x00000000f7500000| Untracked 
| 118|0x00000000f7600000, 0x00000000f7600000, 0x00000000f7700000|  0%| F|  |TAMS 0x00000000f7600000| PB 0x00000000f7600000| Untracked 
| 119|0x00000000f7700000, 0x00000000f7700000, 0x00000000f7800000|  0%| F|  |TAMS 0x00000000f7700000| PB 0x00000000f7700000| Untracked 
| 120|0x00000000f7800000, 0x00000000f7800000, 0x00000000f7900000|  0%| F|  |TAMS 0x00000000f7800000| PB 0x00000000f7800000| Untracked 
| 121|0x00000000f7900000, 0x00000000f7900000, 0x00000000f7a00000|  0%| F|  |TAMS 0x00000000f7900000| PB 0x00000000f7900000| Untracked 
| 122|0x00000000f7a00000, 0x00000000f7a00000, 0x00000000f7b00000|  0%| F|  |TAMS 0x00000000f7a00000| PB 0x00000000f7a00000| Untracked 
| 123|0x00000000f7b00000, 0x00000000f7b00000, 0x00000000f7c00000|  0%| F|  |TAMS 0x00000000f7b00000| PB 0x00000000f7b00000| Untracked 
| 124|0x00000000f7c00000, 0x00000000f7c00000, 0x00000000f7d00000|  0%| F|  |TAMS 0x00000000f7c00000| PB 0x00000000f7c00000| Untracked 
| 125|0x00000000f7d00000, 0x00000000f7d00000, 0x00000000f7e00000|  0%| F|  |TAMS 0x00000000f7d00000| PB 0x00000000f7d00000| Untracked 
| 126|0x00000000f7e00000, 0x00000000f7e00000, 0x00000000f7f00000|  0%| F|  |TAMS 0x00000000f7e00000| PB 0x00000000f7e00000| Untracked 
| 127|0x00000000f7f00000, 0x00000000f7f00000, 0x00000000f8000000|  0%| F|  |TAMS 0x00000000f7f00000| PB 0x00000000f7f00000| Untracked 
| 128|0x00000000f8000000, 0x00000000f8000000, 0x00000000f8100000|  0%| F|  |TAMS 0x00000000f8000000| PB 0x00000000f8000000| Untracked 
| 129|0x00000000f8100000, 0x00000000f8100000, 0x00000000f8200000|  0%| F|  |TAMS 0x00000000f8100000| PB 0x00000000f8100000| Untracked 
| 130|0x00000000f8200000, 0x00000000f8200000, 0x00000000f8300000|  0%| F|  |TAMS 0x00000000f8200000| PB 0x00000000f8200000| Untracked 
| 131|0x00000000f8300000, 0x00000000f8300000, 0x00000000f8400000|  0%| F|  |TAMS 0x00000000f8300000| PB 0x00000000f8300000| Untracked 
| 132|0x00000000f8400000, 0x00000000f8400000, 0x00000000f8500000|  0%| F|  |TAMS 0x00000000f8400000| PB 0x00000000f8400000| Untracked 
| 133|0x00000000f8500000, 0x00000000f8500000, 0x00000000f8600000|  0%| F|  |TAMS 0x00000000f8500000| PB 0x00000000f8500000| Untracked 
| 134|0x00000000f8600000, 0x00000000f8600000, 0x00000000f8700000|  0%| F|  |TAMS 0x00000000f8600000| PB 0x00000000f8600000| Untracked 
| 135|0x00000000f8700000, 0x00000000f8700000, 0x00000000f8800000|  0%| F|  |TAMS 0x00000000f8700000| PB 0x00000000f8700000| Untracked 
| 136|0x00000000f8800000, 0x00000000f8800000, 0x00000000f8900000|  0%| F|  |TAMS 0x00000000f8800000| PB 0x00000000f8800000| Untracked 
| 137|0x00000000f8900000, 0x00000000f8900000, 0x00000000f8a00000|  0%| F|  |TAMS 0x00000000f8900000| PB 0x00000000f8900000| Untracked 
| 138|0x00000000f8a00000, 0x00000000f8a00000, 0x00000000f8b00000|  0%| F|  |TAMS 0x00000000f8a00000| PB 0x00000000f8a00000| Untracked 
| 139|0x00000000f8b00000, 0x00000000f8b00000, 0x00000000f8c00000|  0%| F|  |TAMS 0x00000000f8b00000| PB 0x00000000f8b00000| Untracked 
| 140|0x00000000f8c00000, 0x00000000f8c00000, 0x00000000f8d00000|  0%| F|  |TAMS 0x00000000f8c00000| PB 0x00000000f8c00000| Untracked 
| 141|0x00000000f8d00000, 0x00000000f8d00000, 0x00000000f8e00000|  0%| F|  |TAMS 0x00000000f8d00000| PB 0x00000000f8d00000| Untracked 
| 142|0x00000000f8e00000, 0x00000000f8e00000, 0x00000000f8f00000|  0%| F|  |TAMS 0x00000000f8e00000| PB 0x00000000f8e00000| Untracked 
| 143|0x00000000f8f00000, 0x00000000f8f00000, 0x00000000f9000000|  0%| F|  |TAMS 0x00000000f8f00000| PB 0x00000000f8f00000| Untracked 
| 144|0x00000000f9000000, 0x00000000f9000000, 0x00000000f9100000|  0%| F|  |TAMS 0x00000000f9000000| PB 0x00000000f9000000| Untracked 
| 145|0x00000000f9100000, 0x00000000f9100000, 0x00000000f9200000|  0%| F|  |TAMS 0x00000000f9100000| PB 0x00000000f9100000| Untracked 
| 146|0x00000000f9200000, 0x00000000f9200000, 0x00000000f9300000|  0%| F|  |TAMS 0x00000000f9200000| PB 0x00000000f9200000| Untracked 
| 147|0x00000000f9300000, 0x00000000f9300000, 0x00000000f9400000|  0%| F|  |TAMS 0x00000000f9300000| PB 0x00000000f9300000| Untracked 
| 148|0x00000000f9400000, 0x00000000f9400000, 0x00000000f9500000|  0%| F|  |TAMS 0x00000000f9400000| PB 0x00000000f9400000| Untracked 
| 149|0x00000000f9500000, 0x00000000f9500000, 0x00000000f9600000|  0%| F|  |TAMS 0x00000000f9500000| PB 0x00000000f9500000| Untracked 
| 150|0x00000000f9600000, 0x00000000f9600000, 0x00000000f9700000|  0%| F|  |TAMS 0x00000000f9600000| PB 0x00000000f9600000| Untracked 
| 151|0x00000000f9700000, 0x00000000f9800000, 0x00000000f9800000|100%| E|  |TAMS 0x00000000f9700000| PB 0x00000000f9700000| Complete 
| 152|0x00000000f9800000, 0x00000000f9900000, 0x00000000f9900000|100%| E|CS|TAMS 0x00000000f9800000| PB 0x00000000f9800000| Complete 
| 153|0x00000000f9900000, 0x00000000f9a00000, 0x00000000f9a00000|100%| E|CS|TAMS 0x00000000f9900000| PB 0x00000000f9900000| Complete 
| 154|0x00000000f9a00000, 0x00000000f9b00000, 0x00000000f9b00000|100%| E|CS|TAMS 0x00000000f9a00000| PB 0x00000000f9a00000| Complete 
| 155|0x00000000f9b00000, 0x00000000f9c00000, 0x00000000f9c00000|100%| E|CS|TAMS 0x00000000f9b00000| PB 0x00000000f9b00000| Complete 
| 156|0x00000000f9c00000, 0x00000000f9d00000, 0x00000000f9d00000|100%| E|CS|TAMS 0x00000000f9c00000| PB 0x00000000f9c00000| Complete 
| 157|0x00000000f9d00000, 0x00000000f9e00000, 0x00000000f9e00000|100%| E|CS|TAMS 0x00000000f9d00000| PB 0x00000000f9d00000| Complete 
| 158|0x00000000f9e00000, 0x00000000f9f00000, 0x00000000f9f00000|100%| E|CS|TAMS 0x00000000f9e00000| PB 0x00000000f9e00000| Complete 
| 159|0x00000000f9f00000, 0x00000000fa000000, 0x00000000fa000000|100%| E|CS|TAMS 0x00000000f9f00000| PB 0x00000000f9f00000| Complete 
| 160|0x00000000fa000000, 0x00000000fa100000, 0x00000000fa100000|100%| E|CS|TAMS 0x00000000fa000000| PB 0x00000000fa000000| Complete 
| 161|0x00000000fa100000, 0x00000000fa200000, 0x00000000fa200000|100%| E|CS|TAMS 0x00000000fa100000| PB 0x00000000fa100000| Complete 
| 162|0x00000000fa200000, 0x00000000fa300000, 0x00000000fa300000|100%| E|CS|TAMS 0x00000000fa200000| PB 0x00000000fa200000| Complete 
| 163|0x00000000fa300000, 0x00000000fa400000, 0x00000000fa400000|100%| E|CS|TAMS 0x00000000fa300000| PB 0x00000000fa300000| Complete 
| 164|0x00000000fa400000, 0x00000000fa500000, 0x00000000fa500000|100%| E|CS|TAMS 0x00000000fa400000| PB 0x00000000fa400000| Complete 
| 165|0x00000000fa500000, 0x00000000fa600000, 0x00000000fa600000|100%| E|CS|TAMS 0x00000000fa500000| PB 0x00000000fa500000| Complete 
| 166|0x00000000fa600000, 0x00000000fa700000, 0x00000000fa700000|100%| E|CS|TAMS 0x00000000fa600000| PB 0x00000000fa600000| Complete 
| 167|0x00000000fa700000, 0x00000000fa800000, 0x00000000fa800000|100%| E|CS|TAMS 0x00000000fa700000| PB 0x00000000fa700000| Complete 
| 168|0x00000000fa800000, 0x00000000fa900000, 0x00000000fa900000|100%| E|CS|TAMS 0x00000000fa800000| PB 0x00000000fa800000| Complete 
| 169|0x00000000fa900000, 0x00000000faa00000, 0x00000000faa00000|100%| E|CS|TAMS 0x00000000fa900000| PB 0x00000000fa900000| Complete 
| 170|0x00000000faa00000, 0x00000000fab00000, 0x00000000fab00000|100%| E|CS|TAMS 0x00000000faa00000| PB 0x00000000faa00000| Complete 
| 171|0x00000000fab00000, 0x00000000fac00000, 0x00000000fac00000|100%| E|CS|TAMS 0x00000000fab00000| PB 0x00000000fab00000| Complete 
| 172|0x00000000fac00000, 0x00000000fad00000, 0x00000000fad00000|100%| E|CS|TAMS 0x00000000fac00000| PB 0x00000000fac00000| Complete 
| 173|0x00000000fad00000, 0x00000000fae00000, 0x00000000fae00000|100%| E|CS|TAMS 0x00000000fad00000| PB 0x00000000fad00000| Complete 
| 174|0x00000000fae00000, 0x00000000faf00000, 0x00000000faf00000|100%| E|CS|TAMS 0x00000000fae00000| PB 0x00000000fae00000| Complete 
| 175|0x00000000faf00000, 0x00000000fb000000, 0x00000000fb000000|100%| E|CS|TAMS 0x00000000faf00000| PB 0x00000000faf00000| Complete 
| 176|0x00000000fb000000, 0x00000000fb100000, 0x00000000fb100000|100%| E|CS|TAMS 0x00000000fb000000| PB 0x00000000fb000000| Complete 
| 177|0x00000000fb100000, 0x00000000fb200000, 0x00000000fb200000|100%| E|CS|TAMS 0x00000000fb100000| PB 0x00000000fb100000| Complete 
| 178|0x00000000fb200000, 0x00000000fb300000, 0x00000000fb300000|100%| E|CS|TAMS 0x00000000fb200000| PB 0x00000000fb200000| Complete 
| 179|0x00000000fb300000, 0x00000000fb400000, 0x00000000fb400000|100%| E|CS|TAMS 0x00000000fb300000| PB 0x00000000fb300000| Complete 
| 180|0x00000000fb400000, 0x00000000fb500000, 0x00000000fb500000|100%| E|CS|TAMS 0x00000000fb400000| PB 0x00000000fb400000| Complete 
| 181|0x00000000fb500000, 0x00000000fb600000, 0x00000000fb600000|100%| E|CS|TAMS 0x00000000fb500000| PB 0x00000000fb500000| Complete 
| 182|0x00000000fb600000, 0x00000000fb700000, 0x00000000fb700000|100%| E|CS|TAMS 0x00000000fb600000| PB 0x00000000fb600000| Complete 
| 183|0x00000000fb700000, 0x00000000fb800000, 0x00000000fb800000|100%| E|CS|TAMS 0x00000000fb700000| PB 0x00000000fb700000| Complete 
| 184|0x00000000fb800000, 0x00000000fb900000, 0x00000000fb900000|100%| E|CS|TAMS 0x00000000fb800000| PB 0x00000000fb800000| Complete 
| 185|0x00000000fb900000, 0x00000000fba00000, 0x00000000fba00000|100%| E|CS|TAMS 0x00000000fb900000| PB 0x00000000fb900000| Complete 
| 186|0x00000000fba00000, 0x00000000fbb00000, 0x00000000fbb00000|100%| E|CS|TAMS 0x00000000fba00000| PB 0x00000000fba00000| Complete 
| 187|0x00000000fbb00000, 0x00000000fbc00000, 0x00000000fbc00000|100%| E|CS|TAMS 0x00000000fbb00000| PB 0x00000000fbb00000| Complete 
| 188|0x00000000fbc00000, 0x00000000fbd00000, 0x00000000fbd00000|100%| E|CS|TAMS 0x00000000fbc00000| PB 0x00000000fbc00000| Complete 
| 189|0x00000000fbd00000, 0x00000000fbe00000, 0x00000000fbe00000|100%| E|CS|TAMS 0x00000000fbd00000| PB 0x00000000fbd00000| Complete 
| 190|0x00000000fbe00000, 0x00000000fbf00000, 0x00000000fbf00000|100%| E|CS|TAMS 0x00000000fbe00000| PB 0x00000000fbe00000| Complete 
| 191|0x00000000fbf00000, 0x00000000fc000000, 0x00000000fc000000|100%| E|CS|TAMS 0x00000000fbf00000| PB 0x00000000fbf00000| Complete 
| 192|0x00000000fc000000, 0x00000000fc100000, 0x00000000fc100000|100%| E|CS|TAMS 0x00000000fc000000| PB 0x00000000fc000000| Complete 
| 193|0x00000000fc100000, 0x00000000fc200000, 0x00000000fc200000|100%| E|CS|TAMS 0x00000000fc100000| PB 0x00000000fc100000| Complete 
| 194|0x00000000fc200000, 0x00000000fc300000, 0x00000000fc300000|100%| E|CS|TAMS 0x00000000fc200000| PB 0x00000000fc200000| Complete 
| 195|0x00000000fc300000, 0x00000000fc400000, 0x00000000fc400000|100%| E|CS|TAMS 0x00000000fc300000| PB 0x00000000fc300000| Complete 
| 196|0x00000000fc400000, 0x00000000fc500000, 0x00000000fc500000|100%| E|CS|TAMS 0x00000000fc400000| PB 0x00000000fc400000| Complete 
| 197|0x00000000fc500000, 0x00000000fc600000, 0x00000000fc600000|100%| E|CS|TAMS 0x00000000fc500000| PB 0x00000000fc500000| Complete 
| 198|0x00000000fc600000, 0x00000000fc700000, 0x00000000fc700000|100%| E|CS|TAMS 0x00000000fc600000| PB 0x00000000fc600000| Complete 
| 199|0x00000000fc700000, 0x00000000fc800000, 0x00000000fc800000|100%| E|CS|TAMS 0x00000000fc700000| PB 0x00000000fc700000| Complete 
| 200|0x00000000fc800000, 0x00000000fc900000, 0x00000000fc900000|100%| E|CS|TAMS 0x00000000fc800000| PB 0x00000000fc800000| Complete 
| 201|0x00000000fc900000, 0x00000000fca00000, 0x00000000fca00000|100%| E|CS|TAMS 0x00000000fc900000| PB 0x00000000fc900000| Complete 
| 202|0x00000000fca00000, 0x00000000fcb00000, 0x00000000fcb00000|100%| E|CS|TAMS 0x00000000fca00000| PB 0x00000000fca00000| Complete 
| 203|0x00000000fcb00000, 0x00000000fcc00000, 0x00000000fcc00000|100%| E|CS|TAMS 0x00000000fcb00000| PB 0x00000000fcb00000| Complete 
| 204|0x00000000fcc00000, 0x00000000fcd00000, 0x00000000fcd00000|100%| E|CS|TAMS 0x00000000fcc00000| PB 0x00000000fcc00000| Complete 
| 205|0x00000000fcd00000, 0x00000000fce00000, 0x00000000fce00000|100%| E|CS|TAMS 0x00000000fcd00000| PB 0x00000000fcd00000| Complete 
| 206|0x00000000fce00000, 0x00000000fcf00000, 0x00000000fcf00000|100%| E|CS|TAMS 0x00000000fce00000| PB 0x00000000fce00000| Complete 
| 207|0x00000000fcf00000, 0x00000000fd000000, 0x00000000fd000000|100%| E|CS|TAMS 0x00000000fcf00000| PB 0x00000000fcf00000| Complete 
| 208|0x00000000fd000000, 0x00000000fd100000, 0x00000000fd100000|100%| E|CS|TAMS 0x00000000fd000000| PB 0x00000000fd000000| Complete 
| 209|0x00000000fd100000, 0x00000000fd200000, 0x00000000fd200000|100%| E|CS|TAMS 0x00000000fd100000| PB 0x00000000fd100000| Complete 
| 210|0x00000000fd200000, 0x00000000fd300000, 0x00000000fd300000|100%| E|CS|TAMS 0x00000000fd200000| PB 0x00000000fd200000| Complete 
| 211|0x00000000fd300000, 0x00000000fd400000, 0x00000000fd400000|100%| E|CS|TAMS 0x00000000fd300000| PB 0x00000000fd300000| Complete 
| 212|0x00000000fd400000, 0x00000000fd500000, 0x00000000fd500000|100%| E|CS|TAMS 0x00000000fd400000| PB 0x00000000fd400000| Complete 
| 213|0x00000000fd500000, 0x00000000fd600000, 0x00000000fd600000|100%| E|CS|TAMS 0x00000000fd500000| PB 0x00000000fd500000| Complete 
| 214|0x00000000fd600000, 0x00000000fd700000, 0x00000000fd700000|100%| E|CS|TAMS 0x00000000fd600000| PB 0x00000000fd600000| Complete 
| 215|0x00000000fd700000, 0x00000000fd800000, 0x00000000fd800000|100%| E|CS|TAMS 0x00000000fd700000| PB 0x00000000fd700000| Complete 
| 216|0x00000000fd800000, 0x00000000fd900000, 0x00000000fd900000|100%| E|CS|TAMS 0x00000000fd800000| PB 0x00000000fd800000| Complete 
| 217|0x00000000fd900000, 0x00000000fda00000, 0x00000000fda00000|100%| E|CS|TAMS 0x00000000fd900000| PB 0x00000000fd900000| Complete 
| 218|0x00000000fda00000, 0x00000000fdb00000, 0x00000000fdb00000|100%| E|CS|TAMS 0x00000000fda00000| PB 0x00000000fda00000| Complete 
| 219|0x00000000fdb00000, 0x00000000fdb2dd60, 0x00000000fdc00000| 17%| S|CS|TAMS 0x00000000fdb00000| PB 0x00000000fdb00000| Complete 
| 220|0x00000000fdc00000, 0x00000000fdd00000, 0x00000000fdd00000|100%| S|CS|TAMS 0x00000000fdc00000| PB 0x00000000fdc00000| Complete 
| 221|0x00000000fdd00000, 0x00000000fde00000, 0x00000000fde00000|100%| S|CS|TAMS 0x00000000fdd00000| PB 0x00000000fdd00000| Complete 
| 222|0x00000000fde00000, 0x00000000fdf00000, 0x00000000fdf00000|100%| E|CS|TAMS 0x00000000fde00000| PB 0x00000000fde00000| Complete 
| 223|0x00000000fdf00000, 0x00000000fe000000, 0x00000000fe000000|100%| E|CS|TAMS 0x00000000fdf00000| PB 0x00000000fdf00000| Complete 
| 224|0x00000000fe000000, 0x00000000fe100000, 0x00000000fe100000|100%| E|CS|TAMS 0x00000000fe000000| PB 0x00000000fe000000| Complete 
| 225|0x00000000fe100000, 0x00000000fe200000, 0x00000000fe200000|100%| E|CS|TAMS 0x00000000fe100000| PB 0x00000000fe100000| Complete 
| 226|0x00000000fe200000, 0x00000000fe300000, 0x00000000fe300000|100%| E|CS|TAMS 0x00000000fe200000| PB 0x00000000fe200000| Complete 
| 227|0x00000000fe300000, 0x00000000fe400000, 0x00000000fe400000|100%| E|CS|TAMS 0x00000000fe300000| PB 0x00000000fe300000| Complete 
| 228|0x00000000fe400000, 0x00000000fe500000, 0x00000000fe500000|100%| E|CS|TAMS 0x00000000fe400000| PB 0x00000000fe400000| Complete 
| 229|0x00000000fe500000, 0x00000000fe600000, 0x00000000fe600000|100%| E|CS|TAMS 0x00000000fe500000| PB 0x00000000fe500000| Complete 
| 230|0x00000000fe600000, 0x00000000fe700000, 0x00000000fe700000|100%| E|CS|TAMS 0x00000000fe600000| PB 0x00000000fe600000| Complete 
| 231|0x00000000fe700000, 0x00000000fe800000, 0x00000000fe800000|100%| E|CS|TAMS 0x00000000fe700000| PB 0x00000000fe700000| Complete 
| 232|0x00000000fe800000, 0x00000000fe900000, 0x00000000fe900000|100%| E|CS|TAMS 0x00000000fe800000| PB 0x00000000fe800000| Complete 
| 233|0x00000000fe900000, 0x00000000fea00000, 0x00000000fea00000|100%| E|CS|TAMS 0x00000000fe900000| PB 0x00000000fe900000| Complete 
| 234|0x00000000fea00000, 0x00000000feb00000, 0x00000000feb00000|100%| E|CS|TAMS 0x00000000fea00000| PB 0x00000000fea00000| Complete 
| 235|0x00000000feb00000, 0x00000000fec00000, 0x00000000fec00000|100%| E|CS|TAMS 0x00000000feb00000| PB 0x00000000feb00000| Complete 
| 236|0x00000000fec00000, 0x00000000fed00000, 0x00000000fed00000|100%| E|CS|TAMS 0x00000000fec00000| PB 0x00000000fec00000| Complete 
| 237|0x00000000fed00000, 0x00000000fee00000, 0x00000000fee00000|100%| E|CS|TAMS 0x00000000fed00000| PB 0x00000000fed00000| Complete 
| 238|0x00000000fee00000, 0x00000000fef00000, 0x00000000fef00000|100%| E|CS|TAMS 0x00000000fee00000| PB 0x00000000fee00000| Complete 
| 239|0x00000000fef00000, 0x00000000ff000000, 0x00000000ff000000|100%| E|CS|TAMS 0x00000000fef00000| PB 0x00000000fef00000| Complete 
| 240|0x00000000ff000000, 0x00000000ff100000, 0x00000000ff100000|100%| E|CS|TAMS 0x00000000ff000000| PB 0x00000000ff000000| Complete 
| 241|0x00000000ff100000, 0x00000000ff200000, 0x00000000ff200000|100%| E|CS|TAMS 0x00000000ff100000| PB 0x00000000ff100000| Complete 
| 242|0x00000000ff200000, 0x00000000ff300000, 0x00000000ff300000|100%| E|CS|TAMS 0x00000000ff200000| PB 0x00000000ff200000| Complete 
| 243|0x00000000ff300000, 0x00000000ff400000, 0x00000000ff400000|100%| E|CS|TAMS 0x00000000ff300000| PB 0x00000000ff300000| Complete 
| 244|0x00000000ff400000, 0x00000000ff500000, 0x00000000ff500000|100%| E|CS|TAMS 0x00000000ff400000| PB 0x00000000ff400000| Complete 
| 245|0x00000000ff500000, 0x00000000ff600000, 0x00000000ff600000|100%| E|CS|TAMS 0x00000000ff500000| PB 0x00000000ff500000| Complete 
| 246|0x00000000ff600000, 0x00000000ff700000, 0x00000000ff700000|100%| E|CS|TAMS 0x00000000ff600000| PB 0x00000000ff600000| Complete 
| 247|0x00000000ff700000, 0x00000000ff800000, 0x00000000ff800000|100%| E|CS|TAMS 0x00000000ff700000| PB 0x00000000ff700000| Complete 
| 248|0x00000000ff800000, 0x00000000ff900000, 0x00000000ff900000|100%| E|CS|TAMS 0x00000000ff800000| PB 0x00000000ff800000| Complete 
| 249|0x00000000ff900000, 0x00000000ffa00000, 0x00000000ffa00000|100%| E|CS|TAMS 0x00000000ff900000| PB 0x00000000ff900000| Complete 
| 250|0x00000000ffa00000, 0x00000000ffb00000, 0x00000000ffb00000|100%| E|CS|TAMS 0x00000000ffa00000| PB 0x00000000ffa00000| Complete 
| 251|0x00000000ffb00000, 0x00000000ffc00000, 0x00000000ffc00000|100%| E|CS|TAMS 0x00000000ffb00000| PB 0x00000000ffb00000| Complete 

Card table byte_map: [0x0000018458110000,0x0000018458190000] _byte_map_base: 0x0000018457990000

Marking Bits: (CMBitMap*) 0x000001844074f8d0
 Bits: [0x0000018458190000, 0x0000018458590000)

Polling page: 0x000001843e670000

Metaspace:

Usage:
  Non-class:     16.57 MB used.
      Class:      2.65 MB used.
       Both:     19.22 MB used.

Virtual space:
  Non-class space:       64.00 MB reserved,      16.94 MB ( 26%) committed,  1 nodes.
      Class space:        1.00 GB reserved,       2.94 MB ( <1%) committed,  1 nodes.
             Both:        1.06 GB reserved,      19.88 MB (  2%) committed. 

Chunk freelists:
   Non-Class:  14.54 MB
       Class:  13.09 MB
        Both:  27.63 MB

MaxMetaspaceSize: unlimited
CompressedClassSpaceSize: 1.00 GB
Initial GC threshold: 21.00 MB
Current GC threshold: 21.00 MB
CDS: on
 - commit_granule_bytes: 65536.
 - commit_granule_words: 8192.
 - virtual_space_node_default_size: 8388608.
 - enlarge_chunks_in_place: 1.
 - use_allocation_guard: 0.


Internal statistics:

num_allocs_failed_limit: 0.
num_arena_births: 870.
num_arena_deaths: 0.
num_vsnodes_births: 2.
num_vsnodes_deaths: 0.
num_space_committed: 318.
num_space_uncommitted: 0.
num_chunks_returned_to_freelist: 0.
num_chunks_taken_from_freelist: 1640.
num_chunk_merges: 0.
num_chunk_splits: 1066.
num_chunks_enlarged: 678.
num_inconsistent_stats: 0.

CodeHeap 'non-profiled nmethods': size=120000Kb used=1482Kb max_used=1482Kb free=118517Kb
 bounds [0x0000018450690000, 0x0000018450900000, 0x0000018457bc0000]
CodeHeap 'profiled nmethods': size=120000Kb used=5637Kb max_used=5637Kb free=114362Kb
 bounds [0x0000018448bc0000, 0x0000018449150000, 0x00000184500f0000]
CodeHeap 'non-nmethods': size=5760Kb used=1495Kb max_used=1543Kb free=4264Kb
 bounds [0x00000184500f0000, 0x0000018450360000, 0x0000018450690000]
 total_blobs=3447 nmethods=2877 adapters=474
 compilation: enabled
              stopped_count=0, restarted_count=0
 full_count=0

Compilation events (20 events):
Event: 3.630 Thread 0x000001845b318050 2833       3       java.lang.invoke.LambdaFormBuffer::replaceFunctions (121 bytes)
Event: 3.631 Thread 0x000001845b318050 nmethod 2833 0x000001844911fc90 code [0x000001844911fee0, 0x00000184491208b0]
Event: 3.632 Thread 0x000001845b318050 2834       3       java.lang.invoke.InvokerBytecodeGenerator::<init> (129 bytes)
Event: 3.634 Thread 0x000001845b318050 nmethod 2834 0x0000018449120c10 code [0x0000018449120f00, 0x0000018449121ee0]
Event: 3.665 Thread 0x000001845b621820 nmethod 2631 0x00000184507e9f90 code [0x00000184507eab00, 0x00000184507f5ef8]
Event: 3.668 Thread 0x000001845b318050 2837       3       org.gradle.internal.service.DefaultServiceRegistry$FactoryMethodService::getMethod (46 bytes)
Event: 3.669 Thread 0x000001845b318050 nmethod 2837 0x0000018449122510 code [0x0000018449122760, 0x0000018449122e20]
Event: 3.670 Thread 0x000001845b318050 2839       3       org.gradle.internal.service.DefaultServiceRegistry::find (124 bytes)
Event: 3.672 Thread 0x000001845b318050 nmethod 2839 0x0000018449123110 code [0x00000184491234a0, 0x0000018449124cb0]
Event: 3.673 Thread 0x000001845b318050 2845       3       java.lang.invoke.InvokerBytecodeGenerator::addMethod (725 bytes)
Event: 3.674 Thread 0x000001845b621820 2809   !   4       java.util.concurrent.ConcurrentHashMap::transfer (849 bytes)
Event: 3.677 Thread 0x000001845b318050 nmethod 2845 0x0000018449125390 code [0x0000018449125900, 0x0000018449127d10]
Event: 3.677 Thread 0x000001845b318050 2838       3       org.gradle.internal.service.DefaultServiceRegistry$ParentServices::getService (12 bytes)
Event: 3.677 Thread 0x000001845b318050 nmethod 2838 0x0000018449128910 code [0x0000018449128ac0, 0x0000018449128c98]
Event: 3.677 Thread 0x000001845b318050 2840       3       org.gradle.internal.service.DefaultServiceRegistry::isSatisfiedBy (44 bytes)
Event: 3.677 Thread 0x000001845b318050 nmethod 2840 0x0000018449128d90 code [0x0000018449128fa0, 0x0000018449129710]
Event: 3.677 Thread 0x000001845b318050 2841       3       org.gradle.internal.service.DefaultServiceRegistry$SingletonService::getService (33 bytes)
Event: 3.678 Thread 0x000001845b318050 nmethod 2841 0x0000018449129890 code [0x0000018449129a80, 0x0000018449129e10]
Event: 3.678 Thread 0x000001845b318050 2842       3       org.gradle.internal.collect.PersistentArray1::get (14 bytes)
Event: 3.678 Thread 0x000001845b318050 nmethod 2842 0x0000018449129f90 code [0x000001844912a1c0, 0x000001844912a838]

GC Heap History (4 events):
Event: 0.832 GC heap before
{Heap before GC invocations=0 (full 0):
 garbage-first heap   total 258048K, used 26624K [0x00000000f0000000, 0x0000000100000000)
  region size 1024K, 23 young (23552K), 0 survivors (0K)
 Metaspace       used 3110K, committed 3328K, reserved 1114112K
  class space    used 363K, committed 448K, reserved 1048576K
}
Event: 0.839 GC heap after
{Heap after GC invocations=1 (full 0):
 garbage-first heap   total 258048K, used 11623K [0x00000000f0000000, 0x0000000100000000)
  region size 1024K, 3 young (3072K), 3 survivors (3072K)
 Metaspace       used 3110K, committed 3328K, reserved 1114112K
  class space    used 363K, committed 448K, reserved 1048576K
}
Event: 1.303 GC heap before
{Heap before GC invocations=1 (full 0):
 garbage-first heap   total 258048K, used 41319K [0x00000000f0000000, 0x0000000100000000)
  region size 1024K, 30 young (30720K), 3 survivors (3072K)
 Metaspace       used 4668K, committed 4864K, reserved 1114112K
  class space    used 576K, committed 704K, reserved 1048576K
}
Event: 1.307 GC heap after
{Heap after GC invocations=2 (full 0):
 garbage-first heap   total 258048K, used 14772K [0x00000000f0000000, 0x0000000100000000)
  region size 1024K, 3 young (3072K), 3 survivors (3072K)
 Metaspace       used 4668K, committed 4864K, reserved 1114112K
  class space    used 576K, committed 704K, reserved 1048576K
}

Dll operation events (15 events):
Event: 0.013 Loaded shared library C:\Program Files\Java\jdk-21\bin\java.dll
Event: 0.056 Loaded shared library C:\Program Files\Java\jdk-21\bin\jsvml.dll
Event: 0.109 Loaded shared library C:\Program Files\Java\jdk-21\bin\zip.dll
Event: 0.116 Loaded shared library C:\Program Files\Java\jdk-21\bin\instrument.dll
Event: 0.122 Loaded shared library C:\Program Files\Java\jdk-21\bin\net.dll
Event: 0.126 Loaded shared library C:\Program Files\Java\jdk-21\bin\nio.dll
Event: 0.129 Loaded shared library C:\Program Files\Java\jdk-21\bin\zip.dll
Event: 0.361 Loaded shared library C:\Program Files\Java\jdk-21\bin\jimage.dll
Event: 0.641 Loaded shared library C:\Program Files\Java\jdk-21\bin\verify.dll
Event: 0.688 Loaded shared library C:\Users\jinwo\.gradle\native\660c5614fbf4a5f2a75b1949f50a0caf5cd603558e7d8a26e50b933a0cfb79d1\windows-amd64\native-platform.dll
Event: 0.709 Loaded shared library C:\Users\jinwo\.gradle\native\0.2.8\x86_64-windows-gnu\gradle-fileevents.dll
Event: 1.808 Loaded shared library C:\Program Files\Java\jdk-21\bin\management.dll
Event: 1.812 Loaded shared library C:\Program Files\Java\jdk-21\bin\management_ext.dll
Event: 2.019 Loaded shared library C:\Program Files\Java\jdk-21\bin\extnet.dll
Event: 2.362 Loaded shared library C:\Program Files\Java\jdk-21\bin\sunmscapi.dll

Deoptimization events (20 events):
Event: 2.935 Thread 0x00000184a164bcf0 Uncommon trap: trap_request=0xffffff76 fr.pc=0x00000184507509e0 relative=0x00000000000001a0
Event: 2.935 Thread 0x00000184a164bcf0 Uncommon trap: reason=predicate action=maybe_recompile pc=0x00000184507509e0 method=java.util.regex.Pattern$BmpCharPropertyGreedy.match(Ljava/util/regex/Matcher;ILjava/lang/CharSequence;)Z @ 12 c2
Event: 2.935 Thread 0x00000184a164bcf0 DEOPT PACKING pc=0x00000184507509e0 sp=0x000000673c1fbe40
Event: 2.935 Thread 0x00000184a164bcf0 DEOPT UNPACKING pc=0x00000184501446a2 sp=0x000000673c1fbdf8 mode 2
Event: 2.965 Thread 0x00000184a2a63a80 Uncommon trap: trap_request=0xffffff45 fr.pc=0x000001845077271c relative=0x000000000000017c
Event: 2.965 Thread 0x00000184a2a63a80 Uncommon trap: reason=unstable_if action=reinterpret pc=0x000001845077271c method=java.util.concurrent.locks.ReentrantLock$NonfairSync.initialTryLock()Z @ 25 c2
Event: 2.965 Thread 0x00000184a2a63a80 DEOPT PACKING pc=0x000001845077271c sp=0x000000673c6ff0f0
Event: 2.965 Thread 0x00000184a2a63a80 DEOPT UNPACKING pc=0x00000184501446a2 sp=0x000000673c6ff090 mode 2
Event: 3.069 Thread 0x00000184a164bcf0 DEOPT PACKING pc=0x0000018448ff80c1 sp=0x000000673c1facf0
Event: 3.070 Thread 0x00000184a164bcf0 DEOPT UNPACKING pc=0x0000018450144e42 sp=0x000000673c1fa200 mode 0
Event: 3.226 Thread 0x00000184a164bcf0 Uncommon trap: trap_request=0xffffff45 fr.pc=0x00000184507ad8f4 relative=0x0000000000000934
Event: 3.226 Thread 0x00000184a164bcf0 Uncommon trap: reason=unstable_if action=reinterpret pc=0x00000184507ad8f4 method=java.util.HashMap.hash(Ljava/lang/Object;)I @ 1 c2
Event: 3.226 Thread 0x00000184a164bcf0 DEOPT PACKING pc=0x00000184507ad8f4 sp=0x000000673c1fbf60
Event: 3.226 Thread 0x00000184a164bcf0 DEOPT UNPACKING pc=0x00000184501446a2 sp=0x000000673c1fbef0 mode 2
Event: 3.461 Thread 0x00000184a164bcf0 DEOPT PACKING pc=0x0000018448ff80c1 sp=0x000000673c1fad60
Event: 3.461 Thread 0x00000184a164bcf0 DEOPT UNPACKING pc=0x0000018450144e42 sp=0x000000673c1fa270 mode 0
Event: 3.493 Thread 0x00000184a164bcf0 DEOPT PACKING pc=0x0000018448ff80c1 sp=0x000000673c1f7bd0
Event: 3.493 Thread 0x00000184a164bcf0 DEOPT UNPACKING pc=0x0000018450144e42 sp=0x000000673c1f70e0 mode 0
Event: 3.513 Thread 0x00000184a164bcf0 DEOPT PACKING pc=0x0000018448ff80e2 sp=0x000000673c1fb0a0
Event: 3.513 Thread 0x00000184a164bcf0 DEOPT UNPACKING pc=0x0000018450144e42 sp=0x000000673c1fa5b0 mode 0

Classes loaded (20 events):
Event: 3.331 Loading class java/lang/invoke/BoundMethodHandle$Species_LLLLLLLLLLLLLLLLL
Event: 3.331 Loading class java/lang/invoke/BoundMethodHandle$Species_LLLLLLLLLLLLLLLLL done
Event: 3.332 Loading class java/lang/invoke/BoundMethodHandle$Species_LLLLLLLLLLLLLLLLLL
Event: 3.332 Loading class java/lang/invoke/BoundMethodHandle$Species_LLLLLLLLLLLLLLLLLL done
Event: 3.334 Loading class java/lang/invoke/BoundMethodHandle$Species_LLLLLLLLLLLLLLLLLLL
Event: 3.334 Loading class java/lang/invoke/BoundMethodHandle$Species_LLLLLLLLLLLLLLLLLLL done
Event: 3.338 Loading class java/lang/invoke/BoundMethodHandle$Species_LLLLLLLLLLLLLLLLLLLL
Event: 3.338 Loading class java/lang/invoke/BoundMethodHandle$Species_LLLLLLLLLLLLLLLLLLLL done
Event: 3.341 Loading class java/lang/invoke/BoundMethodHandle$Species_LLLLLLLLLLLLLLLLLLLLL
Event: 3.341 Loading class java/lang/invoke/BoundMethodHandle$Species_LLLLLLLLLLLLLLLLLLLLL done
Event: 3.344 Loading class java/lang/invoke/BoundMethodHandle$Species_LLLLLLLLLLLLLLLLLLLLLL
Event: 3.344 Loading class java/lang/invoke/BoundMethodHandle$Species_LLLLLLLLLLLLLLLLLLLLLL done
Event: 3.347 Loading class java/lang/invoke/BoundMethodHandle$Species_LLLLLLLLLLLLLLLLLLLLLLL
Event: 3.347 Loading class java/lang/invoke/BoundMethodHandle$Species_LLLLLLLLLLLLLLLLLLLLLLL done
Event: 3.351 Loading class java/lang/invoke/BoundMethodHandle$Species_LLLLLLLLLLLLLLLLLLLLLLLL
Event: 3.351 Loading class java/lang/invoke/BoundMethodHandle$Species_LLLLLLLLLLLLLLLLLLLLLLLL done
Event: 3.561 Loading class java/security/InvalidKeyException
Event: 3.561 Loading class java/security/KeyException
Event: 3.562 Loading class java/security/KeyException done
Event: 3.562 Loading class java/security/InvalidKeyException done

Classes unloaded (0 events):
No events

Classes redefined (0 events):
No events

Internal exceptions (20 events):
Event: 3.077 Thread 0x00000184a164bcf0 Exception <a 'java/lang/NoSuchMethodError'{0x00000000fae9d470}: 'java.lang.Object java.lang.invoke.DirectMethodHandle$Holder.invokeVirtual(java.lang.Object, java.lang.Object, java.lang.Object, java.lang.Object, java.lang.Object, java.lang.Object, java.lang.Object, java.lang.Object, java.lang.Object, java.lang.Object)'> (0x00000000fae9d470) 
thrown [s\open\src\hotspot\share\interpreter\linkResolver.cpp, line 773]
Event: 3.105 Thread 0x00000184a164bcf0 Exception <a 'java/lang/NoSuchMethodError'{0x00000000fad2b208}: 'void java.lang.invoke.DirectMethodHandle$Holder.invokeStaticInit(java.lang.Object, java.lang.Object, java.lang.Object, java.lang.Object)'> (0x00000000fad2b208) 
thrown [s\open\src\hotspot\share\interpreter\linkResolver.cpp, line 773]
Event: 3.182 Thread 0x00000184a164bcf0 Exception <a 'java/lang/NoSuchMethodError'{0x00000000fac7f190}: 'int java.lang.invoke.DirectMethodHandle$Holder.invokeSpecialIFC(java.lang.Object, java.lang.Object, java.lang.Object, java.lang.Object)'> (0x00000000fac7f190) 
thrown [s\open\src\hotspot\share\interpreter\linkResolver.cpp, line 773]
Event: 3.186 Thread 0x00000184a164bcf0 Exception <a 'java/lang/IncompatibleClassChangeError'{0x00000000fac8cb38}: Found class java.lang.Object, but interface was expected> (0x00000000fac8cb38) 
thrown [s\open\src\hotspot\share\interpreter\linkResolver.cpp, line 840]
Event: 3.226 Thread 0x00000184a164bcf0 Implicit null exception at 0x00000184507ad00d to 0x00000184507ad8d8
Event: 3.319 Thread 0x00000184a164bcf0 Exception <a 'java/lang/NoSuchMethodError'{0x00000000fa8f0e38}: 'java.lang.Object java.lang.invoke.DelegatingMethodHandle$Holder.reinvoke_L(java.lang.Object, java.lang.Object, java.lang.Object, java.lang.Object, java.lang.Object, java.lang.Object, java.lang.Object, java.lang.Object, java.lang.Object, java.lang.Object, java.lang.Object, java.lang.Object, java.lang.Object, java.lang.Object, java.lang.Object, java.lang.Object, java.lang.Object, java.lang.Object, java.lang.Object, java.lang.Object, java.lang.O
Event: 3.325 Thread 0x00000184a164bcf0 Exception <a 'java/lang/NoSuchMethodError'{0x00000000fa75f110}: 'java.lang.Object java.lang.invoke.DirectMethodHandle$Holder.invokeStatic(java.lang.Object, java.lang.Object, java.lang.Object, java.lang.Object, java.lang.Object, java.lang.Object, java.lang.Object, java.lang.Object, java.lang.Object, java.lang.Object, java.lang.Object, java.lang.Object, java.lang.Object, java.lang.Object, java.lang.Object, java.lang.Object, java.lang.Object)'> (0x00000000fa75f110) 
thrown [s\open\src\hotspot\share\interprete
Event: 3.327 Thread 0x00000184a164bcf0 Exception <a 'java/lang/NoSuchMethodError'{0x00000000fa787b98}: 'java.lang.Object java.lang.invoke.DirectMethodHandle$Holder.invokeStatic(java.lang.Object, java.lang.Object, java.lang.Object, java.lang.Object, java.lang.Object, java.lang.Object, java.lang.Object, java.lang.Object, java.lang.Object, java.lang.Object, java.lang.Object, java.lang.Object, java.lang.Object, java.lang.Object, java.lang.Object, java.lang.Object, java.lang.Object, java.lang.Object)'> (0x00000000fa787b98) 
thrown [s\open\src\hotspo
Event: 3.329 Thread 0x00000184a164bcf0 Exception <a 'java/lang/NoSuchMethodError'{0x00000000fa7b1828}: 'java.lang.Object java.lang.invoke.DirectMethodHandle$Holder.invokeStatic(java.lang.Object, java.lang.Object, java.lang.Object, java.lang.Object, java.lang.Object, java.lang.Object, java.lang.Object, java.lang.Object, java.lang.Object, java.lang.Object, java.lang.Object, java.lang.Object, java.lang.Object, java.lang.Object, java.lang.Object, java.lang.Object, java.lang.Object, java.lang.Object, java.lang.Object)'> (0x00000000fa7b1828) 
thrown 
Event: 3.331 Thread 0x00000184a164bcf0 Exception <a 'java/lang/NoSuchMethodError'{0x00000000fa7dc908}: 'java.lang.Object java.lang.invoke.DirectMethodHandle$Holder.invokeStatic(java.lang.Object, java.lang.Object, java.lang.Object, java.lang.Object, java.lang.Object, java.lang.Object, java.lang.Object, java.lang.Object, java.lang.Object, java.lang.Object, java.lang.Object, java.lang.Object, java.lang.Object, java.lang.Object, java.lang.Object, java.lang.Object, java.lang.Object, java.lang.Object, java.lang.Object, java.lang.Object)'> (0x00000000
Event: 3.333 Thread 0x00000184a164bcf0 Exception <a 'java/lang/NoSuchMethodError'{0x00000000fa608e28}: 'java.lang.Object java.lang.invoke.DirectMethodHandle$Holder.invokeStatic(java.lang.Object, java.lang.Object, java.lang.Object, java.lang.Object, java.lang.Object, java.lang.Object, java.lang.Object, java.lang.Object, java.lang.Object, java.lang.Object, java.lang.Object, java.lang.Object, java.lang.Object, java.lang.Object, java.lang.Object, java.lang.Object, java.lang.Object, java.lang.Object, java.lang.Object, java.lang.Object, java.lang.Obj
Event: 3.336 Thread 0x00000184a164bcf0 Exception <a 'java/lang/NoSuchMethodError'{0x00000000fa636290}: 'java.lang.Object java.lang.invoke.DirectMethodHandle$Holder.invokeStatic(java.lang.Object, java.lang.Object, java.lang.Object, java.lang.Object, java.lang.Object, java.lang.Object, java.lang.Object, java.lang.Object, java.lang.Object, java.lang.Object, java.lang.Object, java.lang.Object, java.lang.Object, java.lang.Object, java.lang.Object, java.lang.Object, java.lang.Object, java.lang.Object, java.lang.Object, java.lang.Object, java.lang.Obj
Event: 3.339 Thread 0x00000184a164bcf0 Exception <a 'java/lang/NoSuchMethodError'{0x00000000fa6647b0}: 'java.lang.Object java.lang.invoke.DirectMethodHandle$Holder.invokeStatic(java.lang.Object, java.lang.Object, java.lang.Object, java.lang.Object, java.lang.Object, java.lang.Object, java.lang.Object, java.lang.Object, java.lang.Object, java.lang.Object, java.lang.Object, java.lang.Object, java.lang.Object, java.lang.Object, java.lang.Object, java.lang.Object, java.lang.Object, java.lang.Object, java.lang.Object, java.lang.Object, java.lang.Obj
Event: 3.342 Thread 0x00000184a164bcf0 Exception <a 'java/lang/NoSuchMethodError'{0x00000000fa693a38}: 'java.lang.Object java.lang.invoke.DirectMethodHandle$Holder.invokeStatic(java.lang.Object, java.lang.Object, java.lang.Object, java.lang.Object, java.lang.Object, java.lang.Object, java.lang.Object, java.lang.Object, java.lang.Object, java.lang.Object, java.lang.Object, java.lang.Object, java.lang.Object, java.lang.Object, java.lang.Object, java.lang.Object, java.lang.Object, java.lang.Object, java.lang.Object, java.lang.Object, java.lang.Obj
Event: 3.346 Thread 0x00000184a164bcf0 Exception <a 'java/lang/NoSuchMethodError'{0x00000000fa6c3b30}: 'java.lang.Object java.lang.invoke.DirectMethodHandle$Holder.invokeStatic(java.lang.Object, java.lang.Object, java.lang.Object, java.lang.Object, java.lang.Object, java.lang.Object, java.lang.Object, java.lang.Object, java.lang.Object, java.lang.Object, java.lang.Object, java.lang.Object, java.lang.Object, java.lang.Object, java.lang.Object, java.lang.Object, java.lang.Object, java.lang.Object, java.lang.Object, java.lang.Object, java.lang.Obj
Event: 3.348 Thread 0x00000184a164bcf0 Exception <a 'java/lang/NoSuchMethodError'{0x00000000fa6f43d0}: 'java.lang.Object java.lang.invoke.DirectMethodHandle$Holder.invokeStatic(java.lang.Object, java.lang.Object, java.lang.Object, java.lang.Object, java.lang.Object, java.lang.Object, java.lang.Object, java.lang.Object, java.lang.Object, java.lang.Object, java.lang.Object, java.lang.Object, java.lang.Object, java.lang.Object, java.lang.Object, java.lang.Object, java.lang.Object, java.lang.Object, java.lang.Object, java.lang.Object, java.lang.Obj
Event: 3.353 Thread 0x00000184a164bcf0 Exception <a 'java/lang/NoSuchMethodError'{0x00000000fa5269b0}: 'java.lang.Object java.lang.invoke.DirectMethodHandle$Holder.invokeStatic(java.lang.Object, java.lang.Object, java.lang.Object, java.lang.Object, java.lang.Object, java.lang.Object, java.lang.Object, java.lang.Object, java.lang.Object, java.lang.Object, java.lang.Object, java.lang.Object, java.lang.Object, java.lang.Object, java.lang.Object, java.lang.Object, java.lang.Object, java.lang.Object, java.lang.Object, java.lang.Object, java.lang.Obj
Event: 3.502 Thread 0x00000184a164bcf0 Exception <a 'java/lang/NoSuchMethodError'{0x00000000f9f096c0}: 'java.lang.Object java.lang.invoke.Invokers$Holder.invoker(java.lang.Object, java.lang.Object, java.lang.Object, java.lang.Object, java.lang.Object)'> (0x00000000f9f096c0) 
thrown [s\open\src\hotspot\share\interpreter\linkResolver.cpp, line 773]
Event: 3.626 Thread 0x00000184a164bcf0 Exception <a 'java/lang/NoSuchMethodError'{0x00000000f9b8db68}: 'java.lang.Object java.lang.invoke.DirectMethodHandle$Holder.newInvokeSpecial(java.lang.Object, java.lang.Object, java.lang.Object, java.lang.Object, java.lang.Object, java.lang.Object, java.lang.Object, java.lang.Object, java.lang.Object, java.lang.Object)'> (0x00000000f9b8db68) 
thrown [s\open\src\hotspot\share\interpreter\linkResolver.cpp, line 773]
Event: 3.669 Thread 0x00000184a164bcf0 Exception <a 'java/lang/NoSuchMethodError'{0x00000000f9a87b58}: 'java.lang.Object java.lang.invoke.DirectMethodHandle$Holder.invokeVirtual(java.lang.Object, java.lang.Object, java.lang.Object, java.lang.Object, java.lang.Object, java.lang.Object, java.lang.Object, java.lang.Object, java.lang.Object, java.lang.Object, java.lang.Object)'> (0x00000000f9a87b58) 
thrown [s\open\src\hotspot\share\interpreter\linkResolver.cpp, line 773]

ZGC Phase Switch (0 events):
No events

VM Operations (20 events):
Event: 1.886 Executing VM operation: HandshakeAllThreads (Deoptimize)
Event: 1.886 Executing VM operation: HandshakeAllThreads (Deoptimize) done
Event: 1.977 Executing VM operation: ICBufferFull
Event: 1.977 Executing VM operation: ICBufferFull done
Event: 2.079 Executing VM operation: HandshakeAllThreads (Deoptimize)
Event: 2.079 Executing VM operation: HandshakeAllThreads (Deoptimize) done
Event: 2.133 Executing VM operation: HandshakeAllThreads (Deoptimize)
Event: 2.133 Executing VM operation: HandshakeAllThreads (Deoptimize) done
Event: 2.327 Executing VM operation: HandshakeAllThreads (Deoptimize)
Event: 2.327 Executing VM operation: HandshakeAllThreads (Deoptimize) done
Event: 2.671 Executing VM operation: ICBufferFull
Event: 2.671 Executing VM operation: ICBufferFull done
Event: 2.958 Executing VM operation: HandshakeAllThreads (Deoptimize)
Event: 2.958 Executing VM operation: HandshakeAllThreads (Deoptimize) done
Event: 3.364 Executing VM operation: HandshakeAllThreads (Deoptimize)
Event: 3.364 Executing VM operation: HandshakeAllThreads (Deoptimize) done
Event: 3.365 Executing VM operation: HandshakeAllThreads (Deoptimize)
Event: 3.365 Executing VM operation: HandshakeAllThreads (Deoptimize) done
Event: 3.664 Executing VM operation: ICBufferFull
Event: 3.664 Executing VM operation: ICBufferFull done

Events (20 events):
Event: 0.053 Thread 0x000001845b3031f0 Thread added: 0x000001845b3031f0
Event: 0.053 Thread 0x000001845b306850 Thread added: 0x000001845b306850
Event: 0.053 Thread 0x000001845b318050 Thread added: 0x000001845b318050
Event: 0.077 Thread 0x000001845b226aa0 Thread added: 0x000001845b226aa0
Event: 0.146 Thread 0x000001845b53d050 Thread added: 0x000001845b53d050
Event: 0.338 Thread 0x000001845b621820 Thread added: 0x000001845b621820
Event: 0.346 Thread 0x000001845b6225c0 Thread added: 0x000001845b6225c0
Event: 1.845 Thread 0x00000184a26bf200 Thread added: 0x00000184a26bf200
Event: 2.160 Thread 0x00000184a2b97320 Thread added: 0x00000184a2b97320
Event: 2.272 Thread 0x00000184a2752540 Thread added: 0x00000184a2752540
Event: 2.393 Thread 0x00000184a2998a00 Thread added: 0x00000184a2998a00
Event: 2.396 Thread 0x00000184a2999060 Thread added: 0x00000184a2999060
Event: 2.430 Thread 0x00000184a1c1d950 Thread added: 0x00000184a1c1d950
Event: 2.441 Thread 0x00000184a164bcf0 Thread added: 0x00000184a164bcf0
Event: 2.455 Thread 0x00000184a2a66870 Thread added: 0x00000184a2a66870
Event: 2.456 Thread 0x00000184a2a661e0 Thread added: 0x00000184a2a661e0
Event: 2.463 Thread 0x00000184a2a654c0 Thread added: 0x00000184a2a654c0
Event: 2.958 Thread 0x00000184a2a65b50 Thread added: 0x00000184a2a65b50
Event: 2.965 Thread 0x00000184a2a63a80 Thread added: 0x00000184a2a63a80
Event: 3.060 Thread 0x00000184a2a64e30 Thread added: 0x00000184a2a64e30


Dynamic libraries:
0x00007ff67dce0000 - 0x00007ff67dcf0000 	C:\Program Files\Java\jdk-21\bin\java.exe
0x00007ff9e41a0000 - 0x00007ff9e4406000 	C:\WINDOWS\SYSTEM32\ntdll.dll
0x00007ff9e3950000 - 0x00007ff9e3a19000 	C:\WINDOWS\System32\KERNEL32.DLL
0x00007ff9e1870000 - 0x00007ff9e1c6f000 	C:\WINDOWS\System32\KERNELBASE.dll
0x00007ff9e16e0000 - 0x00007ff9e182c000 	C:\WINDOWS\System32\ucrtbase.dll
0x00007ff9d2b30000 - 0x00007ff9d2b49000 	C:\Program Files\Java\jdk-21\bin\jli.dll
0x00007ff9e3d80000 - 0x00007ff9e3e3c000 	C:\WINDOWS\System32\ADVAPI32.dll
0x00007ff9e33b0000 - 0x00007ff9e3459000 	C:\WINDOWS\System32\msvcrt.dll
0x00007ff9c9e80000 - 0x00007ff9c9e9b000 	C:\Program Files\Java\jdk-21\bin\VCRUNTIME140.dll
0x00007ff9e3470000 - 0x00007ff9e351a000 	C:\WINDOWS\System32\sechost.dll
0x00007ff9e2120000 - 0x00007ff9e2238000 	C:\WINDOWS\System32\RPCRT4.dll
0x00007ff9e3bb0000 - 0x00007ff9e3d76000 	C:\WINDOWS\System32\USER32.dll
0x00007ff9e1840000 - 0x00007ff9e1867000 	C:\WINDOWS\System32\win32u.dll
0x00007ff9e2470000 - 0x00007ff9e249b000 	C:\WINDOWS\System32\GDI32.dll
0x00007ff9e1440000 - 0x00007ff9e1569000 	C:\WINDOWS\System32\gdi32full.dll
0x00007ff9e1570000 - 0x00007ff9e1613000 	C:\WINDOWS\System32\msvcp_win.dll
0x00007ff9c8a30000 - 0x00007ff9c8cc1000 	C:\WINDOWS\WinSxS\amd64_microsoft.windows.common-controls_6595b64144ccf1df_6.0.26100.8972_none_3e0da176e32f9d4b\COMCTL32.dll
0x00007ff9d1940000 - 0x00007ff9d194b000 	C:\WINDOWS\SYSTEM32\VERSION.dll
0x00007ff9e24a0000 - 0x00007ff9e24d2000 	C:\WINDOWS\System32\IMM32.DLL
0x00007ff9dd950000 - 0x00007ff9dd95c000 	C:\Program Files\Java\jdk-21\bin\vcruntime140_1.dll
0x00007ff977090000 - 0x00007ff97711e000 	C:\Program Files\Java\jdk-21\bin\msvcp140.dll
0x00007ff95f170000 - 0x00007ff95fe8a000 	C:\Program Files\Java\jdk-21\bin\server\jvm.dll
0x00007ff9e3520000 - 0x00007ff9e35a2000 	C:\WINDOWS\System32\WS2_32.dll
0x00007ff9e1230000 - 0x00007ff9e128e000 	C:\WINDOWS\SYSTEM32\POWRPROF.dll
0x00007ff9d8810000 - 0x00007ff9d8846000 	C:\WINDOWS\SYSTEM32\WINMM.dll
0x00007ff9e1210000 - 0x00007ff9e1225000 	C:\WINDOWS\SYSTEM32\UMPDC.dll
0x00007ff9e0080000 - 0x00007ff9e009b000 	C:\WINDOWS\SYSTEM32\kernel.appcore.dll
0x00007ff9dd870000 - 0x00007ff9dd87a000 	C:\Program Files\Java\jdk-21\bin\jimage.dll
0x00007ff9df3f0000 - 0x00007ff9df632000 	C:\WINDOWS\SYSTEM32\DBGHELP.DLL
0x00007ff9e35c0000 - 0x00007ff9e3945000 	C:\WINDOWS\System32\combase.dll
0x00007ff9e2040000 - 0x00007ff9e2119000 	C:\WINDOWS\System32\OLEAUT32.dll
0x00007ff9c8db0000 - 0x00007ff9c8deb000 	C:\WINDOWS\SYSTEM32\dbgcore.DLL
0x00007ff9e1e10000 - 0x00007ff9e1ebc000 	C:\WINDOWS\System32\bcryptPrimitives.dll
0x00007ff9d2b20000 - 0x00007ff9d2b2f000 	C:\Program Files\Java\jdk-21\bin\instrument.dll
0x00007ff9c9d30000 - 0x00007ff9c9d4f000 	C:\Program Files\Java\jdk-21\bin\java.dll
0x00007ff9e24e0000 - 0x00007ff9e2c68000 	C:\WINDOWS\System32\SHELL32.dll
0x00007ff9de940000 - 0x00007ff9df1db000 	C:\WINDOWS\SYSTEM32\windows.storage.dll
0x00007ff9e3a70000 - 0x00007ff9e3b69000 	C:\WINDOWS\System32\SHCORE.dll
0x00007ff9e2c70000 - 0x00007ff9e2cd6000 	C:\WINDOWS\System32\shlwapi.dll
0x00007ff9e12d0000 - 0x00007ff9e12f9000 	C:\WINDOWS\SYSTEM32\profapi.dll
0x00007ff975b30000 - 0x00007ff975c07000 	C:\Program Files\Java\jdk-21\bin\jsvml.dll
0x00007ff9b6b90000 - 0x00007ff9b6ba8000 	C:\Program Files\Java\jdk-21\bin\zip.dll
0x00007ff9db840000 - 0x00007ff9db850000 	C:\Program Files\Java\jdk-21\bin\net.dll
0x00007ff9da7d0000 - 0x00007ff9da8f8000 	C:\WINDOWS\SYSTEM32\WINHTTP.dll
0x00007ff9e0650000 - 0x00007ff9e06bc000 	C:\WINDOWS\system32\mswsock.dll
0x00007ff9ba380000 - 0x00007ff9ba396000 	C:\Program Files\Java\jdk-21\bin\nio.dll
0x00007ff9db820000 - 0x00007ff9db830000 	C:\Program Files\Java\jdk-21\bin\verify.dll
0x00007ff9c9d00000 - 0x00007ff9c9d27000 	C:\Users\jinwo\.gradle\native\660c5614fbf4a5f2a75b1949f50a0caf5cd603558e7d8a26e50b933a0cfb79d1\windows-amd64\native-platform.dll
0x00007ff975fd0000 - 0x00007ff976047000 	C:\Users\jinwo\.gradle\native\0.2.8\x86_64-windows-gnu\gradle-fileevents.dll
0x00007ff9d2380000 - 0x00007ff9d238a000 	C:\Program Files\Java\jdk-21\bin\management.dll
0x00007ff9d22c0000 - 0x00007ff9d22cb000 	C:\Program Files\Java\jdk-21\bin\management_ext.dll
0x00007ff9e35b0000 - 0x00007ff9e35b8000 	C:\WINDOWS\System32\PSAPI.DLL
0x00007ff9dfa10000 - 0x00007ff9dfa43000 	C:\WINDOWS\SYSTEM32\IPHLPAPI.DLL
0x00007ff9e3460000 - 0x00007ff9e346a000 	C:\WINDOWS\System32\NSI.dll
0x00007ff9d3130000 - 0x00007ff9d3139000 	C:\Program Files\Java\jdk-21\bin\extnet.dll
0x00007ff9e0940000 - 0x00007ff9e095b000 	C:\WINDOWS\SYSTEM32\CRYPTSP.dll
0x00007ff9dffe0000 - 0x00007ff9e0019000 	C:\WINDOWS\system32\rsaenh.dll
0x00007ff9e0700000 - 0x00007ff9e0732000 	C:\WINDOWS\SYSTEM32\USERENV.dll
0x00007ff9e12a0000 - 0x00007ff9e12ca000 	C:\WINDOWS\SYSTEM32\bcrypt.dll
0x00007ff9e0960000 - 0x00007ff9e096c000 	C:\WINDOWS\SYSTEM32\CRYPTBASE.dll
0x00007ff9d1f90000 - 0x00007ff9d1f9e000 	C:\Program Files\Java\jdk-21\bin\sunmscapi.dll
0x00007ff9e1c80000 - 0x00007ff9e1dfe000 	C:\WINDOWS\System32\CRYPT32.dll
0x00007ff9e0b80000 - 0x00007ff9e0bb0000 	C:\WINDOWS\SYSTEM32\ncrypt.dll
0x00007ff9e0b30000 - 0x00007ff9e0b6f000 	C:\WINDOWS\SYSTEM32\NTASN1.dll
0x00007ff9af370000 - 0x00007ff9af378000 	C:\WINDOWS\system32\wshunix.dll

dbghelp: loaded successfully - version: 4.0.5 - missing functions: none
symbol engine: initialized successfully - sym options: 0x614 - pdb path: .;C:\Program Files\Java\jdk-21\bin;C:\WINDOWS\SYSTEM32;C:\WINDOWS\WinSxS\amd64_microsoft.windows.common-controls_6595b64144ccf1df_6.0.26100.8972_none_3e0da176e32f9d4b;C:\Program Files\Java\jdk-21\bin\server;C:\Users\jinwo\.gradle\native\660c5614fbf4a5f2a75b1949f50a0caf5cd603558e7d8a26e50b933a0cfb79d1\windows-amd64;C:\Users\jinwo\.gradle\native\0.2.8\x86_64-windows-gnu

VM Arguments:
jvm_args: --add-opens=java.base/java.lang=ALL-UNNAMED --add-opens=java.base/java.lang.invoke=ALL-UNNAMED --add-opens=java.base/java.util=ALL-UNNAMED --add-opens=java.prefs/java.util.prefs=ALL-UNNAMED --add-exports=jdk.compiler/com.sun.tools.javac.api=ALL-UNNAMED --add-exports=jdk.compiler/com.sun.tools.javac.util=ALL-UNNAMED --add-opens=java.base/java.nio.charset=ALL-UNNAMED --add-opens=java.base/java.net=ALL-UNNAMED --add-opens=java.base/java.util.concurrent=ALL-UNNAMED --add-opens=java.base/java.util.concurrent.atomic=ALL-UNNAMED --add-opens=java.xml/javax.xml.namespace=ALL-UNNAMED --add-opens=java.base/java.time=ALL-UNNAMED -Xmx256m -Dfile.encoding=UTF-8 -Duser.country=KR -Duser.language=ko -Duser.variant -javaagent:C:\Users\jinwo\.gradle\wrapper\dists\gradle-9.5.1-bin\iq79hdu3mqx29lgffhp8bfmx\gradle-9.5.1\lib\agents\gradle-instrumentation-agent-9.5.1.jar 
java_command: org.gradle.launcher.daemon.bootstrap.GradleDaemon 9.5.1
java_class_path (initial): C:\Users\jinwo\.gradle\wrapper\dists\gradle-9.5.1-bin\iq79hdu3mqx29lgffhp8bfmx\gradle-9.5.1\lib\gradle-daemon-main-9.5.1.jar
Launcher Type: SUN_STANDARD

[Global flags]
     intx CICompilerCount                          = 4                                         {product} {ergonomic}
     uint ConcGCThreads                            = 3                                         {product} {ergonomic}
     uint G1ConcRefinementThreads                  = 10                                        {product} {ergonomic}
   size_t G1HeapRegionSize                         = 1048576                                   {product} {ergonomic}
    uintx GCDrainStackTargetSize                   = 64                                        {product} {ergonomic}
   size_t InitialHeapSize                          = 264241152                                 {product} {ergonomic}
   size_t MarkStackSize                            = 4194304                                   {product} {ergonomic}
   size_t MaxHeapSize                              = 268435456                                 {product} {command line}
   size_t MaxNewSize                               = 160432128                                 {product} {ergonomic}
   size_t MinHeapDeltaBytes                        = 1048576                                   {product} {ergonomic}
   size_t MinHeapSize                              = 8388608                                   {product} {ergonomic}
    uintx NonNMethodCodeHeapSize                   = 5839372                                {pd product} {ergonomic}
    uintx NonProfiledCodeHeapSize                  = 122909434                              {pd product} {ergonomic}
    uintx ProfiledCodeHeapSize                     = 122909434                              {pd product} {ergonomic}
    uintx ReservedCodeCacheSize                    = 251658240                              {pd product} {ergonomic}
     bool SegmentedCodeCache                       = true                                      {product} {ergonomic}
   size_t SoftMaxHeapSize                          = 268435456                              {manageable} {ergonomic}
     bool UseCompressedOops                        = true                           {product lp64_product} {ergonomic}
     bool UseG1GC                                  = true                                      {product} {ergonomic}
     bool UseLargePagesIndividualAllocation        = false                                  {pd product} {ergonomic}

Logging:
Log output configuration:
 #0: stdout all=warning uptime,level,tags foldmultilines=false
 #1: stderr all=off uptime,level,tags foldmultilines=false

Environment Variables:
JAVA_HOME=C:\Program Files\Java\jdk-21
CLASSPATH=C:\Program Files\Java\jdk-21\lib
PATH=C:\Users\jinwo\bin;C:\Program Files\Git\mingw64\bin;C:\Program Files\Git\usr\local\bin;C:\Program Files\Git\usr\bin;C:\Program Files\Git\usr\bin;C:\Program Files\Git\mingw64\bin;C:\Program Files\Git\usr\bin;C:\Users\jinwo\bin;C:\Users\jinwo\AppData\Roaming\Microsoft\Windows\Start Menu\Programs\Python 3.10;C:\Users\¹ÚÁø¿ì\AppData\Roaming\Microsoft\Windows\Start Menu\Programs\Python 3.13;C:\WINDOWS\system32;C:\WINDOWS;C:\WINDOWS\System32\Wbem;C:\WINDOWS\System32\WindowsPowerShell\v1.0;C:\WINDOWS\System32\OpenSSH;C:\Program Files\dotnet;C:\tools\gradle-8.12\bin;C:\Program Files\Oracle\VirtualBox;C:\Program Files\Java\jdk-21\bin;C:\Windows\System32;C:\Program Files\PostgreSQL\16\bin;C:\Users\jinwo\AppData\Local\Android\Sdk\platform-tools;C:\Program Files (x86)\Windows Kits\10\Windows Performance Toolkit;C:\Users\jinwo\AppData\Local\nvm;C:\Program Files\nodejs;C:\Users\jinwo\AppData\Local\nvm;C:\Users\jinwo\AppData\Local\nvm\v10.24.1;C:\Program Files (x86)\PuTTY;C:\Program Files\Git\cmd;C:\Users\jinwo\AppData\Local\Programs\Python\Python311\Scripts;C:\Program Files\Microsoft\Azure Functions Core Tools;C:\Program Files\Docker\Docker\resources\bin;C:\Users\jinwo\AppData\Local\Programs\Python\Python311\Scripts;C:\Users\jinwo\AppData\Local\Programs\Python\Python311;C:\Users\jinwo\.cargo\bin;C:\Users\jinwo\AppData\Local\Programs\Eclipse Adoptium\jdk-8.0.472.8-hotspot\bin;C:\Users\jinwo\AppData\Local\Microsoft\WindowsApps;C:\Users\jinwo\AppData\Local\Programs\Microsoft VS Code\bin;C:\Users\jinwo\.local\bin;C:\Program Files\Git\usr\bin\vendor_perl;C:\Program Files\Git\usr\bin\core_perl
USERNAME=jinwo
SHELL=C:\Program Files\Git\usr\bin\bash.exe
TERM=xterm-256color
OS=Windows_NT
PROCESSOR_IDENTIFIER=Intel64 Family 6 Model 186 Stepping 3, GenuineIntel
TMP=C:\Users\jinwo\AppData\Local\Temp
TEMP=C:\Users\jinwo\AppData\Local\Temp




Periodic native trim disabled

---------------  S Y S T E M  ---------------

OS:
 Windows 11 , 64 bit Build 26100 (10.0.26100.9168)
OS uptime: 2 days 14:22 hours
Hyper-V role detected

CPU: total 12 (initial active 12) (6 cores per cpu, 2 threads per core) family 6 model 186 stepping 3 microcode 0x411f, cx8, cmov, fxsr, ht, mmx, 3dnowpref, sse, sse2, sse3, ssse3, sse4.1, sse4.2, popcnt, lzcnt, tsc, tscinvbit, avx, avx2, aes, erms, clmul, bmi1, bmi2, adx, sha, fma, vzeroupper, clflush, clflushopt, clwb, hv, serialize, rdtscp, rdpid, fsrm, f16c, cet_ibt, cet_ss
Processor Information for processor 0
  Max Mhz: 1700, Current Mhz: 1700, Mhz Limit: 1700
Processor Information for processor 1
  Max Mhz: 1700, Current Mhz: 1457, Mhz Limit: 1700
Processor Information for processor 2
  Max Mhz: 1700, Current Mhz: 1700, Mhz Limit: 1700
Processor Information for processor 3
  Max Mhz: 1700, Current Mhz: 1700, Mhz Limit: 1700
Processor Information for processor 4
  Max Mhz: 1700, Current Mhz: 1200, Mhz Limit: 1190
Processor Information for processor 5
  Max Mhz: 1700, Current Mhz: 1200, Mhz Limit: 1190
Processor Information for processor 6
  Max Mhz: 1700, Current Mhz: 1200, Mhz Limit: 1190
Processor Information for processor 7
  Max Mhz: 1700, Current Mhz: 1200, Mhz Limit: 1190
Processor Information for processor 8
  Max Mhz: 1700, Current Mhz: 1200, Mhz Limit: 1190
Processor Information for processor 9
  Max Mhz: 1700, Current Mhz: 1200, Mhz Limit: 1190
Processor Information for processor 10
  Max Mhz: 1700, Current Mhz: 1200, Mhz Limit: 1190
Processor Information for processor 11
  Max Mhz: 1700, Current Mhz: 1200, Mhz Limit: 1190

Memory: 4k page, system-wide physical 16067M (2313M free)
TotalPageFile size 19440M (AvailPageFile size 5M)
current process WorkingSet (physical memory assigned to process): 261M, peak: 261M
current process commit charge ("private bytes"): 459M, peak: 463M

vm_info: Java HotSpot(TM) 64-Bit Server VM (21.0.7+8-LTS-245) for windows-amd64 JRE (21.0.7+8-LTS-245), built on 2025-02-21T05:11:27Z by "mach5one" with MS VC++ 17.6 (VS2022)

END.
