#
# There is insufficient memory for the Java Runtime Environment to continue.
# Native memory allocation (malloc) failed to allocate 2047856 bytes for Chunk::new
# Possible reasons:
#   The system is out of physical RAM or swap space
#   The process is running with CompressedOops enabled, and the Java Heap may be blocking the growth of the native heap
# Possible solutions:
#   Reduce memory load on the system
#   Increase physical memory or swap space
#   Check if swap backing store is full
#   Decrease Java heap size (-Xmx/-Xms)
#   Decrease number of Java threads
#   Decrease Java thread stack sizes (-Xss)
#   Set larger code cache with -XX:ReservedCodeCacheSize=
#   JVM is running with Zero Based Compressed Oops mode in which the Java heap is
#     placed in the first 32GB address space. The Java Heap base address is the
#     maximum limit for the native heap growth. Please use -XX:HeapBaseMinAddress
#     to set the Java Heap base and to place the Java Heap above 32GB virtual address.
# This output file may be truncated or incomplete.
#
#  Out of Memory Error (arena.cpp:168), pid=10308, tid=20148
#
# JRE version: Java(TM) SE Runtime Environment (21.0.7+8) (build 21.0.7+8-LTS-245)
# Java VM: Java HotSpot(TM) 64-Bit Server VM (21.0.7+8-LTS-245, mixed mode, sharing, tiered, compressed oops, compressed class ptrs, g1 gc, windows-amd64)
# No core dump will be written. Minidumps are not enabled by default on client versions of Windows
#

---------------  S U M M A R Y ------------

Command Line: --add-opens=java.base/java.lang=ALL-UNNAMED --add-opens=java.base/java.lang.invoke=ALL-UNNAMED --add-opens=java.base/java.util=ALL-UNNAMED --add-opens=java.prefs/java.util.prefs=ALL-UNNAMED --add-exports=jdk.compiler/com.sun.tools.javac.api=ALL-UNNAMED --add-exports=jdk.compiler/com.sun.tools.javac.util=ALL-UNNAMED --add-opens=java.base/java.nio.charset=ALL-UNNAMED --add-opens=java.base/java.net=ALL-UNNAMED --add-opens=java.base/java.util.concurrent=ALL-UNNAMED --add-opens=java.base/java.util.concurrent.atomic=ALL-UNNAMED --add-opens=java.xml/javax.xml.namespace=ALL-UNNAMED --add-opens=java.base/java.time=ALL-UNNAMED -Dfile.encoding=UTF-8 -Duser.country=KR -Duser.language=ko -Duser.variant -javaagent:C:\Users\jinwo\.gradle\wrapper\dists\gradle-9.5.1-bin\iq79hdu3mqx29lgffhp8bfmx\gradle-9.5.1\lib\agents\gradle-instrumentation-agent-9.5.1.jar org.gradle.launcher.daemon.bootstrap.GradleDaemon 9.5.1

Host: 13th Gen Intel(R) Core(TM) i7-1355U, 12 cores, 15G,  Windows 11 , 64 bit Build 26100 (10.0.26100.9168)
Time: Sat Aug 15 14:21:55 2026  Windows 11 , 64 bit Build 26100 (10.0.26100.9168) elapsed time: 4.363484 seconds (0d 0h 0m 4s)

---------------  T H R E A D  ---------------

Current thread (0x00000202aff2e050):  JavaThread "C2 CompilerThread0" daemon [_thread_in_native, id=20148, stack(0x000000197bc00000,0x000000197bd00000) (1024K)]


Current CompileTask:
C2:   4363 2682   !   4       java.lang.ClassLoader::loadClass (121 bytes)

Stack: [0x000000197bc00000,0x000000197bd00000]
Native frames: (J=compiled Java code, j=interpreted, Vv=VM code, C=native code)
V  [jvm.dll+0x6cae19]
V  [jvm.dll+0x855741]
V  [jvm.dll+0x857c6e]
V  [jvm.dll+0x858343]
V  [jvm.dll+0x27e0b6]
V  [jvm.dll+0xc4ecd]
V  [jvm.dll+0xc5403]
V  [jvm.dll+0x3b5752]
V  [jvm.dll+0x381e25]
V  [jvm.dll+0x38129a]
V  [jvm.dll+0x246b30]
V  [jvm.dll+0x24610f]
V  [jvm.dll+0x1c6efe]
V  [jvm.dll+0x255819]
V  [jvm.dll+0x253daa]
V  [jvm.dll+0x3eebb6]
V  [jvm.dll+0x7ffa1b]
V  [jvm.dll+0x6c94fd]
C  [ucrtbase.dll+0x2cd30]
C  [KERNEL32.DLL+0x2ccb7]
C  [ntdll.dll+0xaad6c]


---------------  P R O C E S S  ---------------

Threads class SMR info:
_java_thread_list=0x00000202f7b627c0, length=25, elements={
0x000002028e7dcf10, 0x00000202aff13680, 0x00000202aff161e0, 0x00000202aff1a4e0,
0x00000202aff1d0b0, 0x00000202aff207f0, 0x00000202aff29250, 0x00000202aff2e050,
0x00000202aff31300, 0x00000202f50d1a00, 0x00000202f50d0650, 0x00000202aff319d0,
0x00000202f50d1370, 0x00000202f50d2090, 0x00000202f50cf2a0, 0x00000202f50d2720,
0x00000202f50cf930, 0x00000202f50cffc0, 0x00000202f767a6c0, 0x00000202f76799a0,
0x00000202f7679310, 0x00000202f767c790, 0x00000202f767ad50, 0x00000202f767a030,
0x00000202f767c100
}

Java Threads: ( => current thread )
  0x000002028e7dcf10 JavaThread "main"                              [_thread_blocked, id=22196, stack(0x000000197ae00000,0x000000197af00000) (1024K)]
  0x00000202aff13680 JavaThread "Reference Handler"          daemon [_thread_blocked, id=22348, stack(0x000000197b600000,0x000000197b700000) (1024K)]
  0x00000202aff161e0 JavaThread "Finalizer"                  daemon [_thread_blocked, id=20848, stack(0x000000197b700000,0x000000197b800000) (1024K)]
  0x00000202aff1a4e0 JavaThread "Signal Dispatcher"          daemon [_thread_blocked, id=21736, stack(0x000000197b800000,0x000000197b900000) (1024K)]
  0x00000202aff1d0b0 JavaThread "Attach Listener"            daemon [_thread_blocked, id=8556, stack(0x000000197b900000,0x000000197ba00000) (1024K)]
  0x00000202aff207f0 JavaThread "Service Thread"             daemon [_thread_blocked, id=6304, stack(0x000000197ba00000,0x000000197bb00000) (1024K)]
  0x00000202aff29250 JavaThread "Monitor Deflation Thread"   daemon [_thread_blocked, id=15576, stack(0x000000197bb00000,0x000000197bc00000) (1024K)]
=>0x00000202aff2e050 JavaThread "C2 CompilerThread0"         daemon [_thread_in_native, id=20148, stack(0x000000197bc00000,0x000000197bd00000) (1024K)]
  0x00000202aff31300 JavaThread "C1 CompilerThread0"         daemon [_thread_blocked, id=23464, stack(0x000000197bd00000,0x000000197be00000) (1024K)]
  0x00000202f50d1a00 JavaThread "Common-Cleaner"             daemon [_thread_blocked, id=22668, stack(0x000000197be00000,0x000000197bf00000) (1024K)]
  0x00000202f50d0650 JavaThread "Notification Thread"        daemon [_thread_blocked, id=12560, stack(0x000000197bf00000,0x000000197c000000) (1024K)]
  0x00000202aff319d0 JavaThread "C2 CompilerThread1"         daemon [_thread_in_native, id=23296, stack(0x000000197c000000,0x000000197c100000) (1024K)]
  0x00000202f50d1370 JavaThread "Daemon health stats"               [_thread_blocked, id=3924, stack(0x000000197c100000,0x000000197c200000) (1024K)]
  0x00000202f50d2090 JavaThread "Incoming local TCP Connector on port 57799"        [_thread_in_native, id=11664, stack(0x000000197c700000,0x000000197c800000) (1024K)]
  0x00000202f50cf2a0 JavaThread "Daemon periodic checks"            [_thread_blocked, id=8512, stack(0x000000197c800000,0x000000197c900000) (1024K)]
  0x00000202f50d2720 JavaThread "Daemon"                            [_thread_blocked, id=19624, stack(0x000000197c900000,0x000000197ca00000) (1024K)]
  0x00000202f50cf930 JavaThread "Handler for socket connection from /127.0.0.1:57799 to /127.0.0.1:57800"        [_thread_in_native, id=23080, stack(0x000000197ca00000,0x000000197cb00000) (1024K)]
  0x00000202f50cffc0 JavaThread "Cancel handler"                    [_thread_blocked, id=14736, stack(0x000000197cb00000,0x000000197cc00000) (1024K)]
  0x00000202f767a6c0 JavaThread "Daemon worker"                     [_thread_in_Java, id=1632, stack(0x000000197cc00000,0x000000197cd00000) (1024K)]
  0x00000202f76799a0 JavaThread "Asynchronous log dispatcher for DefaultDaemonConnection: socket connection from /127.0.0.1:57799 to /127.0.0.1:57800"        [_thread_blocked, id=11152, stack(0x000000197cd00000,0x000000197ce00000) (1024K)]
  0x00000202f7679310 JavaThread "Stdin handler"                     [_thread_blocked, id=23396, stack(0x000000197ce00000,0x000000197cf00000) (1024K)]
  0x00000202f767c790 JavaThread "Daemon client event forwarder"        [_thread_blocked, id=22916, stack(0x000000197cf00000,0x000000197d000000) (1024K)]
  0x00000202f767ad50 JavaThread "Cache worker for journal cache (C:\Users\jinwo\.gradle\caches\journal-1)"        [_thread_blocked, id=3356, stack(0x000000197d000000,0x000000197d100000) (1024K)]
  0x00000202f767a030 JavaThread "File lock request listener"        [_thread_in_native, id=19068, stack(0x000000197d100000,0x000000197d200000) (1024K)]
  0x00000202f767c100 JavaThread "Cache worker for file hash cache (C:\Users\jinwo\.gradle\caches\9.5.1\fileHashes)"        [_thread_blocked, id=22116, stack(0x000000197d200000,0x000000197d300000) (1024K)]
Total: 25

Other Threads:
  0x00000202afeefb80 VMThread "VM Thread"                           [id=14516, stack(0x000000197b500000,0x000000197b600000) (1024K)]
  0x00000202afed31f0 WatcherThread "VM Periodic Task Thread"        [id=12696, stack(0x000000197b400000,0x000000197b500000) (1024K)]
  0x0000020290a893a0 WorkerThread "GC Thread#0"                     [id=17360, stack(0x000000197af00000,0x000000197b000000) (1024K)]
  0x00000202f5ee1880 WorkerThread "GC Thread#1"                     [id=19252, stack(0x000000197c200000,0x000000197c300000) (1024K)]
  0x00000202f5ee1c20 WorkerThread "GC Thread#2"                     [id=22008, stack(0x000000197c300000,0x000000197c400000) (1024K)]
  0x00000202f5fec270 WorkerThread "GC Thread#3"                     [id=22588, stack(0x000000197c400000,0x000000197c500000) (1024K)]
  0x00000202f5fec610 WorkerThread "GC Thread#4"                     [id=10524, stack(0x000000197c500000,0x000000197c600000) (1024K)]
  0x00000202f5fec9b0 WorkerThread "GC Thread#5"                     [id=4880, stack(0x000000197c600000,0x000000197c700000) (1024K)]
  0x00000202f8ba6990 WorkerThread "GC Thread#6"                     [id=13252, stack(0x000000197d300000,0x000000197d400000) (1024K)]
  0x00000202f8dbe6f0 WorkerThread "GC Thread#7"                     [id=14120, stack(0x000000197d400000,0x000000197d500000) (1024K)]
  0x00000202f7b84a60 WorkerThread "GC Thread#8"                     [id=10412, stack(0x000000197d500000,0x000000197d600000) (1024K)]
  0x00000202f7b84e00 WorkerThread "GC Thread#9"                     [id=17064, stack(0x000000197d600000,0x000000197d700000) (1024K)]
  0x0000020290a99da0 ConcurrentGCThread "G1 Main Marker"            [id=2836, stack(0x000000197b000000,0x000000197b100000) (1024K)]
  0x0000020290a9b630 WorkerThread "G1 Conc#0"                       [id=20928, stack(0x000000197b100000,0x000000197b200000) (1024K)]
  0x00000202afda8a20 ConcurrentGCThread "G1 Refine#0"               [id=16312, stack(0x000000197b200000,0x000000197b300000) (1024K)]
  0x00000202afda9240 ConcurrentGCThread "G1 Service"                [id=18296, stack(0x000000197b300000,0x000000197b400000) (1024K)]
Total: 16

Threads with active compile tasks:
C2 CompilerThread0     4425 2682   !   4       java.lang.ClassLoader::loadClass (121 bytes)
C2 CompilerThread1     4425 2726       4       java.lang.invoke.MethodType::makeImpl (109 bytes)
Total: 2

VM state: not at safepoint (normal execution)

VM Mutex/Monitor currently owned by a thread: None

Heap address: 0x0000000704e00000, size: 4018 MB, Compressed Oops mode: Zero based, Oop shift amount: 3

CDS archive(s) mapped at: [0x00000202b0000000-0x00000202b0c90000-0x00000202b0c90000), size 13172736, SharedBaseAddress: 0x00000202b0000000, ArchiveRelocationMode: 1.
Compressed class space mapped at: 0x00000202b1000000-0x00000202f1000000, reserved size: 1073741824
Narrow klass base: 0x00000202b0000000, Narrow klass shift: 0, Narrow klass range: 0x100000000

GC Precious Log:
 CardTable entry size: 512
 Card Set container configuration: InlinePtr #cards 4 size 8 Array Of Cards #cards 16 size 48 Howl #buckets 8 coarsen threshold 3686 Howl Bitmap #cards 512 size 80 coarsen threshold 460 Card regions per heap region 1 cards per card region 4096
 CPUs: 12 total, 12 available
 Memory: 16067M
 Large Page Support: Disabled
 NUMA Support: Disabled
 Compressed Oops: Enabled (Zero based)
 Heap Region Size: 2M
 Heap Min Capacity: 8M
 Heap Initial Capacity: 252M
 Heap Max Capacity: 4018M
 Pre-touch: Disabled
 Parallel Workers: 10
 Concurrent Workers: 3
 Concurrent Refinement Workers: 10
 Periodic GC: Disabled

Heap:
 garbage-first heap   total 258048K, used 26585K [0x0000000704e00000, 0x0000000800000000)
  region size 2048K, 9 young (18432K), 6 survivors (12288K)
 Metaspace       used 16925K, committed 17408K, reserved 1114112K
  class space    used 2253K, committed 2496K, reserved 1048576K

Heap Regions: E=young(eden), S=young(survivor), O=old, HS=humongous(starts), HC=humongous(continues), CS=collection set, F=free, TAMS=top-at-mark-start, PB=parsable bottom
|   0|0x0000000704e00000, 0x0000000705000000, 0x0000000705000000|100%|HS|  |TAMS 0x0000000704e00000| PB 0x0000000704e00000| Complete 
|   1|0x0000000705000000, 0x0000000705200000, 0x0000000705200000|100%|HC|  |TAMS 0x0000000705000000| PB 0x0000000705000000| Complete 
|   2|0x0000000705200000, 0x0000000705400000, 0x0000000705400000|100%| O|  |TAMS 0x0000000705200000| PB 0x0000000705200000| Untracked 
|   3|0x0000000705400000, 0x0000000705600000, 0x0000000705600000|100%| O|  |TAMS 0x0000000705400000| PB 0x0000000705400000| Untracked 
|   4|0x0000000705600000, 0x0000000705800000, 0x0000000705800000|100%| O|  |TAMS 0x0000000705600000| PB 0x0000000705600000| Untracked 
|   5|0x0000000705800000, 0x00000007058b97c8, 0x0000000705a00000| 36%| O|  |TAMS 0x0000000705800000| PB 0x0000000705800000| Untracked 
|   6|0x0000000705a00000, 0x0000000705a00000, 0x0000000705c00000|  0%| F|  |TAMS 0x0000000705a00000| PB 0x0000000705a00000| Untracked 
|   7|0x0000000705c00000, 0x0000000705c00000, 0x0000000705e00000|  0%| F|  |TAMS 0x0000000705c00000| PB 0x0000000705c00000| Untracked 
|   8|0x0000000705e00000, 0x0000000705e00000, 0x0000000706000000|  0%| F|  |TAMS 0x0000000705e00000| PB 0x0000000705e00000| Untracked 
|   9|0x0000000706000000, 0x0000000706000000, 0x0000000706200000|  0%| F|  |TAMS 0x0000000706000000| PB 0x0000000706000000| Untracked 
|  10|0x0000000706200000, 0x0000000706200000, 0x0000000706400000|  0%| F|  |TAMS 0x0000000706200000| PB 0x0000000706200000| Untracked 
|  11|0x0000000706400000, 0x0000000706400000, 0x0000000706600000|  0%| F|  |TAMS 0x0000000706400000| PB 0x0000000706400000| Untracked 
|  12|0x0000000706600000, 0x0000000706600000, 0x0000000706800000|  0%| F|  |TAMS 0x0000000706600000| PB 0x0000000706600000| Untracked 
|  13|0x0000000706800000, 0x0000000706800000, 0x0000000706a00000|  0%| F|  |TAMS 0x0000000706800000| PB 0x0000000706800000| Untracked 
|  14|0x0000000706a00000, 0x0000000706a00000, 0x0000000706c00000|  0%| F|  |TAMS 0x0000000706a00000| PB 0x0000000706a00000| Untracked 
|  15|0x0000000706c00000, 0x0000000706c00000, 0x0000000706e00000|  0%| F|  |TAMS 0x0000000706c00000| PB 0x0000000706c00000| Untracked 
|  16|0x0000000706e00000, 0x0000000706e00000, 0x0000000707000000|  0%| F|  |TAMS 0x0000000706e00000| PB 0x0000000706e00000| Untracked 
|  17|0x0000000707000000, 0x0000000707000000, 0x0000000707200000|  0%| F|  |TAMS 0x0000000707000000| PB 0x0000000707000000| Untracked 
|  18|0x0000000707200000, 0x0000000707200000, 0x0000000707400000|  0%| F|  |TAMS 0x0000000707200000| PB 0x0000000707200000| Untracked 
|  19|0x0000000707400000, 0x0000000707400000, 0x0000000707600000|  0%| F|  |TAMS 0x0000000707400000| PB 0x0000000707400000| Untracked 
|  20|0x0000000707600000, 0x0000000707600000, 0x0000000707800000|  0%| F|  |TAMS 0x0000000707600000| PB 0x0000000707600000| Untracked 
|  21|0x0000000707800000, 0x0000000707800000, 0x0000000707a00000|  0%| F|  |TAMS 0x0000000707800000| PB 0x0000000707800000| Untracked 
|  22|0x0000000707a00000, 0x0000000707a00000, 0x0000000707c00000|  0%| F|  |TAMS 0x0000000707a00000| PB 0x0000000707a00000| Untracked 
|  23|0x0000000707c00000, 0x0000000707c00000, 0x0000000707e00000|  0%| F|  |TAMS 0x0000000707c00000| PB 0x0000000707c00000| Untracked 
|  24|0x0000000707e00000, 0x0000000707e00000, 0x0000000708000000|  0%| F|  |TAMS 0x0000000707e00000| PB 0x0000000707e00000| Untracked 
|  25|0x0000000708000000, 0x0000000708000000, 0x0000000708200000|  0%| F|  |TAMS 0x0000000708000000| PB 0x0000000708000000| Untracked 
|  26|0x0000000708200000, 0x0000000708200000, 0x0000000708400000|  0%| F|  |TAMS 0x0000000708200000| PB 0x0000000708200000| Untracked 
|  27|0x0000000708400000, 0x0000000708400000, 0x0000000708600000|  0%| F|  |TAMS 0x0000000708400000| PB 0x0000000708400000| Untracked 
|  28|0x0000000708600000, 0x0000000708600000, 0x0000000708800000|  0%| F|  |TAMS 0x0000000708600000| PB 0x0000000708600000| Untracked 
|  29|0x0000000708800000, 0x0000000708800000, 0x0000000708a00000|  0%| F|  |TAMS 0x0000000708800000| PB 0x0000000708800000| Untracked 
|  30|0x0000000708a00000, 0x0000000708a00000, 0x0000000708c00000|  0%| F|  |TAMS 0x0000000708a00000| PB 0x0000000708a00000| Untracked 
|  31|0x0000000708c00000, 0x0000000708c00000, 0x0000000708e00000|  0%| F|  |TAMS 0x0000000708c00000| PB 0x0000000708c00000| Untracked 
|  32|0x0000000708e00000, 0x0000000708e00000, 0x0000000709000000|  0%| F|  |TAMS 0x0000000708e00000| PB 0x0000000708e00000| Untracked 
|  33|0x0000000709000000, 0x0000000709000000, 0x0000000709200000|  0%| F|  |TAMS 0x0000000709000000| PB 0x0000000709000000| Untracked 
|  34|0x0000000709200000, 0x0000000709200000, 0x0000000709400000|  0%| F|  |TAMS 0x0000000709200000| PB 0x0000000709200000| Untracked 
|  35|0x0000000709400000, 0x0000000709400000, 0x0000000709600000|  0%| F|  |TAMS 0x0000000709400000| PB 0x0000000709400000| Untracked 
|  36|0x0000000709600000, 0x0000000709600000, 0x0000000709800000|  0%| F|  |TAMS 0x0000000709600000| PB 0x0000000709600000| Untracked 
|  37|0x0000000709800000, 0x0000000709800000, 0x0000000709a00000|  0%| F|  |TAMS 0x0000000709800000| PB 0x0000000709800000| Untracked 
|  38|0x0000000709a00000, 0x0000000709a00000, 0x0000000709c00000|  0%| F|  |TAMS 0x0000000709a00000| PB 0x0000000709a00000| Untracked 
|  39|0x0000000709c00000, 0x0000000709c00000, 0x0000000709e00000|  0%| F|  |TAMS 0x0000000709c00000| PB 0x0000000709c00000| Untracked 
|  40|0x0000000709e00000, 0x0000000709e00000, 0x000000070a000000|  0%| F|  |TAMS 0x0000000709e00000| PB 0x0000000709e00000| Untracked 
|  41|0x000000070a000000, 0x000000070a000000, 0x000000070a200000|  0%| F|  |TAMS 0x000000070a000000| PB 0x000000070a000000| Untracked 
|  42|0x000000070a200000, 0x000000070a200000, 0x000000070a400000|  0%| F|  |TAMS 0x000000070a200000| PB 0x000000070a200000| Untracked 
|  43|0x000000070a400000, 0x000000070a400000, 0x000000070a600000|  0%| F|  |TAMS 0x000000070a400000| PB 0x000000070a400000| Untracked 
|  44|0x000000070a600000, 0x000000070a600000, 0x000000070a800000|  0%| F|  |TAMS 0x000000070a600000| PB 0x000000070a600000| Untracked 
|  45|0x000000070a800000, 0x000000070a800000, 0x000000070aa00000|  0%| F|  |TAMS 0x000000070a800000| PB 0x000000070a800000| Untracked 
|  46|0x000000070aa00000, 0x000000070aa00000, 0x000000070ac00000|  0%| F|  |TAMS 0x000000070aa00000| PB 0x000000070aa00000| Untracked 
|  47|0x000000070ac00000, 0x000000070ac00000, 0x000000070ae00000|  0%| F|  |TAMS 0x000000070ac00000| PB 0x000000070ac00000| Untracked 
|  48|0x000000070ae00000, 0x000000070ae00000, 0x000000070b000000|  0%| F|  |TAMS 0x000000070ae00000| PB 0x000000070ae00000| Untracked 
|  49|0x000000070b000000, 0x000000070b000000, 0x000000070b200000|  0%| F|  |TAMS 0x000000070b000000| PB 0x000000070b000000| Untracked 
|  50|0x000000070b200000, 0x000000070b200000, 0x000000070b400000|  0%| F|  |TAMS 0x000000070b200000| PB 0x000000070b200000| Untracked 
|  51|0x000000070b400000, 0x000000070b400000, 0x000000070b600000|  0%| F|  |TAMS 0x000000070b400000| PB 0x000000070b400000| Untracked 
|  52|0x000000070b600000, 0x000000070b600000, 0x000000070b800000|  0%| F|  |TAMS 0x000000070b600000| PB 0x000000070b600000| Untracked 
|  53|0x000000070b800000, 0x000000070b800000, 0x000000070ba00000|  0%| F|  |TAMS 0x000000070b800000| PB 0x000000070b800000| Untracked 
|  54|0x000000070ba00000, 0x000000070ba00000, 0x000000070bc00000|  0%| F|  |TAMS 0x000000070ba00000| PB 0x000000070ba00000| Untracked 
|  55|0x000000070bc00000, 0x000000070bc00000, 0x000000070be00000|  0%| F|  |TAMS 0x000000070bc00000| PB 0x000000070bc00000| Untracked 
|  56|0x000000070be00000, 0x000000070be00000, 0x000000070c000000|  0%| F|  |TAMS 0x000000070be00000| PB 0x000000070be00000| Untracked 
|  57|0x000000070c000000, 0x000000070c000000, 0x000000070c200000|  0%| F|  |TAMS 0x000000070c000000| PB 0x000000070c000000| Untracked 
|  58|0x000000070c200000, 0x000000070c200000, 0x000000070c400000|  0%| F|  |TAMS 0x000000070c200000| PB 0x000000070c200000| Untracked 
|  59|0x000000070c400000, 0x000000070c400000, 0x000000070c600000|  0%| F|  |TAMS 0x000000070c400000| PB 0x000000070c400000| Untracked 
|  60|0x000000070c600000, 0x000000070c600000, 0x000000070c800000|  0%| F|  |TAMS 0x000000070c600000| PB 0x000000070c600000| Untracked 
|  61|0x000000070c800000, 0x000000070c800000, 0x000000070ca00000|  0%| F|  |TAMS 0x000000070c800000| PB 0x000000070c800000| Untracked 
|  62|0x000000070ca00000, 0x000000070ca00000, 0x000000070cc00000|  0%| F|  |TAMS 0x000000070ca00000| PB 0x000000070ca00000| Untracked 
|  63|0x000000070cc00000, 0x000000070cc00000, 0x000000070ce00000|  0%| F|  |TAMS 0x000000070cc00000| PB 0x000000070cc00000| Untracked 
|  64|0x000000070ce00000, 0x000000070ce00000, 0x000000070d000000|  0%| F|  |TAMS 0x000000070ce00000| PB 0x000000070ce00000| Untracked 
|  65|0x000000070d000000, 0x000000070d000000, 0x000000070d200000|  0%| F|  |TAMS 0x000000070d000000| PB 0x000000070d000000| Untracked 
|  66|0x000000070d200000, 0x000000070d200000, 0x000000070d400000|  0%| F|  |TAMS 0x000000070d200000| PB 0x000000070d200000| Untracked 
|  67|0x000000070d400000, 0x000000070d400000, 0x000000070d600000|  0%| F|  |TAMS 0x000000070d400000| PB 0x000000070d400000| Untracked 
|  68|0x000000070d600000, 0x000000070d600000, 0x000000070d800000|  0%| F|  |TAMS 0x000000070d600000| PB 0x000000070d600000| Untracked 
|  69|0x000000070d800000, 0x000000070d800000, 0x000000070da00000|  0%| F|  |TAMS 0x000000070d800000| PB 0x000000070d800000| Untracked 
|  70|0x000000070da00000, 0x000000070da00000, 0x000000070dc00000|  0%| F|  |TAMS 0x000000070da00000| PB 0x000000070da00000| Untracked 
|  71|0x000000070dc00000, 0x000000070dc00000, 0x000000070de00000|  0%| F|  |TAMS 0x000000070dc00000| PB 0x000000070dc00000| Untracked 
|  72|0x000000070de00000, 0x000000070de00000, 0x000000070e000000|  0%| F|  |TAMS 0x000000070de00000| PB 0x000000070de00000| Untracked 
|  73|0x000000070e000000, 0x000000070e000000, 0x000000070e200000|  0%| F|  |TAMS 0x000000070e000000| PB 0x000000070e000000| Untracked 
|  74|0x000000070e200000, 0x000000070e200000, 0x000000070e400000|  0%| F|  |TAMS 0x000000070e200000| PB 0x000000070e200000| Untracked 
|  75|0x000000070e400000, 0x000000070e400000, 0x000000070e600000|  0%| F|  |TAMS 0x000000070e400000| PB 0x000000070e400000| Untracked 
|  76|0x000000070e600000, 0x000000070e600000, 0x000000070e800000|  0%| F|  |TAMS 0x000000070e600000| PB 0x000000070e600000| Untracked 
|  77|0x000000070e800000, 0x000000070e800000, 0x000000070ea00000|  0%| F|  |TAMS 0x000000070e800000| PB 0x000000070e800000| Untracked 
|  78|0x000000070ea00000, 0x000000070eb3cf40, 0x000000070ec00000| 61%| S|CS|TAMS 0x000000070ea00000| PB 0x000000070ea00000| Complete 
|  79|0x000000070ec00000, 0x000000070ee00000, 0x000000070ee00000|100%| S|CS|TAMS 0x000000070ec00000| PB 0x000000070ec00000| Complete 
|  80|0x000000070ee00000, 0x000000070f000000, 0x000000070f000000|100%| S|CS|TAMS 0x000000070ee00000| PB 0x000000070ee00000| Complete 
|  81|0x000000070f000000, 0x000000070f200000, 0x000000070f200000|100%| S|CS|TAMS 0x000000070f000000| PB 0x000000070f000000| Complete 
|  82|0x000000070f200000, 0x000000070f400000, 0x000000070f400000|100%| S|CS|TAMS 0x000000070f200000| PB 0x000000070f200000| Complete 
|  83|0x000000070f400000, 0x000000070f600000, 0x000000070f600000|100%| S|CS|TAMS 0x000000070f400000| PB 0x000000070f400000| Complete 
|  84|0x000000070f600000, 0x000000070f600000, 0x000000070f800000|  0%| F|  |TAMS 0x000000070f600000| PB 0x000000070f600000| Untracked 
|  85|0x000000070f800000, 0x000000070f800000, 0x000000070fa00000|  0%| F|  |TAMS 0x000000070f800000| PB 0x000000070f800000| Untracked 
|  86|0x000000070fa00000, 0x000000070fa00000, 0x000000070fc00000|  0%| F|  |TAMS 0x000000070fa00000| PB 0x000000070fa00000| Untracked 
|  87|0x000000070fc00000, 0x000000070fc00000, 0x000000070fe00000|  0%| F|  |TAMS 0x000000070fc00000| PB 0x000000070fc00000| Untracked 
|  88|0x000000070fe00000, 0x000000070fe00000, 0x0000000710000000|  0%| F|  |TAMS 0x000000070fe00000| PB 0x000000070fe00000| Untracked 
|  89|0x0000000710000000, 0x0000000710000000, 0x0000000710200000|  0%| F|  |TAMS 0x0000000710000000| PB 0x0000000710000000| Untracked 
|  90|0x0000000710200000, 0x0000000710200000, 0x0000000710400000|  0%| F|  |TAMS 0x0000000710200000| PB 0x0000000710200000| Untracked 
|  91|0x0000000710400000, 0x0000000710400000, 0x0000000710600000|  0%| F|  |TAMS 0x0000000710400000| PB 0x0000000710400000| Untracked 
|  92|0x0000000710600000, 0x0000000710600000, 0x0000000710800000|  0%| F|  |TAMS 0x0000000710600000| PB 0x0000000710600000| Untracked 
|  93|0x0000000710800000, 0x0000000710800000, 0x0000000710a00000|  0%| F|  |TAMS 0x0000000710800000| PB 0x0000000710800000| Untracked 
|  94|0x0000000710a00000, 0x0000000710a00000, 0x0000000710c00000|  0%| F|  |TAMS 0x0000000710a00000| PB 0x0000000710a00000| Untracked 
|  95|0x0000000710c00000, 0x0000000710c00000, 0x0000000710e00000|  0%| F|  |TAMS 0x0000000710c00000| PB 0x0000000710c00000| Untracked 
|  96|0x0000000710e00000, 0x0000000710e00000, 0x0000000711000000|  0%| F|  |TAMS 0x0000000710e00000| PB 0x0000000710e00000| Untracked 
|  97|0x0000000711000000, 0x0000000711000000, 0x0000000711200000|  0%| F|  |TAMS 0x0000000711000000| PB 0x0000000711000000| Untracked 
|  98|0x0000000711200000, 0x0000000711200000, 0x0000000711400000|  0%| F|  |TAMS 0x0000000711200000| PB 0x0000000711200000| Untracked 
|  99|0x0000000711400000, 0x0000000711400000, 0x0000000711600000|  0%| F|  |TAMS 0x0000000711400000| PB 0x0000000711400000| Untracked 
| 100|0x0000000711600000, 0x0000000711600000, 0x0000000711800000|  0%| F|  |TAMS 0x0000000711600000| PB 0x0000000711600000| Untracked 
| 101|0x0000000711800000, 0x0000000711800000, 0x0000000711a00000|  0%| F|  |TAMS 0x0000000711800000| PB 0x0000000711800000| Untracked 
| 102|0x0000000711a00000, 0x0000000711a00000, 0x0000000711c00000|  0%| F|  |TAMS 0x0000000711a00000| PB 0x0000000711a00000| Untracked 
| 103|0x0000000711c00000, 0x0000000711c00000, 0x0000000711e00000|  0%| F|  |TAMS 0x0000000711c00000| PB 0x0000000711c00000| Untracked 
| 104|0x0000000711e00000, 0x0000000711e00000, 0x0000000712000000|  0%| F|  |TAMS 0x0000000711e00000| PB 0x0000000711e00000| Untracked 
| 105|0x0000000712000000, 0x0000000712000000, 0x0000000712200000|  0%| F|  |TAMS 0x0000000712000000| PB 0x0000000712000000| Untracked 
| 106|0x0000000712200000, 0x0000000712200000, 0x0000000712400000|  0%| F|  |TAMS 0x0000000712200000| PB 0x0000000712200000| Untracked 
| 107|0x0000000712400000, 0x0000000712400000, 0x0000000712600000|  0%| F|  |TAMS 0x0000000712400000| PB 0x0000000712400000| Untracked 
| 108|0x0000000712600000, 0x0000000712600000, 0x0000000712800000|  0%| F|  |TAMS 0x0000000712600000| PB 0x0000000712600000| Untracked 
| 109|0x0000000712800000, 0x0000000712800000, 0x0000000712a00000|  0%| F|  |TAMS 0x0000000712800000| PB 0x0000000712800000| Untracked 
| 110|0x0000000712a00000, 0x0000000712a00000, 0x0000000712c00000|  0%| F|  |TAMS 0x0000000712a00000| PB 0x0000000712a00000| Untracked 
| 111|0x0000000712c00000, 0x0000000712c00000, 0x0000000712e00000|  0%| F|  |TAMS 0x0000000712c00000| PB 0x0000000712c00000| Untracked 
| 112|0x0000000712e00000, 0x0000000712e00000, 0x0000000713000000|  0%| F|  |TAMS 0x0000000712e00000| PB 0x0000000712e00000| Untracked 
| 113|0x0000000713000000, 0x0000000713000000, 0x0000000713200000|  0%| F|  |TAMS 0x0000000713000000| PB 0x0000000713000000| Untracked 
| 114|0x0000000713200000, 0x0000000713200000, 0x0000000713400000|  0%| F|  |TAMS 0x0000000713200000| PB 0x0000000713200000| Untracked 
| 115|0x0000000713400000, 0x0000000713400000, 0x0000000713600000|  0%| F|  |TAMS 0x0000000713400000| PB 0x0000000713400000| Untracked 
| 116|0x0000000713600000, 0x0000000713600000, 0x0000000713800000|  0%| F|  |TAMS 0x0000000713600000| PB 0x0000000713600000| Untracked 
| 117|0x0000000713800000, 0x0000000713800000, 0x0000000713a00000|  0%| F|  |TAMS 0x0000000713800000| PB 0x0000000713800000| Untracked 
| 118|0x0000000713a00000, 0x0000000713a00000, 0x0000000713c00000|  0%| F|  |TAMS 0x0000000713a00000| PB 0x0000000713a00000| Untracked 
| 119|0x0000000713c00000, 0x0000000713c00000, 0x0000000713e00000|  0%| F|  |TAMS 0x0000000713c00000| PB 0x0000000713c00000| Untracked 
| 120|0x0000000713e00000, 0x0000000713e00000, 0x0000000714000000|  0%| F|  |TAMS 0x0000000713e00000| PB 0x0000000713e00000| Untracked 
| 121|0x0000000714000000, 0x0000000714000000, 0x0000000714200000|  0%| F|  |TAMS 0x0000000714000000| PB 0x0000000714000000| Untracked 
| 122|0x0000000714200000, 0x0000000714200000, 0x0000000714400000|  0%| F|  |TAMS 0x0000000714200000| PB 0x0000000714200000| Untracked 
| 123|0x0000000714400000, 0x00000007145e4738, 0x0000000714600000| 94%| E|  |TAMS 0x0000000714400000| PB 0x0000000714400000| Complete 
| 124|0x0000000714600000, 0x0000000714800000, 0x0000000714800000|100%| E|CS|TAMS 0x0000000714600000| PB 0x0000000714600000| Complete 
| 125|0x0000000714800000, 0x0000000714a00000, 0x0000000714a00000|100%| E|CS|TAMS 0x0000000714800000| PB 0x0000000714800000| Complete 

Card table byte_map: [0x00000202a8be0000,0x00000202a93c0000] _byte_map_base: 0x00000202a53b9000

Marking Bits: (CMBitMap*) 0x0000020290a899b0
 Bits: [0x00000202a93c0000, 0x00000202ad288000)

Polling page: 0x000002028e980000

Metaspace:

Usage:
  Non-class:     14.46 MB used.
      Class:      2.23 MB used.
       Both:     16.68 MB used.

Virtual space:
  Non-class space:       64.00 MB reserved,      14.69 MB ( 23%) committed,  1 nodes.
      Class space:        1.00 GB reserved,       2.44 MB ( <1%) committed,  1 nodes.
             Both:        1.06 GB reserved,      17.12 MB (  2%) committed. 

Chunk freelists:
   Non-Class:  624.00 KB
       Class:  13.56 MB
        Both:  14.17 MB

MaxMetaspaceSize: unlimited
CompressedClassSpaceSize: 1.00 GB
Initial GC threshold: 21.00 MB
Current GC threshold: 21.00 MB
CDS: on
 - commit_granule_bytes: 65536.
 - commit_granule_words: 8192.
 - virtual_space_node_default_size: 8388608.
 - enlarge_chunks_in_place: 1.
 - use_allocation_guard: 0.


Internal statistics:

num_allocs_failed_limit: 0.
num_arena_births: 594.
num_arena_deaths: 0.
num_vsnodes_births: 2.
num_vsnodes_deaths: 0.
num_space_committed: 275.
num_space_uncommitted: 0.
num_chunks_returned_to_freelist: 0.
num_chunks_taken_from_freelist: 1174.
num_chunk_merges: 0.
num_chunk_splits: 778.
num_chunks_enlarged: 548.
num_inconsistent_stats: 0.

CodeHeap 'non-profiled nmethods': size=120000Kb used=1235Kb max_used=1235Kb free=118764Kb
 bounds [0x00000202a0980000, 0x00000202a0bf0000, 0x00000202a7eb0000]
CodeHeap 'profiled nmethods': size=120000Kb used=5544Kb max_used=5544Kb free=114455Kb
 bounds [0x0000020298eb0000, 0x0000020299420000, 0x00000202a03e0000]
CodeHeap 'non-nmethods': size=5760Kb used=1482Kb max_used=1494Kb free=4278Kb
 bounds [0x00000202a03e0000, 0x00000202a0650000, 0x00000202a0980000]
 total_blobs=3341 nmethods=2775 adapters=470
 compilation: enabled
              stopped_count=0, restarted_count=0
 full_count=0

Compilation events (20 events):
Event: 4.285 Thread 0x00000202aff31300 2734       3       java.lang.invoke.InvokerBytecodeGenerator$ClassData::<init> (20 bytes)
Event: 4.286 Thread 0x00000202aff31300 nmethod 2734 0x0000020299402f10 code [0x00000202994030c0, 0x0000020299403358]
Event: 4.288 Thread 0x00000202aff31300 2735       3       java.util.LinkedHashMap$LinkedHashIterator::<init> (47 bytes)
Event: 4.289 Thread 0x00000202aff31300 nmethod 2735 0x0000020299403410 code [0x00000202994035c0, 0x0000020299403898]
Event: 4.289 Thread 0x00000202aff31300 2737       3       java.lang.invoke.BoundMethodHandle::makeReinvoker (27 bytes)
Event: 4.289 Thread 0x00000202aff31300 nmethod 2737 0x0000020299403990 code [0x0000020299403b60, 0x0000020299403e48]
Event: 4.289 Thread 0x00000202aff31300 2736       3       java.lang.invoke.DirectMethodHandle::rebind (5 bytes)
Event: 4.289 Thread 0x00000202aff31300 nmethod 2736 0x0000020299403f90 code [0x0000020299404140, 0x0000020299404278]
Event: 4.292 Thread 0x00000202aff31300 2739       3       java.lang.reflect.Executable::isVarArgs (17 bytes)
Event: 4.292 Thread 0x00000202aff31300 nmethod 2739 0x0000020299404310 code [0x00000202994044c0, 0x00000202994046e0]
Event: 4.293 Thread 0x00000202aff31300 2741   !   3       java.lang.invoke.LambdaForm::lambdaName (49 bytes)
Event: 4.293 Thread 0x00000202aff31300 nmethod 2741 0x0000020299404790 code [0x0000020299404920, 0x0000020299404a50]
Event: 4.293 Thread 0x00000202aff31300 2743       3       java.lang.invoke.InvokerBytecodeGenerator::addMethod (725 bytes)
Event: 4.297 Thread 0x00000202aff31300 nmethod 2743 0x0000020299404b10 code [0x0000020299405080, 0x0000020299407558]
Event: 4.297 Thread 0x00000202aff31300 2742       3       java.lang.invoke.InvokerBytecodeGenerator::classFilePrologue (64 bytes)
Event: 4.298 Thread 0x00000202aff31300 nmethod 2742 0x0000020299408190 code [0x00000202994083e0, 0x0000020299408b60]
Event: 4.298 Thread 0x00000202aff31300 2744   !   3       java.lang.invoke.InvokerBytecodeGenerator::resolveInvokerMember (43 bytes)
Event: 4.299 Thread 0x00000202aff31300 nmethod 2744 0x0000020299408e10 code [0x0000020299409000, 0x0000020299409358]
Event: 4.317 Thread 0x00000202aff31300 2745       2       java.util.concurrent.locks.ReentrantLock$Sync::tryRelease (51 bytes)
Event: 4.317 Thread 0x00000202aff31300 nmethod 2745 0x0000020299409490 code [0x0000020299409640, 0x0000020299409850]

GC Heap History (5 events):
Event: 1.086 GC heap before
{Heap before GC invocations=0 (full 0):
 garbage-first heap   total 258048K, used 26624K [0x0000000704e00000, 0x0000000800000000)
  region size 2048K, 11 young (22528K), 0 survivors (0K)
 Metaspace       used 2548K, committed 2752K, reserved 1114112K
  class space    used 282K, committed 384K, reserved 1048576K
}
Event: 1.094 GC heap after
{Heap after GC invocations=1 (full 0):
 garbage-first heap   total 258048K, used 10754K [0x0000000704e00000, 0x0000000800000000)
  region size 2048K, 2 young (4096K), 2 survivors (4096K)
 Metaspace       used 2548K, committed 2752K, reserved 1114112K
  class space    used 282K, committed 384K, reserved 1048576K
}
Event: 1.818 GC heap before
{Heap before GC invocations=1 (full 0):
 garbage-first heap   total 258048K, used 35330K [0x0000000704e00000, 0x0000000800000000)
  region size 2048K, 14 young (28672K), 2 survivors (4096K)
 Metaspace       used 4604K, committed 4800K, reserved 1114112K
  class space    used 576K, committed 704K, reserved 1048576K
}
Event: 1.822 GC heap after
{Heap after GC invocations=2 (full 0):
 garbage-first heap   total 258048K, used 12386K [0x0000000704e00000, 0x0000000800000000)
  region size 2048K, 1 young (2048K), 1 survivors (2048K)
 Metaspace       used 4604K, committed 4800K, reserved 1114112K
  class space    used 576K, committed 704K, reserved 1048576K
}
Event: 4.331 GC heap before
{Heap before GC invocations=2 (full 0):
 garbage-first heap   total 258048K, used 94306K [0x0000000704e00000, 0x0000000800000000)
  region size 2048K, 42 young (86016K), 1 survivors (2048K)
 Metaspace       used 16332K, committed 16768K, reserved 1114112K
  class space    used 2153K, committed 2368K, reserved 1048576K
}

Dll operation events (15 events):
Event: 0.033 Loaded shared library C:\Program Files\Java\jdk-21\bin\java.dll
Event: 0.094 Loaded shared library C:\Program Files\Java\jdk-21\bin\jsvml.dll
Event: 0.147 Loaded shared library C:\Program Files\Java\jdk-21\bin\zip.dll
Event: 0.158 Loaded shared library C:\Program Files\Java\jdk-21\bin\instrument.dll
Event: 0.168 Loaded shared library C:\Program Files\Java\jdk-21\bin\net.dll
Event: 0.173 Loaded shared library C:\Program Files\Java\jdk-21\bin\nio.dll
Event: 0.180 Loaded shared library C:\Program Files\Java\jdk-21\bin\zip.dll
Event: 0.594 Loaded shared library C:\Program Files\Java\jdk-21\bin\jimage.dll
Event: 0.979 Loaded shared library C:\Program Files\Java\jdk-21\bin\verify.dll
Event: 1.037 Loaded shared library C:\Users\jinwo\.gradle\native\660c5614fbf4a5f2a75b1949f50a0caf5cd603558e7d8a26e50b933a0cfb79d1\windows-amd64\native-platform.dll
Event: 1.057 Loaded shared library C:\Users\jinwo\.gradle\native\0.2.8\x86_64-windows-gnu\gradle-fileevents.dll
Event: 2.669 Loaded shared library C:\Program Files\Java\jdk-21\bin\management.dll
Event: 2.674 Loaded shared library C:\Program Files\Java\jdk-21\bin\management_ext.dll
Event: 3.077 Loaded shared library C:\Program Files\Java\jdk-21\bin\extnet.dll
Event: 3.394 Loaded shared library C:\Program Files\Java\jdk-21\bin\sunmscapi.dll

Deoptimization events (20 events):
Event: 3.821 Thread 0x00000202f767a6c0 Uncommon trap: trap_request=0xffffffde fr.pc=0x00000202a0a82df8 relative=0x0000000000000838
Event: 3.821 Thread 0x00000202f767a6c0 Uncommon trap: reason=class_check action=maybe_recompile pc=0x00000202a0a82df8 method=java.util.HashMap.putVal(ILjava/lang/Object;Ljava/lang/Object;ZZ)Ljava/lang/Object; @ 91 c2
Event: 3.821 Thread 0x00000202f767a6c0 DEOPT PACKING pc=0x00000202a0a82df8 sp=0x000000197ccfbff0
Event: 3.821 Thread 0x00000202f767a6c0 DEOPT UNPACKING pc=0x00000202a04346a2 sp=0x000000197ccfbf18 mode 2
Event: 3.821 Thread 0x00000202f767a6c0 Uncommon trap: trap_request=0xffffffde fr.pc=0x00000202a0a82df8 relative=0x0000000000000838
Event: 3.821 Thread 0x00000202f767a6c0 Uncommon trap: reason=class_check action=maybe_recompile pc=0x00000202a0a82df8 method=java.util.HashMap.putVal(ILjava/lang/Object;Ljava/lang/Object;ZZ)Ljava/lang/Object; @ 91 c2
Event: 3.821 Thread 0x00000202f767a6c0 DEOPT PACKING pc=0x00000202a0a82df8 sp=0x000000197ccfbff0
Event: 3.821 Thread 0x00000202f767a6c0 DEOPT UNPACKING pc=0x00000202a04346a2 sp=0x000000197ccfbf18 mode 2
Event: 3.834 Thread 0x00000202f767a6c0 Uncommon trap: trap_request=0xffffff45 fr.pc=0x00000202a09f3fa4 relative=0x00000000000002e4
Event: 3.834 Thread 0x00000202f767a6c0 Uncommon trap: reason=unstable_if action=reinterpret pc=0x00000202a09f3fa4 method=java.util.concurrent.ConcurrentHashMap.get(Ljava/lang/Object;)Ljava/lang/Object; @ 152 c2
Event: 3.834 Thread 0x00000202f767a6c0 DEOPT PACKING pc=0x00000202a09f3fa4 sp=0x000000197ccfb5d0
Event: 3.834 Thread 0x00000202f767a6c0 DEOPT UNPACKING pc=0x00000202a04346a2 sp=0x000000197ccfb538 mode 2
Event: 4.159 Thread 0x00000202f767a6c0 Uncommon trap: trap_request=0xffffff76 fr.pc=0x00000202a0a413e0 relative=0x00000000000001a0
Event: 4.159 Thread 0x00000202f767a6c0 Uncommon trap: reason=predicate action=maybe_recompile pc=0x00000202a0a413e0 method=java.util.regex.Pattern$BmpCharPropertyGreedy.match(Ljava/util/regex/Matcher;ILjava/lang/CharSequence;)Z @ 12 c2
Event: 4.159 Thread 0x00000202f767a6c0 DEOPT PACKING pc=0x00000202a0a413e0 sp=0x000000197ccfbfb0
Event: 4.159 Thread 0x00000202f767a6c0 DEOPT UNPACKING pc=0x00000202a04346a2 sp=0x000000197ccfbf48 mode 2
Event: 4.198 Thread 0x00000202f767a030 Uncommon trap: trap_request=0xffffff45 fr.pc=0x00000202a0a6172c relative=0x000000000000018c
Event: 4.198 Thread 0x00000202f767a030 Uncommon trap: reason=unstable_if action=reinterpret pc=0x00000202a0a6172c method=java.util.concurrent.locks.ReentrantLock$NonfairSync.initialTryLock()Z @ 25 c2
Event: 4.198 Thread 0x00000202f767a030 DEOPT PACKING pc=0x00000202a0a6172c sp=0x000000197d1ff030
Event: 4.198 Thread 0x00000202f767a030 DEOPT UNPACKING pc=0x00000202a04346a2 sp=0x000000197d1fefd0 mode 2

Classes loaded (20 events):
Event: 4.184 Loading class java/util/concurrent/locks/ReentrantLock$FairSync
Event: 4.184 Loading class java/util/concurrent/locks/ReentrantLock$FairSync done
Event: 4.198 Loading class java/net/DatagramPacket
Event: 4.199 Loading class java/net/DatagramPacket done
Event: 4.200 Loading class sun/nio/ch/DatagramChannelImpl$DatagramPackets
Event: 4.200 Loading class sun/nio/ch/DatagramChannelImpl$DatagramPackets done
Event: 4.232 Loading class java/lang/Character$UnicodeBlock
Event: 4.232 Loading class java/lang/Character$Subset
Event: 4.232 Loading class java/lang/Character$Subset done
Event: 4.233 Loading class java/lang/Character$UnicodeBlock done
Event: 4.253 Loading class sun/security/provider/MD5
Event: 4.253 Loading class sun/security/provider/MD5 done
Event: 4.254 Loading class sun/security/provider/SHA5$SHA512
Event: 4.254 Loading class sun/security/provider/SHA5
Event: 4.254 Loading class sun/security/provider/SHA5 done
Event: 4.254 Loading class sun/security/provider/SHA5$SHA512 done
Event: 4.256 Loading class sun/security/provider/ByteArrayAccess$LE
Event: 4.256 Loading class sun/security/provider/ByteArrayAccess$LE done
Event: 4.300 Loading class java/io/File$TempDirectory
Event: 4.300 Loading class java/io/File$TempDirectory done

Classes unloaded (0 events):
No events

Classes redefined (0 events):
No events

Internal exceptions (20 events):
Event: 3.336 Thread 0x000002028e7dcf10 Implicit null exception at 0x00000202a09c88a4 to 0x00000202a09c8f14
Event: 3.342 Thread 0x000002028e7dcf10 Exception <a 'java/lang/NoSuchMethodError'{0x000000071197e2a0}: 'java.lang.Object java.lang.invoke.DirectMethodHandle$Holder.newInvokeSpecial(java.lang.Object, java.lang.Object, java.lang.Object, java.lang.Object, java.lang.Object)'> (0x000000071197e2a0) 
thrown [s\open\src\hotspot\share\interpreter\linkResolver.cpp, line 773]
Event: 3.351 Thread 0x000002028e7dcf10 Exception <a 'java/lang/NoSuchMethodError'{0x00000007119a6980}: 'void java.lang.invoke.DirectMethodHandle$Holder.invokeSpecial(java.lang.Object, java.lang.Object, java.lang.Object)'> (0x00000007119a6980) 
thrown [s\open\src\hotspot\share\interpreter\linkResolver.cpp, line 773]
Event: 3.659 Thread 0x00000202f767a6c0 Exception <a 'java/lang/NoSuchMethodError'{0x0000000710e496e0}: 'java.lang.Object java.lang.invoke.DirectMethodHandle$Holder.invokeVirtual(java.lang.Object, java.lang.Object, java.lang.Object, java.lang.Object, java.lang.Object, java.lang.Object, java.lang.Object)'> (0x0000000710e496e0) 
thrown [s\open\src\hotspot\share\interpreter\linkResolver.cpp, line 773]
Event: 3.682 Thread 0x00000202f767a6c0 Exception <a 'java/lang/NoSuchMethodError'{0x0000000710ee9cb8}: 'long java.lang.invoke.DirectMethodHandle$Holder.invokeInterface(java.lang.Object, java.lang.Object)'> (0x0000000710ee9cb8) 
thrown [s\open\src\hotspot\share\interpreter\linkResolver.cpp, line 773]
Event: 3.760 Thread 0x00000202f767a6c0 Exception <a 'java/lang/NoSuchMethodError'{0x0000000710aa95f8}: 'void java.lang.invoke.DirectMethodHandle$Holder.invokeStatic(java.lang.Object, java.lang.Object)'> (0x0000000710aa95f8) 
thrown [s\open\src\hotspot\share\interpreter\linkResolver.cpp, line 773]
Event: 3.771 Thread 0x00000202f767a6c0 Exception <a 'java/lang/NoSuchMethodError'{0x0000000710afdbe8}: 'java.lang.Object java.lang.invoke.DirectMethodHandle$Holder.invokeVirtual(java.lang.Object, java.lang.Object, java.lang.Object, java.lang.Object, java.lang.Object, java.lang.Object, java.lang.Object, java.lang.Object, java.lang.Object, java.lang.Object, java.lang.Object, java.lang.Object)'> (0x0000000710afdbe8) 
thrown [s\open\src\hotspot\share\interpreter\linkResolver.cpp, line 773]
Event: 3.772 Thread 0x00000202f767a6c0 Exception <a 'java/lang/NoSuchMethodError'{0x0000000710b02b70}: 'java.lang.Object java.lang.invoke.DirectMethodHandle$Holder.invokeSpecial(java.lang.Object, java.lang.Object, java.lang.Object, java.lang.Object, java.lang.Object, java.lang.Object, java.lang.Object, java.lang.Object, java.lang.Object, java.lang.Object, java.lang.Object, java.lang.Object, java.lang.Object)'> (0x0000000710b02b70) 
thrown [s\open\src\hotspot\share\interpreter\linkResolver.cpp, line 773]
Event: 3.812 Thread 0x00000202f767a6c0 Exception <a 'java/lang/NoSuchMethodError'{0x0000000710896be0}: 'void java.lang.invoke.DirectMethodHandle$Holder.invokeStatic(java.lang.Object, java.lang.Object, java.lang.Object, java.lang.Object)'> (0x0000000710896be0) 
thrown [s\open\src\hotspot\share\interpreter\linkResolver.cpp, line 773]
Event: 3.839 Thread 0x00000202f767a6c0 Exception <a 'java/lang/NoSuchMethodError'{0x000000071094e598}: 'int java.lang.invoke.DirectMethodHandle$Holder.invokeVirtual(java.lang.Object, java.lang.Object, java.lang.Object)'> (0x000000071094e598) 
thrown [s\open\src\hotspot\share\interpreter\linkResolver.cpp, line 773]
Event: 3.901 Thread 0x00000202f767a6c0 Exception <a 'java/lang/NoSuchMethodError'{0x00000007107b46a8}: 'java.lang.Object java.lang.invoke.DirectMethodHandle$Holder.newInvokeSpecial(java.lang.Object, java.lang.Object, java.lang.Object, java.lang.Object, java.lang.Object, java.lang.Object)'> (0x00000007107b46a8) 
thrown [s\open\src\hotspot\share\interpreter\linkResolver.cpp, line 773]
Event: 3.983 Thread 0x00000202f767a6c0 Exception <a 'java/lang/NoSuchMethodError'{0x00000007102253d0}: 'void java.lang.invoke.DelegatingMethodHandle$Holder.reinvoke_L(java.lang.Object, java.lang.Object, java.lang.Object, java.lang.Object, java.lang.Object, java.lang.Object, java.lang.Object, java.lang.Object, java.lang.Object, java.lang.Object)'> (0x00000007102253d0) 
thrown [s\open\src\hotspot\share\interpreter\linkResolver.cpp, line 773]
Event: 3.984 Thread 0x00000202f767a6c0 Exception <a 'java/lang/NoSuchMethodError'{0x000000071022cdf0}: 'java.lang.Object java.lang.invoke.Invokers$Holder.invoker(java.lang.Object, java.lang.Object, java.lang.Object, java.lang.Object, java.lang.Object, java.lang.Object, java.lang.Object, java.lang.Object, java.lang.Object, java.lang.Object)'> (0x000000071022cdf0) 
thrown [s\open\src\hotspot\share\interpreter\linkResolver.cpp, line 773]
Event: 4.157 Thread 0x00000202f767a6c0 Exception <a 'java/lang/NoSuchMethodError'{0x000000070fc80158}: 'void java.lang.invoke.DirectMethodHandle$Holder.invokeInterface(java.lang.Object, java.lang.Object)'> (0x000000070fc80158) 
thrown [s\open\src\hotspot\share\interpreter\linkResolver.cpp, line 773]
Event: 4.157 Thread 0x00000202f767a6c0 Exception <a 'java/lang/IncompatibleClassChangeError'{0x000000070fc836c8}: Found class java.lang.Object, but interface was expected> (0x000000070fc836c8) 
thrown [s\open\src\hotspot\share\interpreter\linkResolver.cpp, line 840]
Event: 4.162 Thread 0x00000202f767a6c0 Exception <a 'java/lang/NoSuchMethodError'{0x000000070fca8990}: 'java.lang.Object java.lang.invoke.DirectMethodHandle$Holder.newInvokeSpecial(java.lang.Object, java.lang.Object, java.lang.Object, java.lang.Object, java.lang.Object, java.lang.Object, java.lang.Object, java.lang.Object)'> (0x000000070fca8990) 
thrown [s\open\src\hotspot\share\interpreter\linkResolver.cpp, line 773]
Event: 4.187 Thread 0x00000202f767a6c0 Exception <a 'java/lang/NoSuchMethodError'{0x000000070fdb44a0}: 'java.lang.Object java.lang.invoke.DirectMethodHandle$Holder.newInvokeSpecial(java.lang.Object, java.lang.Object, int)'> (0x000000070fdb44a0) 
thrown [s\open\src\hotspot\share\interpreter\linkResolver.cpp, line 773]
Event: 4.269 Thread 0x00000202f767a6c0 Exception <a 'java/lang/NoSuchMethodError'{0x000000070f9c25c0}: 'java.lang.Object java.lang.invoke.DirectMethodHandle$Holder.invokeVirtual(java.lang.Object, java.lang.Object, java.lang.Object, java.lang.Object, java.lang.Object, java.lang.Object, java.lang.Object, java.lang.Object)'> (0x000000070f9c25c0) 
thrown [s\open\src\hotspot\share\interpreter\linkResolver.cpp, line 773]
Event: 4.292 Thread 0x00000202f767a6c0 Exception <a 'java/lang/NoSuchMethodError'{0x000000070f6655c0}: 'java.lang.Object java.lang.invoke.DirectMethodHandle$Holder.invokeVirtual(java.lang.Object, java.lang.Object, java.lang.Object, java.lang.Object, java.lang.Object, java.lang.Object, java.lang.Object, java.lang.Object, java.lang.Object, java.lang.Object)'> (0x000000070f6655c0) 
thrown [s\open\src\hotspot\share\interpreter\linkResolver.cpp, line 773]
Event: 4.314 Thread 0x00000202f767a6c0 Exception <a 'java/lang/NoSuchMethodError'{0x000000070f77eaa8}: 'void java.lang.invoke.DirectMethodHandle$Holder.invokeStaticInit(java.lang.Object, java.lang.Object, java.lang.Object, java.lang.Object)'> (0x000000070f77eaa8) 
thrown [s\open\src\hotspot\share\interpreter\linkResolver.cpp, line 773]

ZGC Phase Switch (0 events):
No events

VM Operations (20 events):
Event: 2.723 Executing VM operation: HandshakeAllThreads (Deoptimize) done
Event: 2.729 Executing VM operation: HandshakeAllThreads (Deoptimize)
Event: 2.729 Executing VM operation: HandshakeAllThreads (Deoptimize) done
Event: 2.729 Executing VM operation: HandshakeAllThreads (Deoptimize)
Event: 2.729 Executing VM operation: HandshakeAllThreads (Deoptimize) done
Event: 2.789 Executing VM operation: HandshakeAllThreads (Deoptimize)
Event: 2.789 Executing VM operation: HandshakeAllThreads (Deoptimize) done
Event: 2.995 Executing VM operation: ICBufferFull
Event: 2.996 Executing VM operation: ICBufferFull done
Event: 3.174 Executing VM operation: HandshakeAllThreads (Deoptimize)
Event: 3.174 Executing VM operation: HandshakeAllThreads (Deoptimize) done
Event: 3.238 Executing VM operation: HandshakeAllThreads (Deoptimize)
Event: 3.238 Executing VM operation: HandshakeAllThreads (Deoptimize) done
Event: 3.406 Executing VM operation: HandshakeAllThreads (Deoptimize)
Event: 3.406 Executing VM operation: HandshakeAllThreads (Deoptimize) done
Event: 3.833 Executing VM operation: ICBufferFull
Event: 3.833 Executing VM operation: ICBufferFull done
Event: 4.184 Executing VM operation: HandshakeAllThreads (Deoptimize)
Event: 4.184 Executing VM operation: HandshakeAllThreads (Deoptimize) done
Event: 4.331 Executing VM operation: G1CollectForAllocation (G1 Evacuation Pause)

Events (20 events):
Event: 0.121 Thread 0x00000202f50d1a00 Thread added: 0x00000202f50d1a00
Event: 0.204 Thread 0x00000202f50d0650 Thread added: 0x00000202f50d0650
Event: 0.549 Thread 0x00000202aff30560 Thread added: 0x00000202aff30560
Event: 0.574 Thread 0x00000202aff30c30 Thread added: 0x00000202aff30c30
Event: 1.285 Thread 0x00000202aff30c30 Thread exited: 0x00000202aff30c30
Event: 2.305 Thread 0x00000202aff30560 Thread exited: 0x00000202aff30560
Event: 2.577 Thread 0x00000202aff319d0 Thread added: 0x00000202aff319d0
Event: 2.730 Thread 0x00000202f50d1370 Thread added: 0x00000202f50d1370
Event: 3.259 Thread 0x00000202f50d2090 Thread added: 0x00000202f50d2090
Event: 3.353 Thread 0x00000202f50cf2a0 Thread added: 0x00000202f50cf2a0
Event: 3.475 Thread 0x00000202f50d2720 Thread added: 0x00000202f50d2720
Event: 3.482 Thread 0x00000202f50cf930 Thread added: 0x00000202f50cf930
Event: 3.533 Thread 0x00000202f50cffc0 Thread added: 0x00000202f50cffc0
Event: 3.552 Thread 0x00000202f767a6c0 Thread added: 0x00000202f767a6c0
Event: 3.578 Thread 0x00000202f76799a0 Thread added: 0x00000202f76799a0
Event: 3.584 Thread 0x00000202f7679310 Thread added: 0x00000202f7679310
Event: 3.595 Thread 0x00000202f767c790 Thread added: 0x00000202f767c790
Event: 4.185 Thread 0x00000202f767ad50 Thread added: 0x00000202f767ad50
Event: 4.197 Thread 0x00000202f767a030 Thread added: 0x00000202f767a030
Event: 4.275 Thread 0x00000202f767c100 Thread added: 0x00000202f767c100


Dynamic libraries:
0x00007ff67dce0000 - 0x00007ff67dcf0000 	C:\Program Files\Java\jdk-21\bin\java.exe
0x00007ff9e41a0000 - 0x00007ff9e4406000 	C:\WINDOWS\SYSTEM32\ntdll.dll
0x00007ff9e3950000 - 0x00007ff9e3a19000 	C:\WINDOWS\System32\KERNEL32.DLL
0x00007ff9e1870000 - 0x00007ff9e1c6f000 	C:\WINDOWS\System32\KERNELBASE.dll
0x00007ff9e16e0000 - 0x00007ff9e182c000 	C:\WINDOWS\System32\ucrtbase.dll
0x00007ff9b6410000 - 0x00007ff9b6429000 	C:\Program Files\Java\jdk-21\bin\jli.dll
0x00007ff9c9d30000 - 0x00007ff9c9d4b000 	C:\Program Files\Java\jdk-21\bin\VCRUNTIME140.dll
0x00007ff9e3d80000 - 0x00007ff9e3e3c000 	C:\WINDOWS\System32\ADVAPI32.dll
0x00007ff9e33b0000 - 0x00007ff9e3459000 	C:\WINDOWS\System32\msvcrt.dll
0x00007ff9e3470000 - 0x00007ff9e351a000 	C:\WINDOWS\System32\sechost.dll
0x00007ff9e2120000 - 0x00007ff9e2238000 	C:\WINDOWS\System32\RPCRT4.dll
0x00007ff9e3bb0000 - 0x00007ff9e3d76000 	C:\WINDOWS\System32\USER32.dll
0x00007ff9e1840000 - 0x00007ff9e1867000 	C:\WINDOWS\System32\win32u.dll
0x00007ff9e2470000 - 0x00007ff9e249b000 	C:\WINDOWS\System32\GDI32.dll
0x00007ff9e1440000 - 0x00007ff9e1569000 	C:\WINDOWS\System32\gdi32full.dll
0x00007ff9e1570000 - 0x00007ff9e1613000 	C:\WINDOWS\System32\msvcp_win.dll
0x00007ff9c8a30000 - 0x00007ff9c8cc1000 	C:\WINDOWS\WinSxS\amd64_microsoft.windows.common-controls_6595b64144ccf1df_6.0.26100.8972_none_3e0da176e32f9d4b\COMCTL32.dll
0x00007ff9d1940000 - 0x00007ff9d194b000 	C:\WINDOWS\SYSTEM32\VERSION.dll
0x00007ff9e24a0000 - 0x00007ff9e24d2000 	C:\WINDOWS\System32\IMM32.DLL
0x00007ff9dd950000 - 0x00007ff9dd95c000 	C:\Program Files\Java\jdk-21\bin\vcruntime140_1.dll
0x00007ff975fc0000 - 0x00007ff97604e000 	C:\Program Files\Java\jdk-21\bin\msvcp140.dll
0x00007ff95f170000 - 0x00007ff95fe8a000 	C:\Program Files\Java\jdk-21\bin\server\jvm.dll
0x00007ff9e3520000 - 0x00007ff9e35a2000 	C:\WINDOWS\System32\WS2_32.dll
0x00007ff9e1230000 - 0x00007ff9e128e000 	C:\WINDOWS\SYSTEM32\POWRPROF.dll
0x00007ff9d8810000 - 0x00007ff9d8846000 	C:\WINDOWS\SYSTEM32\WINMM.dll
0x00007ff9e1210000 - 0x00007ff9e1225000 	C:\WINDOWS\SYSTEM32\UMPDC.dll
0x00007ff9e0080000 - 0x00007ff9e009b000 	C:\WINDOWS\SYSTEM32\kernel.appcore.dll
0x00007ff9dd870000 - 0x00007ff9dd87a000 	C:\Program Files\Java\jdk-21\bin\jimage.dll
0x00007ff9df3f0000 - 0x00007ff9df632000 	C:\WINDOWS\SYSTEM32\DBGHELP.DLL
0x00007ff9e35c0000 - 0x00007ff9e3945000 	C:\WINDOWS\System32\combase.dll
0x00007ff9e2040000 - 0x00007ff9e2119000 	C:\WINDOWS\System32\OLEAUT32.dll
0x00007ff9c8db0000 - 0x00007ff9c8deb000 	C:\WINDOWS\SYSTEM32\dbgcore.DLL
0x00007ff9e1e10000 - 0x00007ff9e1ebc000 	C:\WINDOWS\System32\bcryptPrimitives.dll
0x00007ff9cc440000 - 0x00007ff9cc44f000 	C:\Program Files\Java\jdk-21\bin\instrument.dll
0x00007ff9c8d00000 - 0x00007ff9c8d1f000 	C:\Program Files\Java\jdk-21\bin\java.dll
0x00007ff9e24e0000 - 0x00007ff9e2c68000 	C:\WINDOWS\System32\SHELL32.dll
0x00007ff9de940000 - 0x00007ff9df1db000 	C:\WINDOWS\SYSTEM32\windows.storage.dll
0x00007ff9e3a70000 - 0x00007ff9e3b69000 	C:\WINDOWS\System32\SHCORE.dll
0x00007ff9e2c70000 - 0x00007ff9e2cd6000 	C:\WINDOWS\System32\shlwapi.dll
0x00007ff9e12d0000 - 0x00007ff9e12f9000 	C:\WINDOWS\SYSTEM32\profapi.dll
0x00007ff975a00000 - 0x00007ff975ad7000 	C:\Program Files\Java\jdk-21\bin\jsvml.dll
0x00007ff9ba380000 - 0x00007ff9ba398000 	C:\Program Files\Java\jdk-21\bin\zip.dll
0x00007ff9db840000 - 0x00007ff9db850000 	C:\Program Files\Java\jdk-21\bin\net.dll
0x00007ff9da7d0000 - 0x00007ff9da8f8000 	C:\WINDOWS\SYSTEM32\WINHTTP.dll
0x00007ff9e0650000 - 0x00007ff9e06bc000 	C:\WINDOWS\system32\mswsock.dll
0x00007ff9c22d0000 - 0x00007ff9c22e6000 	C:\Program Files\Java\jdk-21\bin\nio.dll
0x00007ff9db820000 - 0x00007ff9db830000 	C:\Program Files\Java\jdk-21\bin\verify.dll
0x00007ff9c9d00000 - 0x00007ff9c9d27000 	C:\Users\jinwo\.gradle\native\660c5614fbf4a5f2a75b1949f50a0caf5cd603558e7d8a26e50b933a0cfb79d1\windows-amd64\native-platform.dll
0x00007ff973c00000 - 0x00007ff973c77000 	C:\Users\jinwo\.gradle\native\0.2.8\x86_64-windows-gnu\gradle-fileevents.dll
0x00007ff9d22c0000 - 0x00007ff9d22ca000 	C:\Program Files\Java\jdk-21\bin\management.dll
0x00007ff9d1f90000 - 0x00007ff9d1f9b000 	C:\Program Files\Java\jdk-21\bin\management_ext.dll
0x00007ff9e35b0000 - 0x00007ff9e35b8000 	C:\WINDOWS\System32\PSAPI.DLL
0x00007ff9dfa10000 - 0x00007ff9dfa43000 	C:\WINDOWS\SYSTEM32\IPHLPAPI.DLL
0x00007ff9e3460000 - 0x00007ff9e346a000 	C:\WINDOWS\System32\NSI.dll
0x00007ff9d3130000 - 0x00007ff9d3139000 	C:\Program Files\Java\jdk-21\bin\extnet.dll
0x00007ff9e0940000 - 0x00007ff9e095b000 	C:\WINDOWS\SYSTEM32\CRYPTSP.dll
0x00007ff9dffe0000 - 0x00007ff9e0019000 	C:\WINDOWS\system32\rsaenh.dll
0x00007ff9e0700000 - 0x00007ff9e0732000 	C:\WINDOWS\SYSTEM32\USERENV.dll
0x00007ff9e12a0000 - 0x00007ff9e12ca000 	C:\WINDOWS\SYSTEM32\bcrypt.dll
0x00007ff9e0960000 - 0x00007ff9e096c000 	C:\WINDOWS\SYSTEM32\CRYPTBASE.dll
0x00007ff9d2380000 - 0x00007ff9d238e000 	C:\Program Files\Java\jdk-21\bin\sunmscapi.dll
0x00007ff9e1c80000 - 0x00007ff9e1dfe000 	C:\WINDOWS\System32\CRYPT32.dll
0x00007ff9e0b80000 - 0x00007ff9e0bb0000 	C:\WINDOWS\SYSTEM32\ncrypt.dll
0x00007ff9e0b30000 - 0x00007ff9e0b6f000 	C:\WINDOWS\SYSTEM32\NTASN1.dll
0x00007ff9af370000 - 0x00007ff9af378000 	C:\WINDOWS\system32\wshunix.dll

dbghelp: loaded successfully - version: 4.0.5 - missing functions: none
symbol engine: initialized successfully - sym options: 0x614 - pdb path: .;C:\Program Files\Java\jdk-21\bin;C:\WINDOWS\SYSTEM32;C:\WINDOWS\WinSxS\amd64_microsoft.windows.common-controls_6595b64144ccf1df_6.0.26100.8972_none_3e0da176e32f9d4b;C:\Program Files\Java\jdk-21\bin\server;C:\Users\jinwo\.gradle\native\660c5614fbf4a5f2a75b1949f50a0caf5cd603558e7d8a26e50b933a0cfb79d1\windows-amd64;C:\Users\jinwo\.gradle\native\0.2.8\x86_64-windows-gnu

VM Arguments:
jvm_args: --add-opens=java.base/java.lang=ALL-UNNAMED --add-opens=java.base/java.lang.invoke=ALL-UNNAMED --add-opens=java.base/java.util=ALL-UNNAMED --add-opens=java.prefs/java.util.prefs=ALL-UNNAMED --add-exports=jdk.compiler/com.sun.tools.javac.api=ALL-UNNAMED --add-exports=jdk.compiler/com.sun.tools.javac.util=ALL-UNNAMED --add-opens=java.base/java.nio.charset=ALL-UNNAMED --add-opens=java.base/java.net=ALL-UNNAMED --add-opens=java.base/java.util.concurrent=ALL-UNNAMED --add-opens=java.base/java.util.concurrent.atomic=ALL-UNNAMED --add-opens=java.xml/javax.xml.namespace=ALL-UNNAMED --add-opens=java.base/java.time=ALL-UNNAMED -Dfile.encoding=UTF-8 -Duser.country=KR -Duser.language=ko -Duser.variant -javaagent:C:\Users\jinwo\.gradle\wrapper\dists\gradle-9.5.1-bin\iq79hdu3mqx29lgffhp8bfmx\gradle-9.5.1\lib\agents\gradle-instrumentation-agent-9.5.1.jar 
java_command: org.gradle.launcher.daemon.bootstrap.GradleDaemon 9.5.1
java_class_path (initial): C:\Users\jinwo\.gradle\wrapper\dists\gradle-9.5.1-bin\iq79hdu3mqx29lgffhp8bfmx\gradle-9.5.1\lib\gradle-daemon-main-9.5.1.jar
Launcher Type: SUN_STANDARD

[Global flags]
     intx CICompilerCount                          = 4                                         {product} {ergonomic}
     uint ConcGCThreads                            = 3                                         {product} {ergonomic}
     uint G1ConcRefinementThreads                  = 10                                        {product} {ergonomic}
   size_t G1HeapRegionSize                         = 2097152                                   {product} {ergonomic}
    uintx GCDrainStackTargetSize                   = 64                                        {product} {ergonomic}
   size_t InitialHeapSize                          = 264241152                                 {product} {ergonomic}
   size_t MarkStackSize                            = 4194304                                   {product} {ergonomic}
   size_t MaxHeapSize                              = 4213178368                                {product} {ergonomic}
   size_t MaxNewSize                               = 2527068160                                {product} {ergonomic}
   size_t MinHeapDeltaBytes                        = 2097152                                   {product} {ergonomic}
   size_t MinHeapSize                              = 8388608                                   {product} {ergonomic}
    uintx NonNMethodCodeHeapSize                   = 5839372                                {pd product} {ergonomic}
    uintx NonProfiledCodeHeapSize                  = 122909434                              {pd product} {ergonomic}
    uintx ProfiledCodeHeapSize                     = 122909434                              {pd product} {ergonomic}
    uintx ReservedCodeCacheSize                    = 251658240                              {pd product} {ergonomic}
     bool SegmentedCodeCache                       = true                                      {product} {ergonomic}
   size_t SoftMaxHeapSize                          = 4213178368                             {manageable} {ergonomic}
     bool UseCompressedOops                        = true                           {product lp64_product} {ergonomic}
     bool UseG1GC                                  = true                                      {product} {ergonomic}
     bool UseLargePagesIndividualAllocation        = false                                  {pd product} {ergonomic}

Logging:
Log output configuration:
 #0: stdout all=warning uptime,level,tags foldmultilines=false
 #1: stderr all=off uptime,level,tags foldmultilines=false

Environment Variables:
JAVA_HOME=C:\Program Files\Java\jdk-21
CLASSPATH=C:\Program Files\Java\jdk-21\lib
PATH=C:\Users\jinwo\bin;C:\Program Files\Git\mingw64\bin;C:\Program Files\Git\usr\local\bin;C:\Program Files\Git\usr\bin;C:\Program Files\Git\usr\bin;C:\Program Files\Git\mingw64\bin;C:\Program Files\Git\usr\bin;C:\Users\jinwo\bin;C:\Users\jinwo\AppData\Roaming\Microsoft\Windows\Start Menu\Programs\Python 3.10;C:\Users\¹ÚÁø¿ì\AppData\Roaming\Microsoft\Windows\Start Menu\Programs\Python 3.13;C:\WINDOWS\system32;C:\WINDOWS;C:\WINDOWS\System32\Wbem;C:\WINDOWS\System32\WindowsPowerShell\v1.0;C:\WINDOWS\System32\OpenSSH;C:\Program Files\dotnet;C:\tools\gradle-8.12\bin;C:\Program Files\Oracle\VirtualBox;C:\Program Files\Java\jdk-21\bin;C:\Windows\System32;C:\Program Files\PostgreSQL\16\bin;C:\Users\jinwo\AppData\Local\Android\Sdk\platform-tools;C:\Program Files (x86)\Windows Kits\10\Windows Performance Toolkit;C:\Users\jinwo\AppData\Local\nvm;C:\Program Files\nodejs;C:\Users\jinwo\AppData\Local\nvm;C:\Users\jinwo\AppData\Local\nvm\v10.24.1;C:\Program Files (x86)\PuTTY;C:\Program Files\Git\cmd;C:\Users\jinwo\AppData\Local\Programs\Python\Python311\Scripts;C:\Program Files\Microsoft\Azure Functions Core Tools;C:\Program Files\Docker\Docker\resources\bin;C:\Users\jinwo\AppData\Local\Programs\Python\Python311\Scripts;C:\Users\jinwo\AppData\Local\Programs\Python\Python311;C:\Users\jinwo\.cargo\bin;C:\Users\jinwo\AppData\Local\Programs\Eclipse Adoptium\jdk-8.0.472.8-hotspot\bin;C:\Users\jinwo\AppData\Local\Microsoft\WindowsApps;C:\Users\jinwo\AppData\Local\Programs\Microsoft VS Code\bin;C:\Users\jinwo\.local\bin;C:\Users\jinwo\.vscode\extensions\vscjava.vscode-java-debug-0.59.0\bundled\scripts\noConfigScripts;C:\Program Files\Git\usr\bin\vendor_perl;C:\Program Files\Git\usr\bin\core_perl
USERNAME=jinwo
SHELL=C:\Program Files\Git\usr\bin\bash.exe
DISPLAY=needs-to-be-defined
LANG=en_US.UTF-8
TERM=xterm-256color
TMPDIR=C:\Users\jinwo\AppData\Local\Temp
OS=Windows_NT
PROCESSOR_IDENTIFIER=Intel64 Family 6 Model 186 Stepping 3, GenuineIntel
TMP=C:\Users\jinwo\AppData\Local\Temp
TEMP=C:\Users\jinwo\AppData\Local\Temp




Periodic native trim disabled

---------------  S Y S T E M  ---------------

OS:
 Windows 11 , 64 bit Build 26100 (10.0.26100.9168)
OS uptime: 2 days 14:28 hours
Hyper-V role detected

CPU: total 12 (initial active 12) (6 cores per cpu, 2 threads per core) family 6 model 186 stepping 3 microcode 0x411f, cx8, cmov, fxsr, ht, mmx, 3dnowpref, sse, sse2, sse3, ssse3, sse4.1, sse4.2, popcnt, lzcnt, tsc, tscinvbit, avx, avx2, aes, erms, clmul, bmi1, bmi2, adx, sha, fma, vzeroupper, clflush, clflushopt, clwb, hv, serialize, rdtscp, rdpid, fsrm, f16c, cet_ibt, cet_ss
Processor Information for processor 0
  Max Mhz: 1700, Current Mhz: 1700, Mhz Limit: 1700
Processor Information for processor 1
  Max Mhz: 1700, Current Mhz: 1700, Mhz Limit: 1700
Processor Information for processor 2
  Max Mhz: 1700, Current Mhz: 1700, Mhz Limit: 1700
Processor Information for processor 3
  Max Mhz: 1700, Current Mhz: 1700, Mhz Limit: 1700
Processor Information for processor 4
  Max Mhz: 1700, Current Mhz: 1200, Mhz Limit: 1190
Processor Information for processor 5
  Max Mhz: 1700, Current Mhz: 1200, Mhz Limit: 1190
Processor Information for processor 6
  Max Mhz: 1700, Current Mhz: 1200, Mhz Limit: 1190
Processor Information for processor 7
  Max Mhz: 1700, Current Mhz: 1200, Mhz Limit: 1190
Processor Information for processor 8
  Max Mhz: 1700, Current Mhz: 1200, Mhz Limit: 1190
Processor Information for processor 9
  Max Mhz: 1700, Current Mhz: 1200, Mhz Limit: 1190
Processor Information for processor 10
  Max Mhz: 1700, Current Mhz: 1200, Mhz Limit: 1190
Processor Information for processor 11
  Max Mhz: 1700, Current Mhz: 1200, Mhz Limit: 1190

Memory: 4k page, system-wide physical 16067M (1855M free)
TotalPageFile size 19440M (AvailPageFile size 2M)
current process WorkingSet (physical memory assigned to process): 215M, peak: 215M
current process commit charge ("private bytes"): 420M, peak: 421M

vm_info: Java HotSpot(TM) 64-Bit Server VM (21.0.7+8-LTS-245) for windows-amd64 JRE (21.0.7+8-LTS-245), built on 2025-02-21T05:11:27Z by "mach5one" with MS VC++ 17.6 (VS2022)

END.
