#
# There is insufficient memory for the Java Runtime Environment to continue.
# Native memory allocation (mmap) failed to map 264241152 bytes for G1 virtual space
# Possible reasons:
#   The system is out of physical RAM or swap space
#   The process is running with CompressedOops enabled, and the Java Heap may be blocking the growth of the native heap
# Possible solutions:
#   Reduce memory load on the system
#   Increase physical memory or swap space
#   Check if swap backing store is full
#   Decrease Java heap size (-Xmx/-Xms)
#   Decrease number of Java threads
#   Decrease Java thread stack sizes (-Xss)
#   Set larger code cache with -XX:ReservedCodeCacheSize=
#   JVM is running with Zero Based Compressed Oops mode in which the Java heap is
#     placed in the first 32GB address space. The Java Heap base address is the
#     maximum limit for the native heap growth. Please use -XX:HeapBaseMinAddress
#     to set the Java Heap base and to place the Java Heap above 32GB virtual address.
# This output file may be truncated or incomplete.
#
#  Out of Memory Error (os_windows.cpp:3603), pid=23408, tid=21164
#
# JRE version:  (21.0.7+8) (build )
# Java VM: Java HotSpot(TM) 64-Bit Server VM (21.0.7+8-LTS-245, mixed mode, sharing, tiered, compressed oops, compressed class ptrs, g1 gc, windows-amd64)
# No core dump will be written. Minidumps are not enabled by default on client versions of Windows
#

---------------  S U M M A R Y ------------

Command Line: -Dnet.bytebuddy.agent.attacher.dump= net.bytebuddy.agent.Attacher com.sun.tools.attach.VirtualMachine 16452 C:\Users\jinwo\.gradle\caches\modules-2\files-2.1\net.bytebuddy\byte-buddy-agent\1.18.10\9426d28828bdcdf42666bb7a68c468279ea78f59\byte-buddy-agent-1.18.10.jar false 

Host: 13th Gen Intel(R) Core(TM) i7-1355U, 12 cores, 15G,  Windows 11 , 64 bit Build 26100 (10.0.26100.9168)
Time: Sat Aug 15 13:33:41 2026  Windows 11 , 64 bit Build 26100 (10.0.26100.9168) elapsed time: 0.059137 seconds (0d 0h 0m 0s)

---------------  T H R E A D  ---------------

Current thread (0x0000014c863b07f0):  JavaThread "Unknown thread" [_thread_in_vm, id=21164, stack(0x0000004587100000,0x0000004587200000) (1024K)]

Stack: [0x0000004587100000,0x0000004587200000]
Native frames: (J=compiled Java code, j=interpreted, Vv=VM code, C=native code)
V  [jvm.dll+0x6cae19]
V  [jvm.dll+0x855741]
V  [jvm.dll+0x857c6e]
V  [jvm.dll+0x858343]
V  [jvm.dll+0x27e0b6]
V  [jvm.dll+0x6c7595]
V  [jvm.dll+0x6bc0fa]
V  [jvm.dll+0x353eaa]
V  [jvm.dll+0x35bb26]
V  [jvm.dll+0x3ae52e]
V  [jvm.dll+0x3ae7d8]
V  [jvm.dll+0x3281bc]
V  [jvm.dll+0x328d1b]
V  [jvm.dll+0x81eaf9]
V  [jvm.dll+0x3bb211]
V  [jvm.dll+0x807d78]
V  [jvm.dll+0x4503ee]
V  [jvm.dll+0x451fe1]
C  [jli.dll+0x52a3]
C  [ucrtbase.dll+0x2cd30]
C  [KERNEL32.DLL+0x2ccb7]
C  [ntdll.dll+0xaad6c]


---------------  P R O C E S S  ---------------

Threads class SMR info:
_java_thread_list=0x00007ff95fd3cc48, length=0, elements={
}

Java Threads: ( => current thread )
Total: 0

Other Threads:
  0x0000014c8879f210 WorkerThread "GC Thread#0"                     [id=12000, stack(0x0000004587200000,0x0000004587300000) (1024K)]
  0x0000014c887afc10 ConcurrentGCThread "G1 Main Marker"            [id=16120, stack(0x0000004587300000,0x0000004587400000) (1024K)]
  0x0000014c887b14a0 WorkerThread "G1 Conc#0"                       [id=11884, stack(0x0000004587400000,0x0000004587500000) (1024K)]

[error occurred during error reporting (printing all threads), id 0xc0000005, EXCEPTION_ACCESS_VIOLATION (0xc0000005) at pc=0x00007ff95f4aa947]
VM state: not at safepoint (not fully initialized)

VM Mutex/Monitor currently owned by a thread:  ([mutex/lock_event])
[0x00007ff95fdadf50] Heap_lock - owner thread: 0x0000014c863b07f0

Heap address: 0x0000000704e00000, size: 4018 MB, Compressed Oops mode: Zero based, Oop shift amount: 3

CDS archive(s) mapped at: [0x0000000000000000-0x0000000000000000-0x0000000000000000), size 0, SharedBaseAddress: 0x0000000800000000, ArchiveRelocationMode: 1.
Narrow klass base: 0x0000000000000000, Narrow klass shift: 0, Narrow klass range: 0x0

GC Precious Log:
 CardTable entry size: 512
 Card Set container configuration: InlinePtr #cards 4 size 8 Array Of Cards #cards 16 size 48 Howl #buckets 8 coarsen threshold 3686 Howl Bitmap #cards 512 size 80 coarsen threshold 460 Card regions per heap region 1 cards per card region 4096

Heap:
 garbage-first heap   total 0K, used 0K [0x0000000704e00000, 0x0000000800000000)
  region size 2048K, 0 young (0K), 0 survivors (0K)

[error occurred during error reporting (printing heap information), id 0xc0000005, EXCEPTION_ACCESS_VIOLATION (0xc0000005) at pc=0x00007ff95f893e79]
GC Heap History (0 events):
No events

Dll operation events (1 events):
Event: 0.025 Loaded shared library C:\Program Files\Java\jdk-21\bin\java.dll

Deoptimization events (0 events):
No events

Classes loaded (0 events):
No events

Classes unloaded (0 events):
No events

Classes redefined (0 events):
No events

Internal exceptions (0 events):
No events

ZGC Phase Switch (0 events):
No events

VM Operations (0 events):
No events

Events (0 events):
No events


Dynamic libraries:
0x00007ff67dce0000 - 0x00007ff67dcf0000 	C:\Program Files\Java\jdk-21\bin\java.exe
0x00007ff9e41a0000 - 0x00007ff9e4406000 	C:\WINDOWS\SYSTEM32\ntdll.dll
0x00007ff9e3950000 - 0x00007ff9e3a19000 	C:\WINDOWS\System32\KERNEL32.DLL
0x00007ff9e1870000 - 0x00007ff9e1c6f000 	C:\WINDOWS\System32\KERNELBASE.dll
0x00007ff9e16e0000 - 0x00007ff9e182c000 	C:\WINDOWS\System32\ucrtbase.dll
0x00007ff9cb090000 - 0x00007ff9cb0a9000 	C:\Program Files\Java\jdk-21\bin\jli.dll
0x00007ff9c9e80000 - 0x00007ff9c9e9b000 	C:\Program Files\Java\jdk-21\bin\VCRUNTIME140.dll
0x00007ff9e3d80000 - 0x00007ff9e3e3c000 	C:\WINDOWS\System32\ADVAPI32.dll
0x00007ff9e33b0000 - 0x00007ff9e3459000 	C:\WINDOWS\System32\msvcrt.dll
0x00007ff9e3470000 - 0x00007ff9e351a000 	C:\WINDOWS\System32\sechost.dll
0x00007ff9e2120000 - 0x00007ff9e2238000 	C:\WINDOWS\System32\RPCRT4.dll
0x00007ff9e3bb0000 - 0x00007ff9e3d76000 	C:\WINDOWS\System32\USER32.dll
0x00007ff9e1840000 - 0x00007ff9e1867000 	C:\WINDOWS\System32\win32u.dll
0x00007ff9e2470000 - 0x00007ff9e249b000 	C:\WINDOWS\System32\GDI32.dll
0x00007ff9c8a30000 - 0x00007ff9c8cc1000 	C:\WINDOWS\WinSxS\amd64_microsoft.windows.common-controls_6595b64144ccf1df_6.0.26100.8972_none_3e0da176e32f9d4b\COMCTL32.dll
0x00007ff9e1440000 - 0x00007ff9e1569000 	C:\WINDOWS\System32\gdi32full.dll
0x00007ff9e1570000 - 0x00007ff9e1613000 	C:\WINDOWS\System32\msvcp_win.dll
0x00007ff9d1940000 - 0x00007ff9d194b000 	C:\WINDOWS\SYSTEM32\VERSION.dll
0x00007ff9e24a0000 - 0x00007ff9e24d2000 	C:\WINDOWS\System32\IMM32.DLL
0x00007ff9dd950000 - 0x00007ff9dd95c000 	C:\Program Files\Java\jdk-21\bin\vcruntime140_1.dll
0x00007ff977090000 - 0x00007ff97711e000 	C:\Program Files\Java\jdk-21\bin\msvcp140.dll
0x00007ff95f170000 - 0x00007ff95fe8a000 	C:\Program Files\Java\jdk-21\bin\server\jvm.dll
0x00007ff9e3520000 - 0x00007ff9e35a2000 	C:\WINDOWS\System32\WS2_32.dll
0x00007ff9e1230000 - 0x00007ff9e128e000 	C:\WINDOWS\SYSTEM32\POWRPROF.dll
0x00007ff9d8810000 - 0x00007ff9d8846000 	C:\WINDOWS\SYSTEM32\WINMM.dll
0x00007ff9e1210000 - 0x00007ff9e1225000 	C:\WINDOWS\SYSTEM32\UMPDC.dll
0x00007ff9e0080000 - 0x00007ff9e009b000 	C:\WINDOWS\SYSTEM32\kernel.appcore.dll
0x00007ff9dd870000 - 0x00007ff9dd87a000 	C:\Program Files\Java\jdk-21\bin\jimage.dll
0x00007ff9df3f0000 - 0x00007ff9df632000 	C:\WINDOWS\SYSTEM32\DBGHELP.DLL
0x00007ff9e35c0000 - 0x00007ff9e3945000 	C:\WINDOWS\System32\combase.dll
0x00007ff9e2040000 - 0x00007ff9e2119000 	C:\WINDOWS\System32\OLEAUT32.dll
0x00007ff9c8db0000 - 0x00007ff9c8deb000 	C:\WINDOWS\SYSTEM32\dbgcore.DLL
0x00007ff9e1e10000 - 0x00007ff9e1ebc000 	C:\WINDOWS\System32\bcryptPrimitives.dll
0x00007ff9c9d30000 - 0x00007ff9c9d4f000 	C:\Program Files\Java\jdk-21\bin\java.dll

dbghelp: loaded successfully - version: 4.0.5 - missing functions: none
symbol engine: initialized successfully - sym options: 0x614 - pdb path: .;C:\Program Files\Java\jdk-21\bin;C:\WINDOWS\SYSTEM32;C:\WINDOWS\WinSxS\amd64_microsoft.windows.common-controls_6595b64144ccf1df_6.0.26100.8972_none_3e0da176e32f9d4b;C:\Program Files\Java\jdk-21\bin\server

VM Arguments:
jvm_args: -Dnet.bytebuddy.agent.attacher.dump= 
java_command: net.bytebuddy.agent.Attacher com.sun.tools.attach.VirtualMachine 16452 C:\Users\jinwo\.gradle\caches\modules-2\files-2.1\net.bytebuddy\byte-buddy-agent\1.18.10\9426d28828bdcdf42666bb7a68c468279ea78f59\byte-buddy-agent-1.18.10.jar false 
java_class_path (initial): C:\Users\jinwo\.gradle\caches\modules-2\files-2.1\net.bytebuddy\byte-buddy-agent\1.18.10\9426d28828bdcdf42666bb7a68c468279ea78f59\byte-buddy-agent-1.18.10.jar
Launcher Type: SUN_STANDARD

[Global flags]
     intx CICompilerCount                          = 4                                         {product} {ergonomic}
     uint ConcGCThreads                            = 3                                         {product} {ergonomic}
     uint G1ConcRefinementThreads                  = 10                                        {product} {ergonomic}
   size_t G1HeapRegionSize                         = 2097152                                   {product} {ergonomic}
    uintx GCDrainStackTargetSize                   = 64                                        {product} {ergonomic}
   size_t InitialHeapSize                          = 264241152                                 {product} {ergonomic}
   size_t MarkStackSize                            = 4194304                                   {product} {ergonomic}
   size_t MaxHeapSize                              = 4213178368                                {product} {ergonomic}
   size_t MinHeapDeltaBytes                        = 2097152                                   {product} {ergonomic}
   size_t MinHeapSize                              = 8388608                                   {product} {ergonomic}
    uintx NonNMethodCodeHeapSize                   = 5839372                                {pd product} {ergonomic}
    uintx NonProfiledCodeHeapSize                  = 122909434                              {pd product} {ergonomic}
    uintx ProfiledCodeHeapSize                     = 122909434                              {pd product} {ergonomic}
    uintx ReservedCodeCacheSize                    = 251658240                              {pd product} {ergonomic}
     bool SegmentedCodeCache                       = true                                      {product} {ergonomic}
   size_t SoftMaxHeapSize                          = 4213178368                             {manageable} {ergonomic}
     bool UseCompressedOops                        = true                           {product lp64_product} {ergonomic}
     bool UseG1GC                                  = true                                      {product} {ergonomic}
     bool UseLargePagesIndividualAllocation        = false                                  {pd product} {ergonomic}

Logging:
Log output configuration:
 #0: stdout all=warning uptime,level,tags foldmultilines=false
 #1: stderr all=off uptime,level,tags foldmultilines=false

Environment Variables:
JAVA_HOME=C:\Program Files\Java\jdk-21
CLASSPATH=C:\Program Files\Java\jdk-21\lib
PATH=C:\Users\jinwo\bin;C:\Program Files\Git\mingw64\bin;C:\Program Files\Git\usr\local\bin;C:\Program Files\Git\usr\bin;C:\Program Files\Git\usr\bin;C:\Program Files\Git\mingw64\bin;C:\Program Files\Git\usr\bin;C:\Users\jinwo\bin;C:\Users\jinwo\AppData\Roaming\Microsoft\Windows\Start Menu\Programs\Python 3.10;C:\Users\¹ÚÁø¿ì\AppData\Roaming\Microsoft\Windows\Start Menu\Programs\Python 3.13;C:\WINDOWS\system32;C:\WINDOWS;C:\WINDOWS\System32\Wbem;C:\WINDOWS\System32\WindowsPowerShell\v1.0;C:\WINDOWS\System32\OpenSSH;C:\Program Files\dotnet;C:\tools\gradle-8.12\bin;C:\Program Files\Oracle\VirtualBox;C:\Program Files\Java\jdk-21\bin;C:\Windows\System32;C:\Program Files\PostgreSQL\16\bin;C:\Users\jinwo\AppData\Local\Android\Sdk\platform-tools;C:\Program Files (x86)\Windows Kits\10\Windows Performance Toolkit;C:\Users\jinwo\AppData\Local\nvm;C:\Program Files\nodejs;C:\Users\jinwo\AppData\Local\nvm;C:\Users\jinwo\AppData\Local\nvm\v10.24.1;C:\Program Files (x86)\PuTTY;C:\Program Files\Git\cmd;C:\Users\jinwo\AppData\Local\Programs\Python\Python311\Scripts;C:\Program Files\Microsoft\Azure Functions Core Tools;C:\Program Files\Docker\Docker\resources\bin;C:\Users\jinwo\AppData\Local\Programs\Python\Python311\Scripts;C:\Users\jinwo\AppData\Local\Programs\Python\Python311;C:\Users\jinwo\.cargo\bin;C:\Users\jinwo\AppData\Local\Programs\Eclipse Adoptium\jdk-8.0.472.8-hotspot\bin;C:\Users\jinwo\AppData\Local\Microsoft\WindowsApps;C:\Users\jinwo\AppData\Local\Programs\Microsoft VS Code\bin;C:\Users\jinwo\.local\bin;C:\Program Files\Git\usr\bin\vendor_perl;C:\Program Files\Git\usr\bin\core_perl
USERNAME=jinwo
SHELL=C:\Program Files\Git\usr\bin\bash.exe
TERM=xterm-256color
OS=Windows_NT
PROCESSOR_IDENTIFIER=Intel64 Family 6 Model 186 Stepping 3, GenuineIntel
TMP=C:\Users\jinwo\AppData\Local\Temp
TEMP=C:\Users\jinwo\AppData\Local\Temp




Periodic native trim disabled

---------------  S Y S T E M  ---------------

OS:
 Windows 11 , 64 bit Build 26100 (10.0.26100.9168)
OS uptime: 2 days 13:39 hours
Hyper-V role detected

CPU: total 12 (initial active 12) (6 cores per cpu, 2 threads per core) family 6 model 186 stepping 3 microcode 0x411f, cx8, cmov, fxsr, ht, mmx, 3dnowpref, sse, sse2, sse3, ssse3, sse4.1, sse4.2, popcnt, lzcnt, tsc, tscinvbit, avx, avx2, aes, erms, clmul, bmi1, bmi2, adx, sha, fma, vzeroupper, clflush, clflushopt, clwb, hv, serialize, rdtscp, rdpid, fsrm, f16c, cet_ibt, cet_ss
Processor Information for processor 0
  Max Mhz: 1700, Current Mhz: 1700, Mhz Limit: 1700
Processor Information for processor 1
  Max Mhz: 1700, Current Mhz: 1700, Mhz Limit: 1700
Processor Information for processor 2
  Max Mhz: 1700, Current Mhz: 1700, Mhz Limit: 1700
Processor Information for processor 3
  Max Mhz: 1700, Current Mhz: 1700, Mhz Limit: 1700
Processor Information for processor 4
  Max Mhz: 1700, Current Mhz: 1200, Mhz Limit: 1190
Processor Information for processor 5
  Max Mhz: 1700, Current Mhz: 1200, Mhz Limit: 1190
Processor Information for processor 6
  Max Mhz: 1700, Current Mhz: 1200, Mhz Limit: 1190
Processor Information for processor 7
  Max Mhz: 1700, Current Mhz: 1200, Mhz Limit: 1190
Processor Information for processor 8
  Max Mhz: 1700, Current Mhz: 1200, Mhz Limit: 1190
Processor Information for processor 9
  Max Mhz: 1700, Current Mhz: 1200, Mhz Limit: 1190
Processor Information for processor 10
  Max Mhz: 1700, Current Mhz: 1200, Mhz Limit: 1190
Processor Information for processor 11
  Max Mhz: 1700, Current Mhz: 1200, Mhz Limit: 1190

Memory: 4k page, system-wide physical 16067M (1120M free)
TotalPageFile size 19440M (AvailPageFile size 142M)
current process WorkingSet (physical memory assigned to process): 13M, peak: 13M
current process commit charge ("private bytes"): 64M, peak: 316M

vm_info: Java HotSpot(TM) 64-Bit Server VM (21.0.7+8-LTS-245) for windows-amd64 JRE (21.0.7+8-LTS-245), built on 2025-02-21T05:11:27Z by "mach5one" with MS VC++ 17.6 (VS2022)

END.
